Component: ARM Compiler 5.06 update 5 (build 528) Tool: armlink [4d35e2]

==============================================================================

Section Cross References

    startup_stm32g431xx.o(RESET) refers to startup_stm32g431xx.o(STACK) for __initial_sp
    startup_stm32g431xx.o(RESET) refers to startup_stm32g431xx.o(.text) for Reset_Handler
    startup_stm32g431xx.o(RESET) refers to stm32g4xx_it.o(i.NMI_Handler) for NMI_Handler
    startup_stm32g431xx.o(RESET) refers to stm32g4xx_it.o(i.HardFault_Handler) for HardFault_Handler
    startup_stm32g431xx.o(RESET) refers to stm32g4xx_it.o(i.MemManage_Handler) for MemManage_Handler
    startup_stm32g431xx.o(RESET) refers to stm32g4xx_it.o(i.BusFault_Handler) for BusFault_Handler
    startup_stm32g431xx.o(RESET) refers to stm32g4xx_it.o(i.UsageFault_Handler) for UsageFault_Handler
    startup_stm32g431xx.o(RESET) refers to stm32g4xx_it.o(i.SVC_Handler) for SVC_Handler
    startup_stm32g431xx.o(RESET) refers to stm32g4xx_it.o(i.DebugMon_Handler) for DebugMon_Handler
    startup_stm32g431xx.o(RESET) refers to stm32g4xx_it.o(i.PendSV_Handler) for PendSV_Handler
    startup_stm32g431xx.o(RESET) refers to stm32g4xx_it.o(i.SysTick_Handler) for SysTick_Handler
    startup_stm32g431xx.o(RESET) refers to stm32g4xx_it.o(i.TIM1_BRK_TIM15_IRQHandler) for TIM1_BRK_TIM15_IRQHandler
    startup_stm32g431xx.o(RESET) refers to stm32g4xx_it.o(i.USART1_IRQHandler) for USART1_IRQHandler
    startup_stm32g431xx.o(RESET) refers to stm32g4xx_it.o(i.LPUART1_IRQHandler) for LPUART1_IRQHandler
    startup_stm32g431xx.o(.text) refers to system_stm32g4xx.o(i.SystemInit) for SystemInit
    startup_stm32g431xx.o(.text) refers to entry.o(.ARM.Collect$$$$00000000) for __main
    main.o(i.Beep_Once_At_Startup) refers to stm32g4xx_hal_tim.o(i.HAL_TIM_PWM_Start) for HAL_TIM_PWM_Start
    main.o(i.Beep_Once_At_Startup) refers to main.o(i.DELAY_1MS) for DELAY_1MS
    main.o(i.Beep_Once_At_Startup) refers to stm32g4xx_hal_tim.o(i.HAL_TIM_PWM_Stop) for HAL_TIM_PWM_Stop
    main.o(i.Beep_Once_At_Startup) refers to tim.o(.bss) for htim3
    main.o(i.Flash_CheckBusy) refers to stm32g4xx_hal_gpio.o(i.HAL_GPIO_WritePin) for HAL_GPIO_WritePin
    main.o(i.Flash_CheckBusy) refers to stm32g4xx_hal_spi.o(i.HAL_SPI_Transmit) for HAL_SPI_Transmit
    main.o(i.Flash_CheckBusy) refers to stm32g4xx_hal_spi.o(i.HAL_SPI_Receive) for HAL_SPI_Receive
    main.o(i.Flash_CheckBusy) refers to spi.o(.bss) for hspi3
    main.o(i.Flash_EraseSector) refers to main.o(i.Flash_WriteEnable) for Flash_WriteEnable
    main.o(i.Flash_EraseSector) refers to stm32g4xx_hal_gpio.o(i.HAL_GPIO_WritePin) for HAL_GPIO_WritePin
    main.o(i.Flash_EraseSector) refers to stm32g4xx_hal_spi.o(i.HAL_SPI_Transmit) for HAL_SPI_Transmit
    main.o(i.Flash_EraseSector) refers to main.o(i.DELAY_1MS) for DELAY_1MS
    main.o(i.Flash_EraseSector) refers to printf8.o(i.__0printf$8) for __2printf
    main.o(i.Flash_EraseSector) refers to main.o(i.Flash_CheckBusy) for Flash_CheckBusy
    main.o(i.Flash_EraseSector) refers to main.o(i.Flash_ReadByte) for Flash_ReadByte
    main.o(i.Flash_EraseSector) refers to spi.o(.bss) for hspi3
    main.o(i.Flash_EraseSector) refers to main.o(.data) for .data
    main.o(i.Flash_Init) refers to main.o(i.Flash_ReadByte) for Flash_ReadByte
    main.o(i.Flash_Init) refers to main.o(i.Flash_ReadString) for Flash_ReadString
    main.o(i.Flash_Init) refers to strlen.o(.text) for strlen
    main.o(i.Flash_Init) refers to printf8.o(i.__0printf$8) for __2printf
    main.o(i.Flash_Init) refers to main.o(.data) for .data
    main.o(i.Flash_Init) refers to main.o(.conststring) for .conststring
    main.o(i.Flash_ReadByte) refers to stm32g4xx_hal_gpio.o(i.HAL_GPIO_WritePin) for HAL_GPIO_WritePin
    main.o(i.Flash_ReadByte) refers to stm32g4xx_hal_spi.o(i.HAL_SPI_Transmit) for HAL_SPI_Transmit
    main.o(i.Flash_ReadByte) refers to stm32g4xx_hal_spi.o(i.HAL_SPI_Receive) for HAL_SPI_Receive
    main.o(i.Flash_ReadByte) refers to spi.o(.bss) for hspi3
    main.o(i.Flash_ReadString) refers to main.o(i.Flash_ReadByte) for Flash_ReadByte
    main.o(i.Flash_WriteByte) refers to main.o(i.Flash_WriteEnable) for Flash_WriteEnable
    main.o(i.Flash_WriteByte) refers to stm32g4xx_hal_gpio.o(i.HAL_GPIO_WritePin) for HAL_GPIO_WritePin
    main.o(i.Flash_WriteByte) refers to stm32g4xx_hal_spi.o(i.HAL_SPI_Transmit) for HAL_SPI_Transmit
    main.o(i.Flash_WriteByte) refers to main.o(i.DELAY_1MS) for DELAY_1MS
    main.o(i.Flash_WriteByte) refers to main.o(i.Flash_CheckBusy) for Flash_CheckBusy
    main.o(i.Flash_WriteByte) refers to spi.o(.bss) for hspi3
    main.o(i.Flash_WriteBytes) refers to main.o(i.Flash_WriteEnable) for Flash_WriteEnable
    main.o(i.Flash_WriteBytes) refers to stm32g4xx_hal_gpio.o(i.HAL_GPIO_WritePin) for HAL_GPIO_WritePin
    main.o(i.Flash_WriteBytes) refers to stm32g4xx_hal_spi.o(i.HAL_SPI_Transmit) for HAL_SPI_Transmit
    main.o(i.Flash_WriteBytes) refers to main.o(i.Flash_CheckBusy) for Flash_CheckBusy
[...]
    ../clib/microlib/init/entry.s            0x00000000   Number         0  entry10b.o ABSOLUTE
    ../clib/microlib/init/entry.s            0x00000000   Number         0  entry11b.o ABSOLUTE
    ../clib/microlib/longlong.c              0x00000000   Number         0  llshl.o ABSOLUTE
    ../clib/microlib/longlong.c              0x00000000   Number         0  llushr.o ABSOLUTE
    ../clib/microlib/longlong.c              0x00000000   Number         0  llsshr.o ABSOLUTE
    ../clib/microlib/printf/printf.c         0x00000000   Number         0  printfb.o ABSOLUTE
    ../clib/microlib/printf/printf.c         0x00000000   Number         0  printfa.o ABSOLUTE
    ../clib/microlib/printf/printf.c         0x00000000   Number         0  printf6.o ABSOLUTE
    ../clib/microlib/printf/printf.c         0x00000000   Number         0  printf5.o ABSOLUTE
    ../clib/microlib/printf/printf.c         0x00000000   Number         0  printf7.o ABSOLUTE
    ../clib/microlib/printf/printf.c         0x00000000   Number         0  printf8.o ABSOLUTE
    ../clib/microlib/printf/printf.c         0x00000000   Number         0  printf3.o ABSOLUTE
    ../clib/microlib/printf/printf.c         0x00000000   Number         0  printf2.o ABSOLUTE
    ../clib/microlib/printf/printf.c         0x00000000   Number         0  printf1.o ABSOLUTE
    ../clib/microlib/printf/printf.c         0x00000000   Number         0  printf4.o ABSOLUTE
    ../clib/microlib/printf/printf.c         0x00000000   Number         0  printf0.o ABSOLUTE
    ../clib/microlib/printf/stubs.s          0x00000000   Number         0  stubs.o ABSOLUTE
    ../clib/microlib/stdio/streams.c         0x00000000   Number         0  stdout.o ABSOLUTE
    ../clib/microlib/string/memset.c         0x00000000   Number         0  memseta.o ABSOLUTE
    ../clib/microlib/string/strlen.c         0x00000000   Number         0  strlen.o ABSOLUTE
    ../clib/microlib/stubs.s                 0x00000000   Number         0  iusefp.o ABSOLUTE
    ../clib/scanf.c                          0x00000000   Number         0  __0sscanf.o ABSOLUTE
    ../clib/scanf.c                          0x00000000   Number         0  _scanf_int.o ABSOLUTE
    ../clib/scanf.c                          0x00000000   Number         0  _chval.o ABSOLUTE
    ../clib/scanf.c                          0x00000000   Number         0  scanf_char.o ABSOLUTE
    ../clib/scanf.c                          0x00000000   Number         0  _sgetc.o ABSOLUTE
    ../clib/scanf.c                          0x00000000   Number         0  _scanf.o ABSOLUTE
    ../fplib/microlib/fpadd.c                0x00000000   Number         0  dadd.o ABSOLUTE
    ../fplib/microlib/fpdiv.c                0x00000000   Number         0  ddiv.o ABSOLUTE
    ../fplib/microlib/fpepilogue.c           0x00000000   Number         0  depilogue.o ABSOLUTE
    ../fplib/microlib/fpfix.c                0x00000000   Number         0  dfixul.o ABSOLUTE
    ../fplib/microlib/fpmul.c                0x00000000   Number         0  dmul.o ABSOLUTE
    ..\Core\Src\gpio.c                       0x00000000   Number         0  gpio.o ABSOLUTE
    ..\Core\Src\i2c.c                        0x00000000   Number         0  i2c.o ABSOLUTE
    ..\Core\Src\main.c                       0x00000000   Number         0  main.o ABSOLUTE
    ..\Core\Src\spi.c                        0x00000000   Number         0  spi.o ABSOLUTE
    ..\Core\Src\stm32g4xx_hal_msp.c          0x00000000   Number         0  stm32g4xx_hal_msp.o ABSOLUTE
    ..\Core\Src\stm32g4xx_hal_timebase_tim.c 0x00000000   Number         0  stm32g4xx_hal_timebase_tim.o ABSOLUTE
    ..\Core\Src\stm32g4xx_it.c               0x00000000   Number         0  stm32g4xx_it.o ABSOLUTE
    ..\Core\Src\system_stm32g4xx.c           0x00000000   Number         0  system_stm32g4xx.o ABSOLUTE
    ..\Core\Src\tim.c                        0x00000000   Number         0  tim.o ABSOLUTE
    ..\Core\Src\usart.c                      0x00000000   Number         0  usart.o ABSOLUTE
    ..\Drivers\STM32G4xx_HAL_Driver\Src\stm32g4xx_hal.c 0x00000000   Number         0  stm32g4xx_hal.o ABSOLUTE
    ..\Drivers\STM32G4xx_HAL_Driver\Src\stm32g4xx_hal_cortex.c 0x00000000   Number         0  stm32g4xx_hal_cortex.o ABSOLUTE
    ..\Drivers\STM32G4xx_HAL_Driver\Src\stm32g4xx_hal_dma.c 0x00000000   Number         0  stm32g4xx_hal_dma.o ABSOLUTE
    ..\Drivers\STM32G4xx_HAL_Driver\Src\stm32g4xx_hal_dma_ex.c 0x00000000   Number         0  stm32g4xx_hal_dma_ex.o ABSOLUTE
    ..\Drivers\STM32G4xx_HAL_Driver\Src\stm32g4xx_hal_exti.c 0x00000000   Number         0  stm32g4xx_hal_exti.o ABSOLUTE
    ..\Drivers\STM32G4xx_HAL_Driver\Src\stm32g4xx_hal_flash.c 0x00000000   Number         0  stm32g4xx_hal_flash.o ABSOLUTE
    ..\Drivers\STM32G4xx_HAL_Driver\Src\stm32g4xx_hal_flash_ex.c 0x00000000   Number         0  stm32g4xx_hal_flash_ex.o ABSOLUTE
    ..\Drivers\STM32G4xx_HAL_Driver\Src\stm32g4xx_hal_flash_ramfunc.c 0x00000000   Number         0  stm32g4xx_hal_flash_ramfunc.o ABSOLUTE
    ..\Drivers\STM32G4xx_HAL_Driver\Src\stm32g4xx_hal_gpio.c 0x00000000   Number         0  stm32g4xx_hal_gpio.o ABSOLUTE
    ..\Drivers\STM32G4xx_HAL_Driver\Src\stm32g4xx_hal_i2c.c 0x00000000   Number         0  stm32g4xx_hal_i2c.o ABSOLUTE
    ..\Drivers\STM32G4xx_HAL_Driver\Src\stm32g4xx_hal_i2c_ex.c 0x00000000   Number         0  stm32g4xx_hal_i2c_ex.o ABSOLUTE
    ..\Drivers\STM32G4xx_HAL_Driver\Src\stm32g4xx_hal_pwr.c 0x00000000   Number         0  stm32g4xx_hal_pwr.o ABSOLUTE
    ..\Drivers\STM32G4xx_HAL_Driver\Src\stm32g4xx_hal_pwr_ex.c 0x00000000   Number         0  stm32g4xx_hal_pwr_ex.o ABSOLUTE
    ..\Drivers\STM32G4xx_HAL_Driver\Src\stm32g4xx_hal_rcc.c 0x00000000   Number         0  stm32g4xx_hal_rcc.o ABSOLUTE
    ..\Drivers\STM32G4xx_HAL_Driver\Src\stm32g4xx_hal_rcc_ex.c 0x00000000   Number         0  stm32g4xx_hal_rcc_ex.o ABSOLUTE
    ..\Drivers\STM32G4xx_HAL_Driver\Src\stm32g4xx_hal_spi.c 0x00000000   Number         0  stm32g4xx_hal_spi.o ABSOLUTE
    ..\Drivers\STM32G4xx_HAL_Driver\Src\stm32g4xx_hal_spi_ex.c 0x00000000   Number         0  stm32g4xx_hal_spi_ex.o ABSOLUTE
    ..\Drivers\STM32G4xx_HAL_Driver\Src\stm32g4xx_hal_tim.c 0x00000000   Number         0  stm32g4xx_hal_tim.o ABSOLUTE
    ..\Drivers\STM32G4xx_HAL_Driver\Src\stm32g4xx_hal_tim_ex.c 0x00000000   Number         0  stm32g4xx_hal_tim_ex.o ABSOLUTE
    ..\Drivers\STM32G4xx_HAL_Driver\Src\stm32g4xx_hal_uart.c 0x00000000   Number         0  stm32g4xx_hal_uart.o ABSOLUTE
    ..\Drivers\STM32G4xx_HAL_Driver\Src\stm32g4xx_hal_uart_ex.c 0x00000000   Number         0  stm32g4xx_hal_uart_ex.o ABSOLUTE
    cdrcmple.s                               0x00000000   Number         0  cdrcmple.o ABSOLUTE
    dc.s                                     0x00000000   Number         0  dc.o ABSOLUTE
    handlers.s                               0x00000000   Number         0  handlers.o ABSOLUTE
    init.s                                   0x00000000   Number         0  init.o ABSOLUTE
    startup_stm32g431xx.s                    0x00000000   Number         0  startup_stm32g431xx.o ABSOLUTE
    RESET                                    0x08000000   Section      472  startup_stm32g431xx.o(RESET)
    .ARM.Collect$$$$00000000                 0x080001d8   Section        0  entry.o(.ARM.Collect$$$$00000000)
    .ARM.Collect$$$$00000001                 0x080001d8   Section        4  entry2.o(.ARM.Collect$$$$00000001)
    .ARM.Collect$$$$00000004                 0x080001dc   Section        4  entry5.o(.ARM.Collect$$$$00000004)
    .ARM.Collect$$$$00000008                 0x080001e0   Section        0  entry7b.o(.ARM.Collect$$$$00000008)
    .ARM.Collect$$$$0000000A                 0x080001e0   Section        0  entry8b.o(.ARM.Collect$$$$0000000A)
    .ARM.Collect$$$$0000000B                 0x080001e0   Section        8  entry9a.o(.ARM.Collect$$$$0000000B)
    .ARM.Collect$$$$0000000D                 0x080001e8   Section        0  entry10a.o(.ARM.Collect$$$$0000000D)
    .ARM.Collect$$$$0000000F                 0x080001e8   Section        0  entry11a.o(.ARM.Collect$$$$0000000F)
    .ARM.Collect$$$$00002712                 0x080001e8   Section        4  entry2.o(.ARM.Collect$$$$00002712)
    __lit__00000000                          0x080001e8   Data           4  entry2.o(.ARM.Collect$$$$00002712)
    .text                                    0x080001ec   Section       36  startup_stm32g431xx.o(.text)
    $v0                                      0x080001ec   Number         0  startup_stm32g431xx.o(.text)
    .text                                    0x08000210   Section        0  uldiv.o(.text)
    .text                                    0x08000272   Section        0  memseta.o(.text)
    .text                                    0x08000296   Section        0  strlen.o(.text)
    .text                                    0x080002a4   Section        0  __0sscanf.o(.text)
    .text                                    0x080002dc   Section        0  _scanf_int.o(.text)
    .text                                    0x08000428   Section        0  llshl.o(.text)
    .text                                    0x08000446   Section        0  llushr.o(.text)
    .text                                    0x08000466   Section        0  _chval.o(.text)
    .text                                    0x08000484   Section        0  scanf_char.o(.text)
    _scanf_char_input                        0x08000485   Thumb Code    12  scanf_char.o(.text)
    .text                                    0x080004ac   Section        0  _sgetc.o(.text)
    .text                                    0x080004ec   Section       36  init.o(.text)
    .text                                    0x08000510   Section        0  isspace_c.o(.text)
    .text                                    0x0800051c   Section        0  _scanf.o(.text)
    .text                                    0x08000848   Section        0  ctype_c.o(.text)
    i.Beep_Once_At_Startup                   0x08000870   Section        0  main.o(i.Beep_Once_At_Startup)
    i.BusFault_Handler                       0x080008cc   Section        0  stm32g4xx_it.o(i.BusFault_Handler)
    i.DELAY_1MS                              0x080008d0   Section        0  main.o(i.DELAY_1MS)
    i.DebugMon_Handler                       0x080008e0   Section        0  stm32g4xx_it.o(i.DebugMon_Handler)
    i.Error_Handler                          0x080008e2   Section        0  main.o(i.Error_Handler)
    i.Flash_CheckBusy                        0x080008e8   Section        0  main.o(i.Flash_CheckBusy)
    i.Flash_EraseSector                      0x08000938   Section        0  main.o(i.Flash_EraseSector)
    i.Flash_Init                             0x08000a0c   Section        0  main.o(i.Flash_Init)
    i.Flash_ReadByte                         0x08000a7c   Section        0  main.o(i.Flash_ReadByte)
    i.Flash_ReadString                       0x08000ad4   Section        0  main.o(i.Flash_ReadString)
    i.Flash_WriteByte                        0x08000b14   Section        0  main.o(i.Flash_WriteByte)
    i.Flash_WriteBytes                       0x08000b80   Section        0  main.o(i.Flash_WriteBytes)
    i.Flash_WriteEnable                      0x08000c14   Section        0  main.o(i.Flash_WriteEnable)
    i.Flash_WriteString                      0x08000c4c   Section        0  main.o(i.Flash_WriteString)
    i.Func1_Add_1                            0x08000ca4   Section        0  main.o(i.Func1_Add_1)
    i.Func3_Read_All                         0x08000d60   Section        0  main.o(i.Func3_Read_All)
    i.HAL_DMA_Abort                          0x08000e74   Section        0  stm32g4xx_hal_dma.o(i.HAL_DMA_Abort)
    i.HAL_DMA_Abort_IT                       0x08000eea   Section        0  stm32g4xx_hal_dma.o(i.HAL_DMA_Abort_IT)
    i.HAL_GPIO_Init                          0x08000f80   Section        0  stm32g4xx_hal_gpio.o(i.HAL_GPIO_Init)
    i.HAL_GPIO_WritePin                      0x0800114c   Section        0  stm32g4xx_hal_gpio.o(i.HAL_GPIO_WritePin)
    i.HAL_GetTick                            0x08001158   Section        0  stm32g4xx_hal.o(i.HAL_GetTick)
    i.HAL_I2CEx_ConfigAnalogFilter           0x08001164   Section        0  stm32g4xx_hal_i2c_ex.o(i.HAL_I2CEx_ConfigAnalogFilter)
    i.HAL_I2CEx_ConfigDigitalFilter          0x080011ce   Section        0  stm32g4xx_hal_i2c_ex.o(i.HAL_I2CEx_ConfigDigitalFilter)
    i.HAL_I2CEx_EnableFastModePlus           0x08001238   Section        0  stm32g4xx_hal_i2c_ex.o(i.HAL_I2CEx_EnableFastModePlus)
    i.HAL_I2C_Init                           0x0800126c   Section        0  stm32g4xx_hal_i2c.o(i.HAL_I2C_Init)
    i.HAL_I2C_MspInit                        0x08001344   Section        0  i2c.o(i.HAL_I2C_MspInit)
    i.HAL_IncTick                            0x080013dc   Section        0  stm32g4xx_hal.o(i.HAL_IncTick)
    i.HAL_Init                               0x080013f4   Section        0  stm32g4xx_hal.o(i.HAL_Init)
    i.HAL_InitTick                           0x08001414   Section        0  stm32g4xx_hal_timebase_tim.o(i.HAL_InitTick)
    i.HAL_MspInit                            0x080014b0   Section        0  stm32g4xx_hal_msp.o(i.HAL_MspInit)
    i.HAL_NVIC_EnableIRQ                     0x080014f4   Section        0  stm32g4xx_hal_cortex.o(i.HAL_NVIC_EnableIRQ)
    i.HAL_NVIC_SetPriority                   0x0800151c   Section        0  stm32g4xx_hal_cortex.o(i.HAL_NVIC_SetPriority)
    i.HAL_NVIC_SetPriorityGrouping           0x08001598   Section        0  stm32g4xx_hal_cortex.o(i.HAL_NVIC_SetPriorityGrouping)
    i.HAL_PWREx_ControlVoltageScaling        0x080015c0   Section        0  stm32g4xx_hal_pwr_ex.o(i.HAL_PWREx_ControlVoltageScaling)
    i.HAL_PWREx_DisableUCPDDeadBattery       0x080016d8   Section        0  stm32g4xx_hal_pwr_ex.o(i.HAL_PWREx_DisableUCPDDeadBattery)
    i.HAL_RCCEx_PeriphCLKConfig              0x080016ec   Section        0  stm32g4xx_hal_rcc_ex.o(i.HAL_RCCEx_PeriphCLKConfig)
    i.HAL_RCC_ClockConfig                    0x08001a5c   Section        0  stm32g4xx_hal_rcc.o(i.HAL_RCC_ClockConfig)
    i.HAL_RCC_GetClockConfig                 0x08001c80   Section        0  stm32g4xx_hal_rcc.o(i.HAL_RCC_GetClockConfig)
    i.HAL_RCC_GetHCLKFreq                    0x08001cc4   Section        0  stm32g4xx_hal_rcc.o(i.HAL_RCC_GetHCLKFreq)
    i.HAL_RCC_GetPCLK1Freq                   0x08001cd0   Section        0  stm32g4xx_hal_rcc.o(i.HAL_RCC_GetPCLK1Freq)
    i.HAL_RCC_GetPCLK2Freq                   0x08001cf4   Section        0  stm32g4xx_hal_rcc.o(i.HAL_RCC_GetPCLK2Freq)
    i.HAL_RCC_GetSysClockFreq                0x08001d18   Section        0  stm32g4xx_hal_rcc.o(i.HAL_RCC_GetSysClockFreq)
    i.HAL_RCC_OscConfig                      0x08001db0   Section        0  stm32g4xx_hal_rcc.o(i.HAL_RCC_OscConfig)
    i.HAL_SPI_Init                           0x0800230c   Section        0  stm32g4xx_hal_spi.o(i.HAL_SPI_Init)
    i.HAL_SPI_MspInit                        0x080023f8   Section        0  spi.o(i.HAL_SPI_MspInit)
    i.HAL_SPI_Receive                        0x0800245c   Section        0  stm32g4xx_hal_spi.o(i.HAL_SPI_Receive)
    i.HAL_SPI_Transmit                       0x080025da   Section        0  stm32g4xx_hal_spi.o(i.HAL_SPI_Transmit)
    i.HAL_SPI_TransmitReceive                0x08002768   Section        0  stm32g4xx_hal_spi.o(i.HAL_SPI_TransmitReceive)
    i.HAL_TIMEx_Break2Callback               0x080029da   Section        0  stm32g4xx_hal_tim_ex.o(i.HAL_TIMEx_Break2Callback)
    i.HAL_TIMEx_BreakCallback                0x080029dc   Section        0  stm32g4xx_hal_tim_ex.o(i.HAL_TIMEx_BreakCallback)
    i.HAL_TIMEx_CommutCallback               0x080029de   Section        0  stm32g4xx_hal_tim_ex.o(i.HAL_TIMEx_CommutCallback)
    i.HAL_TIMEx_ConfigBreakDeadTime          0x080029e0   Section        0  stm32g4xx_hal_tim_ex.o(i.HAL_TIMEx_ConfigBreakDeadTime)
    i.HAL_TIMEx_DirectionChangeCallback      0x08002aa8   Section        0  stm32g4xx_hal_tim_ex.o(i.HAL_TIMEx_DirectionChangeCallback)
    i.HAL_TIMEx_EncoderIndexCallback         0x08002aaa   Section        0  stm32g4xx_hal_tim_ex.o(i.HAL_TIMEx_EncoderIndexCallback)
    i.HAL_TIMEx_IndexErrorCallback           0x08002aac   Section        0  stm32g4xx_hal_tim_ex.o(i.HAL_TIMEx_IndexErrorCallback)
    i.HAL_TIMEx_MasterConfigSynchronization  0x08002ab0   Section        0  stm32g4xx_hal_tim_ex.o(i.HAL_TIMEx_MasterConfigSynchronization)
    i.HAL_TIMEx_TransitionErrorCallback      0x08002b68   Section        0  stm32g4xx_hal_tim_ex.o(i.HAL_TIMEx_TransitionErrorCallback)
    i.HAL_TIM_Base_Init                      0x08002b6a   Section        0  stm32g4xx_hal_tim.o(i.HAL_TIM_Base_Init)
    i.HAL_TIM_Base_MspInit                   0x08002bd8   Section        0  stm32g4xx_hal_tim.o(i.HAL_TIM_Base_MspInit)
    i.HAL_TIM_Base_Start_IT                  0x08002bdc   Section        0  stm32g4xx_hal_tim.o(i.HAL_TIM_Base_Start_IT)
    i.HAL_TIM_IC_CaptureCallback             0x08002c78   Section        0  stm32g4xx_hal_tim.o(i.HAL_TIM_IC_CaptureCallback)
    i.HAL_TIM_IRQHandler                     0x08002c7a   Section        0  stm32g4xx_hal_tim.o(i.HAL_TIM_IRQHandler)
    i.HAL_TIM_MspPostInit                    0x08002e9c   Section        0  tim.o(i.HAL_TIM_MspPostInit)
    i.HAL_TIM_OC_ConfigChannel               0x08002f40   Section        0  stm32g4xx_hal_tim.o(i.HAL_TIM_OC_ConfigChannel)
    i.HAL_TIM_OC_DelayElapsedCallback        0x08002fd0   Section        0  stm32g4xx_hal_tim.o(i.HAL_TIM_OC_DelayElapsedCallback)
    i.HAL_TIM_OC_Init                        0x08002fd2   Section        0  stm32g4xx_hal_tim.o(i.HAL_TIM_OC_Init)
    i.HAL_TIM_OC_MspInit                     0x08003040   Section        0  tim.o(i.HAL_TIM_OC_MspInit)
    i.HAL_TIM_PWM_ConfigChannel              0x0800307c   Section        0  stm32g4xx_hal_tim.o(i.HAL_TIM_PWM_ConfigChannel)
    i.HAL_TIM_PWM_Init                       0x080031ec   Section        0  stm32g4xx_hal_tim.o(i.HAL_TIM_PWM_Init)
    i.HAL_TIM_PWM_MspInit                    0x0800325c   Section        0  tim.o(i.HAL_TIM_PWM_MspInit)
    i.HAL_TIM_PWM_PulseFinishedCallback      0x08003298   Section        0  stm32g4xx_hal_tim.o(i.HAL_TIM_PWM_PulseFinishedCallback)
    i.HAL_TIM_PWM_Start                      0x0800329c   Section        0  stm32g4xx_hal_tim.o(i.HAL_TIM_PWM_Start)
    i.HAL_TIM_PWM_Stop                       0x080033e8   Section        0  stm32g4xx_hal_tim.o(i.HAL_TIM_PWM_Stop)
    i.HAL_TIM_PeriodElapsedCallback          0x080034cc   Section        0  main.o(i.HAL_TIM_PeriodElapsedCallback)
    i.HAL_TIM_TriggerCallback                0x080034e0   Section        0  stm32g4xx_hal_tim.o(i.HAL_TIM_TriggerCallback)
    i.HAL_UARTEx_DisableFifoMode             0x080034e2   Section        0  stm32g4xx_hal_uart_ex.o(i.HAL_UARTEx_DisableFifoMode)
    i.HAL_UARTEx_RxEventCallback             0x08003530   Section        0  stm32g4xx_hal_uart.o(i.HAL_UARTEx_RxEventCallback)
    i.HAL_UARTEx_RxFifoFullCallback          0x08003532   Section        0  stm32g4xx_hal_uart_ex.o(i.HAL_UARTEx_RxFifoFullCallback)
    i.HAL_UARTEx_SetRxFifoThreshold          0x08003534   Section        0  stm32g4xx_hal_uart_ex.o(i.HAL_UARTEx_SetRxFifoThreshold)
    i.HAL_UARTEx_SetTxFifoThreshold          0x08003592   Section        0  stm32g4xx_hal_uart_ex.o(i.HAL_UARTEx_SetTxFifoThreshold)
    i.HAL_UARTEx_TxFifoEmptyCallback         0x080035f0   Section        0  stm32g4xx_hal_uart_ex.o(i.HAL_UARTEx_TxFifoEmptyCallback)
    i.HAL_UARTEx_WakeupCallback              0x080035f2   Section        0  stm32g4xx_hal_uart_ex.o(i.HAL_UARTEx_WakeupCallback)
    i.HAL_UART_ErrorCallback                 0x080035f4   Section        0  stm32g4xx_hal_uart.o(i.HAL_UART_ErrorCallback)
    i.HAL_UART_IRQHandler                    0x080035f8   Section        0  stm32g4xx_hal_uart.o(i.HAL_UART_IRQHandler)
    i.HAL_UART_Init                          0x080039c8   Section        0  stm32g4xx_hal_uart.o(i.HAL_UART_Init)
    i.HAL_UART_MspInit                       0x08003a40   Section        0  usart.o(i.HAL_UART_MspInit)
    i.HAL_UART_Receive_IT                    0x08003b68   Section        0  stm32g4xx_hal_uart.o(i.HAL_UART_Receive_IT)
    i.HAL_UART_RxCpltCallback                0x08003bc4   Section        0  main.o(i.HAL_UART_RxCpltCallback)
    i.HAL_UART_Transmit                      0x08003c50   Section        0  stm32g4xx_hal_uart.o(i.HAL_UART_Transmit)
    i.HAL_UART_TxCpltCallback                0x08003d12   Section        0  stm32g4xx_hal_uart.o(i.HAL_UART_TxCpltCallback)
    i.HardFault_Handler                      0x08003d14   Section        0  stm32g4xx_it.o(i.HardFault_Handler)
    i.LPUART1_IRQHandler                     0x08003d18   Section        0  stm32g4xx_it.o(i.LPUART1_IRQHandler)
    i.MX_GPIO_Init                           0x08003d28   Section        0  gpio.o(i.MX_GPIO_Init)
    i.MX_I2C1_Init                           0x08003e14   Section        0  i2c.o(i.MX_I2C1_Init)
    i.MX_LPUART1_UART_Init                   0x08003e74   Section        0  usart.o(i.MX_LPUART1_UART_Init)
    i.MX_SPI3_Init                           0x08003edc   Section        0  spi.o(i.MX_SPI3_Init)
    i.MX_TIM1_Init                           0x08003f2c   Section        0  tim.o(i.MX_TIM1_Init)
    i.MX_TIM2_Init                           0x08003fdc   Section        0  tim.o(i.MX_TIM2_Init)
    i.MX_TIM3_Init                           0x0800404c   Section        0  tim.o(i.MX_TIM3_Init)
    i.MX_USART1_UART_Init                    0x080040c0   Section        0  usart.o(i.MX_USART1_UART_Init)
    i.MemManage_Handler                      0x0800412c   Section        0  stm32g4xx_it.o(i.MemManage_Handler)
    i.NMI_Handler                            0x08004130   Section        0  stm32g4xx_it.o(i.NMI_Handler)
    i.PID_Calc                               0x08004134   Section        0  main.o(i.PID_Calc)
    i.PendSV_Handler                         0x080041f8   Section        0  stm32g4xx_it.o(i.PendSV_Handler)
    i.RCC_GetSysClockFreqFromPLLSource       0x080041fc   Section        0  stm32g4xx_hal_rcc.o(i.RCC_GetSysClockFreqFromPLLSource)
    RCC_GetSysClockFreqFromPLLSource         0x080041fd   Thumb Code    90  stm32g4xx_hal_rcc.o(i.RCC_GetSysClockFreqFromPLLSource)
    i.SPI_EndRxTransaction                   0x08004264   Section        0  stm32g4xx_hal_spi.o(i.SPI_EndRxTransaction)
    SPI_EndRxTransaction                     0x08004265   Thumb Code   116  stm32g4xx_hal_spi.o(i.SPI_EndRxTransaction)
    i.SPI_EndRxTxTransaction                 0x080042d8   Section        0  stm32g4xx_hal_spi.o(i.SPI_EndRxTxTransaction)
    SPI_EndRxTxTransaction                   0x080042d9   Thumb Code    72  stm32g4xx_hal_spi.o(i.SPI_EndRxTxTransaction)
    i.SPI_WaitFifoStateUntilTimeout          0x08004320   Section        0  stm32g4xx_hal_spi.o(i.SPI_WaitFifoStateUntilTimeout)
    SPI_WaitFifoStateUntilTimeout            0x08004321   Thumb Code   218  stm32g4xx_hal_spi.o(i.SPI_WaitFifoStateUntilTimeout)
    i.SPI_WaitFlagStateUntilTimeout          0x08004400   Section        0  stm32g4xx_hal_spi.o(i.SPI_WaitFlagStateUntilTimeout)
    SPI_WaitFlagStateUntilTimeout            0x08004401   Thumb Code   180  stm32g4xx_hal_spi.o(i.SPI_WaitFlagStateUntilTimeout)
    i.SVC_Handler                            0x080044b8   Section        0  stm32g4xx_it.o(i.SVC_Handler)
    i.SysTick_Handler                        0x080044ba   Section        0  stm32g4xx_it.o(i.SysTick_Handler)
    i.SystemClock_Config                     0x080044bc   Section        0  main.o(i.SystemClock_Config)
    i.SystemInit                             0x08004524   Section        0  system_stm32g4xx.o(i.SystemInit)
    i.TIM1_BRK_TIM15_IRQHandler              0x08004538   Section        0  stm32g4xx_it.o(i.TIM1_BRK_TIM15_IRQHandler)
    i.TIM_Base_SetConfig                     0x0800455c   Section        0  stm32g4xx_hal_tim.o(i.TIM_Base_SetConfig)
    i.TIM_CCxChannelCmd                      0x08004628   Section        0  stm32g4xx_hal_tim.o(i.TIM_CCxChannelCmd)
    i.TIM_OC1_SetConfig                      0x0800464c   Section        0  stm32g4xx_hal_tim.o(i.TIM_OC1_SetConfig)
    TIM_OC1_SetConfig                        0x0800464d   Thumb Code   146  stm32g4xx_hal_tim.o(i.TIM_OC1_SetConfig)
    i.TIM_OC2_SetConfig                      0x080046f8   Section        0  stm32g4xx_hal_tim.o(i.TIM_OC2_SetConfig)
    i.TIM_OC3_SetConfig                      0x080047ac   Section        0  stm32g4xx_hal_tim.o(i.TIM_OC3_SetConfig)
    TIM_OC3_SetConfig                        0x080047ad   Thumb Code   154  stm32g4xx_hal_tim.o(i.TIM_OC3_SetConfig)
    i.TIM_OC4_SetConfig                      0x08004860   Section        0  stm32g4xx_hal_tim.o(i.TIM_OC4_SetConfig)
    TIM_OC4_SetConfig                        0x08004861   Thumb Code   156  stm32g4xx_hal_tim.o(i.TIM_OC4_SetConfig)
    i.TIM_OC5_SetConfig                      0x08004914   Section        0  stm32g4xx_hal_tim.o(i.TIM_OC5_SetConfig)
    TIM_OC5_SetConfig                        0x08004915   Thumb Code    86  stm32g4xx_hal_tim.o(i.TIM_OC5_SetConfig)
    i.TIM_OC6_SetConfig                      0x08004984   Section        0  stm32g4xx_hal_tim.o(i.TIM_OC6_SetConfig)
    TIM_OC6_SetConfig                        0x08004985   Thumb Code    88  stm32g4xx_hal_tim.o(i.TIM_OC6_SetConfig)
    i.UARTEx_SetNbDataToProcess              0x080049f4   Section        0  stm32g4xx_hal_uart_ex.o(i.UARTEx_SetNbDataToProcess)
    UARTEx_SetNbDataToProcess                0x080049f5   Thumb Code    78  stm32g4xx_hal_uart_ex.o(i.UARTEx_SetNbDataToProcess)
    i.UART_AdvFeatureConfig                  0x08004a4c   Section        0  stm32g4xx_hal_uart.o(i.UART_AdvFeatureConfig)
    i.UART_CheckIdleState                    0x08004b44   Section        0  stm32g4xx_hal_uart.o(i.UART_CheckIdleState)
    i.UART_DMAAbortOnError                   0x08004c2e   Section        0  stm32g4xx_hal_uart.o(i.UART_DMAAbortOnError)
    UART_DMAAbortOnError                     0x08004c2f   Thumb Code    20  stm32g4xx_hal_uart.o(i.UART_DMAAbortOnError)
    i.UART_EndRxTransfer                     0x08004c44   Section        0  stm32g4xx_hal_uart.o(i.UART_EndRxTransfer)
    UART_EndRxTransfer                       0x08004c45   Thumb Code   104  stm32g4xx_hal_uart.o(i.UART_EndRxTransfer)
    i.UART_EndTransmit_IT                    0x08004cb0   Section        0  stm32g4xx_hal_uart.o(i.UART_EndTransmit_IT)
    UART_EndTransmit_IT                      0x08004cb1   Thumb Code    48  stm32g4xx_hal_uart.o(i.UART_EndTransmit_IT)
    i.UART_RxISR_16BIT                       0x08004ce0   Section        0  stm32g4xx_hal_uart.o(i.UART_RxISR_16BIT)
    UART_RxISR_16BIT                         0x08004ce1   Thumb Code   256  stm32g4xx_hal_uart.o(i.UART_RxISR_16BIT)
    i.UART_RxISR_16BIT_FIFOEN                0x08004de4   Section        0  stm32g4xx_hal_uart.o(i.UART_RxISR_16BIT_FIFOEN)
    UART_RxISR_16BIT_FIFOEN                  0x08004de5   Thumb Code   498  stm32g4xx_hal_uart.o(i.UART_RxISR_16BIT_FIFOEN)
    i.UART_RxISR_8BIT                        0x08004fe4   Section        0  stm32g4xx_hal_uart.o(i.UART_RxISR_8BIT)
    UART_RxISR_8BIT                          0x08004fe5   Thumb Code   254  stm32g4xx_hal_uart.o(i.UART_RxISR_8BIT)
    i.UART_RxISR_8BIT_FIFOEN                 0x080050e8   Section        0  stm32g4xx_hal_uart.o(i.UART_RxISR_8BIT_FIFOEN)
    UART_RxISR_8BIT_FIFOEN                   0x080050e9   Thumb Code   496  stm32g4xx_hal_uart.o(i.UART_RxISR_8BIT_FIFOEN)
    i.UART_SetConfig                         0x080052e4   Section        0  stm32g4xx_hal_uart.o(i.UART_SetConfig)
    i.UART_Start_Receive_IT                  0x08005668   Section        0  stm32g4xx_hal_uart.o(i.UART_Start_Receive_IT)
    i.UART_WaitOnFlagUntilTimeout            0x080057c4   Section        0  stm32g4xx_hal_uart.o(i.UART_WaitOnFlagUntilTimeout)
    i.USART1_IRQHandler                      0x08005870   Section        0  stm32g4xx_it.o(i.USART1_IRQHandler)
    i.UsageFault_Handler                     0x08005880   Section        0  stm32g4xx_it.o(i.UsageFault_Handler)
    i.__0printf$8                            0x08005884   Section        0  printf8.o(i.__0printf$8)
    i.__NVIC_GetPriorityGrouping             0x080058a4   Section        0  stm32g4xx_hal_cortex.o(i.__NVIC_GetPriorityGrouping)
    __NVIC_GetPriorityGrouping               0x080058a5   Thumb Code    10  stm32g4xx_hal_cortex.o(i.__NVIC_GetPriorityGrouping)
    i.__NVIC_SetPriority                     0x080058b4   Section        0  stm32g4xx_hal_cortex.o(i.__NVIC_SetPriority)
    __NVIC_SetPriority                       0x080058b5   Thumb Code    32  stm32g4xx_hal_cortex.o(i.__NVIC_SetPriority)
    i.__scatterload_copy                     0x080058dc   Section       14  handlers.o(i.__scatterload_copy)
    i.__scatterload_null                     0x080058ea   Section        2  handlers.o(i.__scatterload_null)
    i.__scatterload_zeroinit                 0x080058ec   Section       14  handlers.o(i.__scatterload_zeroinit)
    i._printf_core                           0x080058fc   Section        0  printf8.o(i._printf_core)
    _printf_core                             0x080058fd   Thumb Code   996  printf8.o(i._printf_core)
    i._printf_post_padding                   0x08005d0c   Section        0  printf8.o(i._printf_post_padding)
    _printf_post_padding                     0x08005d0d   Thumb Code    36  printf8.o(i._printf_post_padding)
    i._printf_pre_padding                    0x08005d30   Section        0  printf8.o(i._printf_pre_padding)
    _printf_pre_padding                      0x08005d31   Thumb Code    46  printf8.o(i._printf_pre_padding)
    i.display_menu                           0x08005d60   Section        0  main.o(i.display_menu)
    i.fputc                                  0x08005e1c   Section        0  main.o(i.fputc)
    i.key_proc                               0x08005e34   Section        0  main.o(i.key_proc)
    i.main                                   0x08005f58   Section        0  main.o(i.main)
    i.update_highli                          0x08006050   Section        0  main.o(i.update_highli)
    .constdata                               0x08006070   Section      128  main.o(.constdata)
    .constdata                               0x080060f0   Section       24  stm32g4xx_hal_uart.o(.constdata)
    .constdata                               0x08006108   Section       16  stm32g4xx_hal_uart_ex.o(.constdata)
    numerator                                0x08006108   Data           8  stm32g4xx_hal_uart_ex.o(.constdata)
    denominator                              0x08006110   Data           8  stm32g4xx_hal_uart_ex.o(.constdata)
    .constdata                               0x08006118   Section       24  system_stm32g4xx.o(.constdata)
    .constdata                               0x08006130   Section       64  ctype_c.o(.constdata)
    .conststring                             0x08006170   Section       68  main.o(.conststring)
    .data                                    0x20000000   Section       40  main.o(.data)
    .data                                    0x20000028   Section       12  stm32g4xx_hal.o(.data)
    .data                                    0x20000034   Section        4  system_stm32g4xx.o(.data)
    .data                                    0x20000038   Section        4  stdout.o(.data)
    .bss                                     0x2000003c   Section       64  main.o(.bss)
    .bss                                     0x2000007c   Section       84  i2c.o(.bss)
    .bss                                     0x200000d0   Section      296  usart.o(.bss)
    .bss                                     0x200001f8   Section      100  spi.o(.bss)
    .bss                                     0x2000025c   Section      228  tim.o(.bss)
    .bss                                     0x20000340   Section       76  stm32g4xx_hal_timebase_tim.o(.bss)
    STACK                                    0x20000390   Section     1024  startup_stm32g431xx.o(STACK)

    Global Symbols

    Symbol Name                              Value     Ov Type        Size  Object(Section)

    BuildAttributes$$THM_ISAv4$E$P$D$K$B$S$7EM$VFPi3$EXTD16$VFPS$VFMA$PE$A:L22UL41UL21$X:L11$S22US41US21$IEEE1$IW$USESV6$~STKCKD$USESV7$~SHL$OSPACE$ROPI$EBA8$MICROLIB$REQ8$PRES8$EABIv2 0x00000000   Number         0  anon$$obj.o ABSOLUTE
    __ARM_use_no_argv                        0x00000000   Number         0  main.o ABSOLUTE
    _printf_a                                0x00000000   Number         0  stubs.o ABSOLUTE
    _printf_c                                0x00000000   Number         0  stubs.o ABSOLUTE
    _printf_charcount                        0x00000000   Number         0  stubs.o ABSOLUTE
    _printf_d                                0x00000000   Number         0  stubs.o ABSOLUTE
    _printf_e                                0x00000000   Number         0  stubs.o ABSOLUTE
    _printf_f                                0x00000000   Number         0  stubs.o ABSOLUTE
    _printf_flags                            0x00000000   Number         0  stubs.o ABSOLUTE
    _printf_fp_dec                           0x00000000   Number         0  stubs.o ABSOLUTE
    _printf_fp_hex                           0x00000000   Number         0  stubs.o ABSOLUTE
    _printf_g                                0x00000000   Number         0  stubs.o ABSOLUTE
    _printf_i                                0x00000000   Number         0  stubs.o ABSOLUTE
    _printf_int_dec                          0x00000000   Number         0  stubs.o ABSOLUTE
    _printf_l                                0x00000000   Number         0  stubs.o ABSOLUTE
    _printf_lc                               0x00000000   Number         0  stubs.o ABSOLUTE
    _printf_ll                               0x00000000   Number         0  stubs.o ABSOLUTE
    _printf_lld                              0x00000000   Number         0  stubs.o ABSOLUTE
    _printf_lli                              0x00000000   Number         0  stubs.o ABSOLUTE
    _printf_llo                              0x00000000   Number         0  stubs.o ABSOLUTE
    _printf_llu                              0x00000000   Number         0  stubs.o ABSOLUTE
    _printf_llx                              0x00000000   Number         0  stubs.o ABSOLUTE
    _printf_longlong_dec                     0x00000000   Number         0  stubs.o ABSOLUTE
    _printf_longlong_hex                     0x00000000   Number         0  stubs.o ABSOLUTE
    _printf_longlong_oct                     0x00000000   Number         0  stubs.o ABSOLUTE
    _printf_ls                               0x00000000   Number         0  stubs.o ABSOLUTE
    _printf_mbtowc                           0x00000000   Number         0  stubs.o ABSOLUTE
    _printf_n                                0x00000000   Number         0  stubs.o ABSOLUTE
    _printf_o                                0x00000000   Number         0  stubs.o ABSOLUTE
    _printf_p                                0x00000000   Number         0  stubs.o ABSOLUTE
    _printf_percent                          0x00000000   Number         0  stubs.o ABSOLUTE
    _printf_pre_padding                      0x00000000   Number         0  stubs.o ABSOLUTE
    _printf_return_value                     0x00000000   Number         0  stubs.o ABSOLUTE
    _printf_s                                0x00000000   Number         0  stubs.o ABSOLUTE
    _printf_sizespec                         0x00000000   Number         0  stubs.o ABSOLUTE
    _printf_str                              0x00000000   Number         0  stubs.o ABSOLUTE
    _printf_truncate_signed                  0x00000000   Number         0  stubs.o ABSOLUTE
    _printf_truncate_unsigned                0x00000000   Number         0  stubs.o ABSOLUTE
    _printf_u                                0x00000000   Number         0  stubs.o ABSOLUTE
    _printf_wc                               0x00000000   Number         0  stubs.o ABSOLUTE
    _printf_wctomb                           0x00000000   Number         0  stubs.o ABSOLUTE
    _printf_widthprec                        0x00000000   Number         0  stubs.o ABSOLUTE
    _printf_x                                0x00000000   Number         0  stubs.o ABSOLUTE
    __cpp_initialize__aeabi_                  - Undefined Weak Reference
    __cxa_finalize                            - Undefined Weak Reference
    __decompress                              - Undefined Weak Reference
    _clock_init                               - Undefined Weak Reference
    _microlib_exit                            - Undefined Weak Reference
    _scanf_longlong                           - Undefined Weak Reference
    _scanf_real                               - Undefined Weak Reference
    _scanf_string                             - Undefined Weak Reference
    __Vectors_Size                           0x000001d8   Number         0  startup_stm32g431xx.o ABSOLUTE
    __Vectors                                0x08000000   Data           4  startup_stm32g431xx.o(RESET)
    __Vectors_End                            0x080001d8   Data           0  startup_stm32g431xx.o(RESET)
    __main                                   0x080001d9   Thumb Code     0  entry.o(.ARM.Collect$$$$00000000)
    _main_stk                                0x080001d9   Thumb Code     0  entry2.o(.ARM.Collect$$$$00000001)
    _main_scatterload                        0x080001dd   Thumb Code     0  entry5.o(.ARM.Collect$$$$00000004)
    __main_after_scatterload                 0x080001e1   Thumb Code     0  entry5.o(.ARM.Collect$$$$00000004)
    _main_clock                              0x080001e1   Thumb Code     0  entry7b.o(.ARM.Collect$$$$00000008)
    _main_cpp_init                           0x080001e1   Thumb Code     0  entry8b.o(.ARM.Collect$$$$0000000A)
    _main_init                               0x080001e1   Thumb Code     0  entry9a.o(.ARM.Collect$$$$0000000B)
    __rt_final_cpp                           0x080001e9   Thumb Code     0  entry10a.o(.ARM.Collect$$$$0000000D)
    __rt_final_exit                          0x080001e9   Thumb Code     0  entry11a.o(.ARM.Collect$$$$0000000F)
    Reset_Handler                            0x080001ed   Thumb Code     8  startup_stm32g431xx.o(.text)
    ADC1_2_IRQHandler                        0x08000207   Thumb Code     0  startup_stm32g431xx.o(.text)
    COMP1_2_3_IRQHandler                     0x08000207   Thumb Code     0  startup_stm32g431xx.o(.text)
    COMP4_IRQHandler                         0x08000207   Thumb Code     0  startup_stm32g431xx.o(.text)
    CORDIC_IRQHandler                        0x08000207   Thumb Code     0  startup_stm32g431xx.o(.text)
    CRS_IRQHandler                           0x08000207   Thumb Code     0  startup_stm32g431xx.o(.text)
    DMA1_Channel1_IRQHandler                 0x08000207   Thumb Code     0  startup_stm32g431xx.o(.text)
    DMA1_Channel2_IRQHandler                 0x08000207   Thumb Code     0  startup_stm32g431xx.o(.text)
    DMA1_Channel3_IRQHandler                 0x08000207   Thumb Code     0  startup_stm32g431xx.o(.text)
    DMA1_Channel4_IRQHandler                 0x08000207   Thumb Code     0  startup_stm32g431xx.o(.text)
    DMA1_Channel5_IRQHandler                 0x08000207   Thumb Code     0  startup_stm32g431xx.o(.text)
    DMA1_Channel6_IRQHandler                 0x08000207   Thumb Code     0  startup_stm32g431xx.o(.text)
    DMA2_Channel1_IRQHandler                 0x08000207   Thumb Code     0  startup_stm32g431xx.o(.text)
    DMA2_Channel2_IRQHandler                 0x08000207   Thumb Code     0  startup_stm32g431xx.o(.text)
    DMA2_Channel3_IRQHandler                 0x08000207   Thumb Code     0  startup_stm32g431xx.o(.text)
    DMA2_Channel4_IRQHandler                 0x08000207   Thumb Code     0  startup_stm32g431xx.o(.text)
    DMA2_Channel5_IRQHandler                 0x08000207   Thumb Code     0  startup_stm32g431xx.o(.text)
    DMA2_Channel6_IRQHandler                 0x08000207   Thumb Code     0  startup_stm32g431xx.o(.text)
    DMAMUX_OVR_IRQHandler                    0x08000207   Thumb Code     0  startup_stm32g431xx.o(.text)
    EXTI0_IRQHandler                         0x08000207   Thumb Code     0  startup_stm32g431xx.o(.text)
    EXTI15_10_IRQHandler                     0x08000207   Thumb Code     0  startup_stm32g431xx.o(.text)
    EXTI1_IRQHandler                         0x08000207   Thumb Code     0  startup_stm32g431xx.o(.text)
    EXTI2_IRQHandler                         0x08000207   Thumb Code     0  startup_stm32g431xx.o(.text)
    EXTI3_IRQHandler                         0x08000207   Thumb Code     0  startup_stm32g431xx.o(.text)
    EXTI4_IRQHandler                         0x08000207   Thumb Code     0  startup_stm32g431xx.o(.text)
    EXTI9_5_IRQHandler                       0x08000207   Thumb Code     0  startup_stm32g431xx.o(.text)
    FDCAN1_IT0_IRQHandler                    0x08000207   Thumb Code     0  startup_stm32g431xx.o(.text)
    FDCAN1_IT1_IRQHandler                    0x08000207   Thumb Code     0  startup_stm32g431xx.o(.text)
    FLASH_IRQHandler                         0x08000207   Thumb Code     0  startup_stm32g431xx.o(.text)
    FMAC_IRQHandler                          0x08000207   Thumb Code     0  startup_stm32g431xx.o(.text)
    FPU_IRQHandler                           0x08000207   Thumb Code     0  startup_stm32g431xx.o(.text)
    I2C1_ER_IRQHandler                       0x08000207   Thumb Code     0  startup_stm32g431xx.o(.text)
    I2C1_EV_IRQHandler                       0x08000207   Thumb Code     0  startup_stm32g431xx.o(.text)
    I2C2_ER_IRQHandler                       0x08000207   Thumb Code     0  startup_stm32g431xx.o(.text)
    I2C2_EV_IRQHandler                       0x08000207   Thumb Code     0  startup_stm32g431xx.o(.text)
    I2C3_ER_IRQHandler                       0x08000207   Thumb Code     0  startup_stm32g431xx.o(.text)
    I2C3_EV_IRQHandler                       0x08000207   Thumb Code     0  startup_stm32g431xx.o(.text)
    LPTIM1_IRQHandler                        0x08000207   Thumb Code     0  startup_stm32g431xx.o(.text)
    PVD_PVM_IRQHandler                       0x08000207   Thumb Code     0  startup_stm32g431xx.o(.text)
    RCC_IRQHandler                           0x08000207   Thumb Code     0  startup_stm32g431xx.o(.text)
    RNG_IRQHandler                           0x08000207   Thumb Code     0  startup_stm32g431xx.o(.text)
    RTC_Alarm_IRQHandler                     0x08000207   Thumb Code     0  startup_stm32g431xx.o(.text)
    RTC_TAMP_LSECSS_IRQHandler               0x08000207   Thumb Code     0  startup_stm32g431xx.o(.text)
    RTC_WKUP_IRQHandler                      0x08000207   Thumb Code     0  startup_stm32g431xx.o(.text)
    SAI1_IRQHandler                          0x08000207   Thumb Code     0  startup_stm32g431xx.o(.text)
    SPI1_IRQHandler                          0x08000207   Thumb Code     0  startup_stm32g431xx.o(.text)
    SPI2_IRQHandler                          0x08000207   Thumb Code     0  startup_stm32g431xx.o(.text)
    SPI3_IRQHandler                          0x08000207   Thumb Code     0  startup_stm32g431xx.o(.text)
    TIM1_CC_IRQHandler                       0x08000207   Thumb Code     0  startup_stm32g431xx.o(.text)
    TIM1_TRG_COM_TIM17_IRQHandler            0x08000207   Thumb Code     0  startup_stm32g431xx.o(.text)
    TIM1_UP_TIM16_IRQHandler                 0x08000207   Thumb Code     0  startup_stm32g431xx.o(.text)
    TIM2_IRQHandler                          0x08000207   Thumb Code     0  startup_stm32g431xx.o(.text)
    TIM3_IRQHandler                          0x08000207   Thumb Code     0  startup_stm32g431xx.o(.text)
    TIM4_IRQHandler                          0x08000207   Thumb Code     0  startup_stm32g431xx.o(.text)
    TIM6_DAC_IRQHandler                      0x08000207   Thumb Code     0  startup_stm32g431xx.o(.text)
    TIM7_IRQHandler                          0x08000207   Thumb Code     0  startup_stm32g431xx.o(.text)
    TIM8_BRK_IRQHandler                      0x08000207   Thumb Code     0  startup_stm32g431xx.o(.text)
    TIM8_CC_IRQHandler                       0x08000207   Thumb Code     0  startup_stm32g431xx.o(.text)
    TIM8_TRG_COM_IRQHandler                  0x08000207   Thumb Code     0  startup_stm32g431xx.o(.text)
    TIM8_UP_IRQHandler                       0x08000207   Thumb Code     0  startup_stm32g431xx.o(.text)
    UART4_IRQHandler                         0x08000207   Thumb Code     0  startup_stm32g431xx.o(.text)
    UCPD1_IRQHandler                         0x08000207   Thumb Code     0  startup_stm32g431xx.o(.text)
    USART2_IRQHandler                        0x08000207   Thumb Code     0  startup_stm32g431xx.o(.text)
    USART3_IRQHandler                        0x08000207   Thumb Code     0  startup_stm32g431xx.o(.text)
    USBWakeUp_IRQHandler                     0x08000207   Thumb Code     0  startup_stm32g431xx.o(.text)
    USB_HP_IRQHandler                        0x08000207   Thumb Code     0  startup_stm32g431xx.o(.text)
    USB_LP_IRQHandler                        0x08000207   Thumb Code     0  startup_stm32g431xx.o(.text)
    WWDG_IRQHandler                          0x08000207   Thumb Code     0  startup_stm32g431xx.o(.text)
    __aeabi_uldivmod                         0x08000211   Thumb Code    98  uldiv.o(.text)
    __aeabi_memset                           0x08000273   Thumb Code    14  memseta.o(.text)
    __aeabi_memset4                          0x08000273   Thumb Code     0  memseta.o(.text)
    __aeabi_memset8                          0x08000273   Thumb Code     0  memseta.o(.text)
    __aeabi_memclr                           0x08000281   Thumb Code     4  memseta.o(.text)
    __aeabi_memclr4                          0x08000281   Thumb Code     0  memseta.o(.text)
    __aeabi_memclr8                          0x08000281   Thumb Code     0  memseta.o(.text)
    _memset$wrapper                          0x08000285   Thumb Code    18  memseta.o(.text)
    strlen                                   0x08000297   Thumb Code    14  strlen.o(.text)
    __0sscanf                                0x080002a5   Thumb Code    48  __0sscanf.o(.text)
    _scanf_int                               0x080002dd   Thumb Code   332  _scanf_int.o(.text)
    __aeabi_llsl                             0x08000429   Thumb Code    30  llshl.o(.text)
    _ll_shift_l                              0x08000429   Thumb Code     0  llshl.o(.text)
    __aeabi_llsr                             0x08000447   Thumb Code    32  llushr.o(.text)
    _ll_ushift_r                             0x08000447   Thumb Code     0  llushr.o(.text)
    _chval                                   0x08000467   Thumb Code    28  _chval.o(.text)
    __vfscanf_char                           0x08000491   Thumb Code    20  scanf_char.o(.text)
    _sgetc                                   0x080004ad   Thumb Code    30  _sgetc.o(.text)
    _sbackspace                              0x080004cb   Thumb Code    34  _sgetc.o(.text)
    __scatterload                            0x080004ed   Thumb Code    28  init.o(.text)
    __scatterload_rt2                        0x080004ed   Thumb Code     0  init.o(.text)
    isspace                                  0x08000511   Thumb Code    10  isspace_c.o(.text)
    __vfscanf                                0x0800051d   Thumb Code   808  _scanf.o(.text)
    __ctype_lookup                           0x08000849   Thumb Code    34  ctype_c.o(.text)
    Beep_Once_At_Startup                     0x08000871   Thumb Code    82  main.o(i.Beep_Once_At_Startup)
    BusFault_Handler                         0x080008cd   Thumb Code     4  stm32g4xx_it.o(i.BusFault_Handler)
    DELAY_1MS                                0x080008d1   Thumb Code    16  main.o(i.DELAY_1MS)
    DebugMon_Handler                         0x080008e1   Thumb Code     2  stm32g4xx_it.o(i.DebugMon_Handler)
    Error_Handler                            0x080008e3   Thumb Code     4  main.o(i.Error_Handler)
    Flash_CheckBusy                          0x080008e9   Thumb Code    70  main.o(i.Flash_CheckBusy)
    Flash_EraseSector                        0x08000939   Thumb Code   118  main.o(i.Flash_EraseSector)
    Flash_Init                               0x08000a0d   Thumb Code    74  main.o(i.Flash_Init)
    Flash_ReadByte                           0x08000a7d   Thumb Code    76  main.o(i.Flash_ReadByte)
    Flash_ReadString                         0x08000ad5   Thumb Code    64  main.o(i.Flash_ReadString)
    Flash_WriteByte                          0x08000b15   Thumb Code    90  main.o(i.Flash_WriteByte)
    Flash_WriteBytes                         0x08000b81   Thumb Code   134  main.o(i.Flash_WriteBytes)
    Flash_WriteEnable                        0x08000c15   Thumb Code    48  main.o(i.Flash_WriteEnable)
    Flash_WriteString                        0x08000c4d   Thumb Code    54  main.o(i.Flash_WriteString)
    Func1_Add_1                              0x08000ca5   Thumb Code    68  main.o(i.Func1_Add_1)
    Func3_Read_All                           0x08000d61   Thumb Code   104  main.o(i.Func3_Read_All)
    HAL_DMA_Abort                            0x08000e75   Thumb Code   118  stm32g4xx_hal_dma.o(i.HAL_DMA_Abort)
    HAL_DMA_Abort_IT                         0x08000eeb   Thumb Code   148  stm32g4xx_hal_dma.o(i.HAL_DMA_Abort_IT)
    HAL_GPIO_Init                            0x08000f81   Thumb Code   428  stm32g4xx_hal_gpio.o(i.HAL_GPIO_Init)
    HAL_GPIO_WritePin                        0x0800114d   Thumb Code    10  stm32g4xx_hal_gpio.o(i.HAL_GPIO_WritePin)
    HAL_GetTick                              0x08001159   Thumb Code     6  stm32g4xx_hal.o(i.HAL_GetTick)
    HAL_I2CEx_ConfigAnalogFilter             0x08001165   Thumb Code   106  stm32g4xx_hal_i2c_ex.o(i.HAL_I2CEx_ConfigAnalogFilter)
    HAL_I2CEx_ConfigDigitalFilter            0x080011cf   Thumb Code   104  stm32g4xx_hal_i2c_ex.o(i.HAL_I2CEx_ConfigDigitalFilter)
    HAL_I2CEx_EnableFastModePlus             0x08001239   Thumb Code    42  stm32g4xx_hal_i2c_ex.o(i.HAL_I2CEx_EnableFastModePlus)
    HAL_I2C_Init                             0x0800126d   Thumb Code   212  stm32g4xx_hal_i2c.o(i.HAL_I2C_Init)
    HAL_I2C_MspInit                          0x08001345   Thumb Code   140  i2c.o(i.HAL_I2C_MspInit)
    HAL_IncTick                              0x080013dd   Thumb Code    16  stm32g4xx_hal.o(i.HAL_IncTick)
    HAL_Init                                 0x080013f5   Thumb Code    30  stm32g4xx_hal.o(i.HAL_Init)
    HAL_InitTick                             0x08001415   Thumb Code   134  stm32g4xx_hal_timebase_tim.o(i.HAL_InitTick)
    HAL_MspInit                              0x080014b1   Thumb Code    62  stm32g4xx_hal_msp.o(i.HAL_MspInit)
    HAL_NVIC_EnableIRQ                       0x080014f5   Thumb Code    40  stm32g4xx_hal_cortex.o(i.HAL_NVIC_EnableIRQ)
    HAL_NVIC_SetPriority                     0x0800151d   Thumb Code   122  stm32g4xx_hal_cortex.o(i.HAL_NVIC_SetPriority)
    HAL_NVIC_SetPriorityGrouping             0x08001599   Thumb Code    32  stm32g4xx_hal_cortex.o(i.HAL_NVIC_SetPriorityGrouping)
    HAL_PWREx_ControlVoltageScaling          0x080015c1   Thumb Code   268  stm32g4xx_hal_pwr_ex.o(i.HAL_PWREx_ControlVoltageScaling)
    HAL_PWREx_DisableUCPDDeadBattery         0x080016d9   Thumb Code    14  stm32g4xx_hal_pwr_ex.o(i.HAL_PWREx_DisableUCPDDeadBattery)
    HAL_RCCEx_PeriphCLKConfig                0x080016ed   Thumb Code   872  stm32g4xx_hal_rcc_ex.o(i.HAL_RCCEx_PeriphCLKConfig)
    HAL_RCC_ClockConfig                      0x08001a5d   Thumb Code   522  stm32g4xx_hal_rcc.o(i.HAL_RCC_ClockConfig)
    HAL_RCC_GetClockConfig                   0x08001c81   Thumb Code    58  stm32g4xx_hal_rcc.o(i.HAL_RCC_GetClockConfig)
    HAL_RCC_GetHCLKFreq                      0x08001cc5   Thumb Code     6  stm32g4xx_hal_rcc.o(i.HAL_RCC_GetHCLKFreq)
    HAL_RCC_GetPCLK1Freq                     0x08001cd1   Thumb Code    26  stm32g4xx_hal_rcc.o(i.HAL_RCC_GetPCLK1Freq)
    HAL_RCC_GetPCLK2Freq                     0x08001cf5   Thumb Code    26  stm32g4xx_hal_rcc.o(i.HAL_RCC_GetPCLK2Freq)
    HAL_RCC_GetSysClockFreq                  0x08001d19   Thumb Code   138  stm32g4xx_hal_rcc.o(i.HAL_RCC_GetSysClockFreq)
    HAL_RCC_OscConfig                        0x08001db1   Thumb Code  1360  stm32g4xx_hal_rcc.o(i.HAL_RCC_OscConfig)
    HAL_SPI_Init                             0x0800230d   Thumb Code   234  stm32g4xx_hal_spi.o(i.HAL_SPI_Init)
    HAL_SPI_MspInit                          0x080023f9   Thumb Code    86  spi.o(i.HAL_SPI_MspInit)
    HAL_SPI_Receive                          0x0800245d   Thumb Code   382  stm32g4xx_hal_spi.o(i.HAL_SPI_Receive)
    HAL_SPI_Transmit                         0x080025db   Thumb Code   398  stm32g4xx_hal_spi.o(i.HAL_SPI_Transmit)
    HAL_SPI_TransmitReceive                  0x08002769   Thumb Code   626  stm32g4xx_hal_spi.o(i.HAL_SPI_TransmitReceive)
    HAL_TIMEx_Break2Callback                 0x080029db   Thumb Code     2  stm32g4xx_hal_tim_ex.o(i.HAL_TIMEx_Break2Callback)
    HAL_TIMEx_BreakCallback                  0x080029dd   Thumb Code     2  stm32g4xx_hal_tim_ex.o(i.HAL_TIMEx_BreakCallback)
    HAL_TIMEx_CommutCallback                 0x080029df   Thumb Code     2  stm32g4xx_hal_tim_ex.o(i.HAL_TIMEx_CommutCallback)
    HAL_TIMEx_ConfigBreakDeadTime            0x080029e1   Thumb Code   192  stm32g4xx_hal_tim_ex.o(i.HAL_TIMEx_ConfigBreakDeadTime)
    HAL_TIMEx_DirectionChangeCallback        0x08002aa9   Thumb Code     2  stm32g4xx_hal_tim_ex.o(i.HAL_TIMEx_DirectionChangeCallback)
    HAL_TIMEx_EncoderIndexCallback           0x08002aab   Thumb Code     2  stm32g4xx_hal_tim_ex.o(i.HAL_TIMEx_EncoderIndexCallback)
    HAL_TIMEx_IndexErrorCallback             0x08002aad   Thumb Code     2  stm32g4xx_hal_tim_ex.o(i.HAL_TIMEx_IndexErrorCallback)
    HAL_TIMEx_MasterConfigSynchronization    0x08002ab1   Thumb Code   158  stm32g4xx_hal_tim_ex.o(i.HAL_TIMEx_MasterConfigSynchronization)
    HAL_TIMEx_TransitionErrorCallback        0x08002b69   Thumb Code     2  stm32g4xx_hal_tim_ex.o(i.HAL_TIMEx_TransitionErrorCallback)
    HAL_TIM_Base_Init                        0x08002b6b   Thumb Code   110  stm32g4xx_hal_tim.o(i.HAL_TIM_Base_Init)
    HAL_TIM_Base_MspInit                     0x08002bd9   Thumb Code     2  stm32g4xx_hal_tim.o(i.HAL_TIM_Base_MspInit)
    HAL_TIM_Base_Start_IT                    0x08002bdd   Thumb Code   130  stm32g4xx_hal_tim.o(i.HAL_TIM_Base_Start_IT)
    HAL_TIM_IC_CaptureCallback               0x08002c79   Thumb Code     2  stm32g4xx_hal_tim.o(i.HAL_TIM_IC_CaptureCallback)
    HAL_TIM_IRQHandler                       0x08002c7b   Thumb Code   544  stm32g4xx_hal_tim.o(i.HAL_TIM_IRQHandler)
    HAL_TIM_MspPostInit                      0x08002e9d   Thumb Code   148  tim.o(i.HAL_TIM_MspPostInit)
    HAL_TIM_OC_ConfigChannel                 0x08002f41   Thumb Code   144  stm32g4xx_hal_tim.o(i.HAL_TIM_OC_ConfigChannel)
    HAL_TIM_OC_DelayElapsedCallback          0x08002fd1   Thumb Code     2  stm32g4xx_hal_tim.o(i.HAL_TIM_OC_DelayElapsedCallback)
    HAL_TIM_OC_Init                          0x08002fd3   Thumb Code   110  stm32g4xx_hal_tim.o(i.HAL_TIM_OC_Init)
    HAL_TIM_OC_MspInit                       0x08003041   Thumb Code    50  tim.o(i.HAL_TIM_OC_MspInit)
    HAL_TIM_PWM_ConfigChannel                0x0800307d   Thumb Code   368  stm32g4xx_hal_tim.o(i.HAL_TIM_PWM_ConfigChannel)
    HAL_TIM_PWM_Init                         0x080031ed   Thumb Code   110  stm32g4xx_hal_tim.o(i.HAL_TIM_PWM_Init)
    HAL_TIM_PWM_MspInit                      0x0800325d   Thumb Code    52  tim.o(i.HAL_TIM_PWM_MspInit)
    HAL_TIM_PWM_PulseFinishedCallback        0x08003299   Thumb Code     2  stm32g4xx_hal_tim.o(i.HAL_TIM_PWM_PulseFinishedCallback)
    HAL_TIM_PWM_Start                        0x0800329d   Thumb Code   298  stm32g4xx_hal_tim.o(i.HAL_TIM_PWM_Start)
    HAL_TIM_PWM_Stop                         0x080033e9   Thumb Code   208  stm32g4xx_hal_tim.o(i.HAL_TIM_PWM_Stop)
    HAL_TIM_PeriodElapsedCallback            0x080034cd   Thumb Code    14  main.o(i.HAL_TIM_PeriodElapsedCallback)
    HAL_TIM_TriggerCallback                  0x080034e1   Thumb Code     2  stm32g4xx_hal_tim.o(i.HAL_TIM_TriggerCallback)
    HAL_UARTEx_DisableFifoMode               0x080034e3   Thumb Code    78  stm32g4xx_hal_uart_ex.o(i.HAL_UARTEx_DisableFifoMode)
    HAL_UARTEx_RxEventCallback               0x08003531   Thumb Code     2  stm32g4xx_hal_uart.o(i.HAL_UARTEx_RxEventCallback)
    HAL_UARTEx_RxFifoFullCallback            0x08003533   Thumb Code     2  stm32g4xx_hal_uart_ex.o(i.HAL_UARTEx_RxFifoFullCallback)
    HAL_UARTEx_SetRxFifoThreshold            0x08003535   Thumb Code    94  stm32g4xx_hal_uart_ex.o(i.HAL_UARTEx_SetRxFifoThreshold)
    HAL_UARTEx_SetTxFifoThreshold            0x08003593   Thumb Code    94  stm32g4xx_hal_uart_ex.o(i.HAL_UARTEx_SetTxFifoThreshold)
    HAL_UARTEx_TxFifoEmptyCallback           0x080035f1   Thumb Code     2  stm32g4xx_hal_uart_ex.o(i.HAL_UARTEx_TxFifoEmptyCallback)
    HAL_UARTEx_WakeupCallback                0x080035f3   Thumb Code     2  stm32g4xx_hal_uart_ex.o(i.HAL_UARTEx_WakeupCallback)
    HAL_UART_ErrorCallback                   0x080035f5   Thumb Code     2  stm32g4xx_hal_uart.o(i.HAL_UART_ErrorCallback)
    HAL_UART_IRQHandler                      0x080035f9   Thumb Code   962  stm32g4xx_hal_uart.o(i.HAL_UART_IRQHandler)
    HAL_UART_Init                            0x080039c9   Thumb Code   120  stm32g4xx_hal_uart.o(i.HAL_UART_Init)
    HAL_UART_MspInit                         0x08003a41   Thumb Code   278  usart.o(i.HAL_UART_MspInit)
    HAL_UART_Receive_IT                      0x08003b69   Thumb Code    88  stm32g4xx_hal_uart.o(i.HAL_UART_Receive_IT)
    HAL_UART_RxCpltCallback                  0x08003bc5   Thumb Code   114  main.o(i.HAL_UART_RxCpltCallback)
    HAL_UART_Transmit                        0x08003c51   Thumb Code   194  stm32g4xx_hal_uart.o(i.HAL_UART_Transmit)
    HAL_UART_TxCpltCallback                  0x08003d13   Thumb Code     2  stm32g4xx_hal_uart.o(i.HAL_UART_TxCpltCallback)
    HardFault_Handler                        0x08003d15   Thumb Code     4  stm32g4xx_it.o(i.HardFault_Handler)
    LPUART1_IRQHandler                       0x08003d19   Thumb Code    10  stm32g4xx_it.o(i.LPUART1_IRQHandler)
    MX_GPIO_Init                             0x08003d29   Thumb Code   224  gpio.o(i.MX_GPIO_Init)
    MX_I2C1_Init                             0x08003e15   Thumb Code    82  i2c.o(i.MX_I2C1_Init)
    MX_LPUART1_UART_Init                     0x08003e75   Thumb Code    96  usart.o(i.MX_LPUART1_UART_Init)
    MX_SPI3_Init                             0x08003edd   Thumb Code    72  spi.o(i.MX_SPI3_Init)
    MX_TIM1_Init                             0x08003f2d   Thumb Code   166  tim.o(i.MX_TIM1_Init)
    MX_TIM2_Init                             0x08003fdd   Thumb Code   108  tim.o(i.MX_TIM2_Init)
    MX_TIM3_Init                             0x0800404d   Thumb Code   106  tim.o(i.MX_TIM3_Init)
    MX_USART1_UART_Init                      0x080040c1   Thumb Code    98  usart.o(i.MX_USART1_UART_Init)
    MemManage_Handler                        0x0800412d   Thumb Code     4  stm32g4xx_it.o(i.MemManage_Handler)
    NMI_Handler                              0x08004131   Thumb Code     4  stm32g4xx_it.o(i.NMI_Handler)
    PID_Calc                                 0x08004135   Thumb Code   160  main.o(i.PID_Calc)
    PendSV_Handler                           0x080041f9   Thumb Code     2  stm32g4xx_it.o(i.PendSV_Handler)
    SVC_Handler                              0x080044b9   Thumb Code     2  stm32g4xx_it.o(i.SVC_Handler)
    SysTick_Handler                          0x080044bb   Thumb Code     2  stm32g4xx_it.o(i.SysTick_Handler)
    SystemClock_Config                       0x080044bd   Thumb Code   104  main.o(i.SystemClock_Config)
    SystemInit                               0x08004525   Thumb Code    14  system_stm32g4xx.o(i.SystemInit)
    TIM1_BRK_TIM15_IRQHandler                0x08004539   Thumb Code    28  stm32g4xx_it.o(i.TIM1_BRK_TIM15_IRQHandler)
    TIM_Base_SetConfig                       0x0800455d   Thumb Code   174  stm32g4xx_hal_tim.o(i.TIM_Base_SetConfig)
    TIM_CCxChannelCmd                        0x08004629   Thumb Code    34  stm32g4xx_hal_tim.o(i.TIM_CCxChannelCmd)
    TIM_OC2_SetConfig                        0x080046f9   Thumb Code   156  stm32g4xx_hal_tim.o(i.TIM_OC2_SetConfig)
    UART_AdvFeatureConfig                    0x08004a4d   Thumb Code   248  stm32g4xx_hal_uart.o(i.UART_AdvFeatureConfig)
    UART_CheckIdleState                      0x08004b45   Thumb Code   234  stm32g4xx_hal_uart.o(i.UART_CheckIdleState)
    UART_SetConfig                           0x080052e5   Thumb Code   858  stm32g4xx_hal_uart.o(i.UART_SetConfig)
    UART_Start_Receive_IT                    0x08005669   Thumb Code   332  stm32g4xx_hal_uart.o(i.UART_Start_Receive_IT)
    UART_WaitOnFlagUntilTimeout              0x080057c5   Thumb Code   172  stm32g4xx_hal_uart.o(i.UART_WaitOnFlagUntilTimeout)
    USART1_IRQHandler                        0x08005871   Thumb Code    10  stm32g4xx_it.o(i.USART1_IRQHandler)
    UsageFault_Handler                       0x08005881   Thumb Code     4  stm32g4xx_it.o(i.UsageFault_Handler)
    __0printf$8                              0x08005885   Thumb Code    22  printf8.o(i.__0printf$8)
    __1printf$8                              0x08005885   Thumb Code     0  printf8.o(i.__0printf$8)
    __2printf                                0x08005885   Thumb Code     0  printf8.o(i.__0printf$8)
    __scatterload_copy                       0x080058dd   Thumb Code    14  handlers.o(i.__scatterload_copy)
    __scatterload_null                       0x080058eb   Thumb Code     2  handlers.o(i.__scatterload_null)
    __scatterload_zeroinit                   0x080058ed   Thumb Code    14  handlers.o(i.__scatterload_zeroinit)
    display_menu                             0x08005d61   Thumb Code    54  main.o(i.display_menu)
    fputc                                    0x08005e1d   Thumb Code    20  main.o(i.fputc)
    key_proc                                 0x08005e35   Thumb Code   162  main.o(i.key_proc)
    main                                     0x08005f59   Thumb Code   184  main.o(i.main)
    update_highli                            0x08006051   Thumb Code    26  main.o(i.update_highli)
    menu                                     0x08006070   Data         128  main.o(.constdata)
    UARTPrescTable                           0x080060f0   Data          24  stm32g4xx_hal_uart.o(.constdata)
    AHBPrescTable                            0x08006118   Data          16  system_stm32g4xx.o(.constdata)
    APBPrescTable                            0x08006128   Data           8  system_stm32g4xx.o(.constdata)
    __ctype_categories                       0x08006130   Data          64  ctype_c.o(.constdata)
    Region$$Table$$Base                      0x080061b4   Number         0  anon$$obj.o(Region$$Table)
    Region$$Table$$Limit                     0x080061d4   Number         0  anon$$obj.o(Region$$Table)
    slec_flag                                0x20000000   Data           1  main.o(.data)
    cut_down                                 0x20000001   Data           1  main.o(.data)
    rx_line_done                             0x20000002   Data           1  main.o(.data)
    rx_data                                  0x20000003   Data           1  main.o(.data)
    rx_temp                                  0x20000004   Data           1  main.o(.data)
    rx_cnt                                   0x20000006   Data           2  main.o(.data)
    highli                                   0x20000008   Data           4  main.o(.data)
    flash_ptr                                0x2000000c   Data           4  main.o(.data)
    Kp                                       0x20000010   Data           4  main.o(.data)
    Ki                                       0x20000014   Data           4  main.o(.data)
    Kd                                       0x20000018   Data           4  main.o(.data)
    pid_output                               0x2000001c   Data           4  main.o(.data)
    last_error                               0x20000020   Data           4  main.o(.data)
    integral                                 0x20000024   Data           4  main.o(.data)
    uwTick                                   0x20000028   Data           4  stm32g4xx_hal.o(.data)
    uwTickPrio                               0x2000002c   Data           4  stm32g4xx_hal.o(.data)
    uwTickFreq                               0x20000030   Data           4  stm32g4xx_hal.o(.data)
    SystemCoreClock                          0x20000034   Data           4  system_stm32g4xx.o(.data)
    __stdout                                 0x20000038   Data           4  stdout.o(.data)
    rx_buf                                   0x2000003c   Data          64  main.o(.bss)
    hi2c1                                    0x2000007c   Data          84  i2c.o(.bss)
    hlpuart1                                 0x200000d0   Data         148  usart.o(.bss)
    huart1                                   0x20000164   Data         148  usart.o(.bss)
    hspi3                                    0x200001f8   Data         100  spi.o(.bss)
    htim1                                    0x2000025c   Data          76  tim.o(.bss)
    htim2                                    0x200002a8   Data          76  tim.o(.bss)
    htim3                                    0x200002f4   Data          76  tim.o(.bss)
    htim15                                   0x20000340   Data          76  stm32g4xx_hal_timebase_tim.o(.bss)
    __initial_sp                             0x20000790   Data           0  startup_stm32g431xx.o(STACK)



==============================================================================

Memory Map of the image

  Image Entry point : 0x080001d9

  Load Region LR_IROM1 (Base: 0x08000000, Size: 0x00006210, Max: 0x00020000, ABSOLUTE)

    Execution Region ER_IROM1 (Exec base: 0x08000000, Load base: 0x08000000, Size: 0x000061d4, Max: 0x00020000, ABSOLUTE)

    Exec Addr    Load Addr    Size         Type   Attr      Idx    E Section Name        Object

    0x08000000   0x08000000   0x000001d8   Data   RO            3    RESET               startup_stm32g431xx.o
    0x080001d8   0x080001d8   0x00000000   Code   RO         4886  * .ARM.Collect$$$$00000000  mc_w.l(entry.o)
    0x080001d8   0x080001d8   0x00000004   Code   RO         5160    .ARM.Collect$$$$00000001  mc_w.l(entry2.o)
    0x080001dc   0x080001dc   0x00000004   Code   RO         5163    .ARM.Collect$$$$00000004  mc_w.l(entry5.o)
    0x080001e0   0x080001e0   0x00000000   Code   RO         5165    .ARM.Collect$$$$00000008  mc_w.l(entry7b.o)
    0x080001e0   0x080001e0   0x00000000   Code   RO         5167    .ARM.Collect$$$$0000000A  mc_w.l(entry8b.o)
    0x080001e0   0x080001e0   0x00000008   Code   RO         5168    .ARM.Collect$$$$0000000B  mc_w.l(entry9a.o)
    0x080001e8   0x080001e8   0x00000000   Code   RO         5170    .ARM.Collect$$$$0000000D  mc_w.l(entry10a.o)
    0x080001e8   0x080001e8   0x00000000   Code   RO         5172    .ARM.Collect$$$$0000000F  mc_w.l(entry11a.o)
    0x080001e8   0x080001e8   0x00000004   Code   RO         5161    .ARM.Collect$$$$00002712  mc_w.l(entry2.o)
    0x080001ec   0x080001ec   0x00000024   Code   RO            4    .text               startup_stm32g431xx.o
    0x08000210   0x08000210   0x00000062   Code   RO         4889    .text               mc_w.l(uldiv.o)
    0x08000272   0x08000272   0x00000024   Code   RO         4891    .text               mc_w.l(memseta.o)
    0x08000296   0x08000296   0x0000000e   Code   RO         4893    .text               mc_w.l(strlen.o)
    0x080002a4   0x080002a4   0x00000038   Code   RO         5156    .text               mc_w.l(__0sscanf.o)
    0x080002dc   0x080002dc   0x0000014c   Code   RO         5158    .text               mc_w.l(_scanf_int.o)
    0x08000428   0x08000428   0x0000001e   Code   RO         5177    .text               mc_w.l(llshl.o)
    0x08000446   0x08000446   0x00000020   Code   RO         5179    .text               mc_w.l(llushr.o)
    0x08000466   0x08000466   0x0000001c   Code   RO         5181    .text               mc_w.l(_chval.o)
    0x08000482   0x08000482   0x00000002   PAD
    0x08000484   0x08000484   0x00000028   Code   RO         5183    .text               mc_w.l(scanf_char.o)
    0x080004ac   0x080004ac   0x00000040   Code   RO         5185    .text               mc_w.l(_sgetc.o)
    0x080004ec   0x080004ec   0x00000024   Code   RO         5198    .text               mc_w.l(init.o)
    0x08000510   0x08000510   0x0000000a   Code   RO         5202    .text               mc_w.l(isspace_c.o)
    0x0800051a   0x0800051a   0x00000002   PAD
    0x0800051c   0x0800051c   0x0000032c   Code   RO         5204    .text               mc_w.l(_scanf.o)
    0x08000848   0x08000848   0x00000028   Code   RO         5208    .text               mc_w.l(ctype_c.o)
    0x08000870   0x08000870   0x0000005c   Code   RO           13    i.Beep_Once_At_Startup  main.o
    0x080008cc   0x080008cc   0x00000004   Code   RO          544    i.BusFault_Handler  stm32g4xx_it.o
    0x080008d0   0x080008d0   0x00000010   Code   RO           14    i.DELAY_1MS         main.o
    0x080008e0   0x080008e0   0x00000002   Code   RO          545    i.DebugMon_Handler  stm32g4xx_it.o
    0x080008e2   0x080008e2   0x00000004   Code   RO           15    i.Error_Handler     main.o
    0x080008e6   0x080008e6   0x00000002   PAD
    0x080008e8   0x080008e8   0x00000050   Code   RO           16    i.Flash_CheckBusy   main.o
    0x08000938   0x08000938   0x000000d4   Code   RO           17    i.Flash_EraseSector  main.o
    0x08000a0c   0x08000a0c   0x00000070   Code   RO           18    i.Flash_Init        main.o
    0x08000a7c   0x08000a7c   0x00000058   Code   RO           19    i.Flash_ReadByte    main.o
    0x08000ad4   0x08000ad4   0x00000040   Code   RO           20    i.Flash_ReadString  main.o
    0x08000b14   0x08000b14   0x0000006c   Code   RO           21    i.Flash_WriteByte   main.o
    0x08000b80   0x08000b80   0x00000094   Code   RO           22    i.Flash_WriteBytes  main.o
    0x08000c14   0x08000c14   0x00000038   Code   RO           23    i.Flash_WriteEnable  main.o
    0x08000c4c   0x08000c4c   0x00000058   Code   RO           24    i.Flash_WriteString  main.o
    0x08000ca4   0x08000ca4   0x000000bc   Code   RO           25    i.Func1_Add_1       main.o
    0x08000d60   0x08000d60   0x00000114   Code   RO           26    i.Func3_Read_All    main.o
    0x08000e74   0x08000e74   0x00000076   Code   RO         3297    i.HAL_DMA_Abort     stm32g4xx_hal_dma.o
    0x08000eea   0x08000eea   0x00000094   Code   RO         3298    i.HAL_DMA_Abort_IT  stm32g4xx_hal_dma.o
    0x08000f7e   0x08000f7e   0x00000002   PAD
    0x08000f80   0x08000f80   0x000001cc   Code   RO         3159    i.HAL_GPIO_Init     stm32g4xx_hal_gpio.o
    0x0800114c   0x0800114c   0x0000000a   Code   RO         3163    i.HAL_GPIO_WritePin  stm32g4xx_hal_gpio.o
    0x08001156   0x08001156   0x00000002   PAD
    0x08001158   0x08001158   0x0000000c   Code   RO         2394    i.HAL_GetTick       stm32g4xx_hal.o
    0x08001164   0x08001164   0x0000006a   Code   RO         2329    i.HAL_I2CEx_ConfigAnalogFilter  stm32g4xx_hal_i2c_ex.o
    0x080011ce   0x080011ce   0x00000068   Code   RO         2330    i.HAL_I2CEx_ConfigDigitalFilter  stm32g4xx_hal_i2c_ex.o
    0x08001236   0x08001236   0x00000002   PAD
    0x08001238   0x08001238   0x00000034   Code   RO         2333    i.HAL_I2CEx_EnableFastModePlus  stm32g4xx_hal_i2c_ex.o
    0x0800126c   0x0800126c   0x000000d8   Code   RO         1868    i.HAL_I2C_Init      stm32g4xx_hal_i2c.o
    0x08001344   0x08001344   0x00000098   Code   RO          341    i.HAL_I2C_MspInit   i2c.o
    0x080013dc   0x080013dc   0x00000018   Code   RO         2400    i.HAL_IncTick       stm32g4xx_hal.o
    0x080013f4   0x080013f4   0x0000001e   Code   RO         2401    i.HAL_Init          stm32g4xx_hal.o
    0x08001412   0x08001412   0x00000002   PAD
    0x08001414   0x08001414   0x0000009c   Code   RO          662    i.HAL_InitTick      stm32g4xx_hal_timebase_tim.o
    0x080014b0   0x080014b0   0x00000044   Code   RO          638    i.HAL_MspInit       stm32g4xx_hal_msp.o
    0x080014f4   0x080014f4   0x00000028   Code   RO         3808    i.HAL_NVIC_EnableIRQ  stm32g4xx_hal_cortex.o
    0x0800151c   0x0800151c   0x0000007a   Code   RO         3814    i.HAL_NVIC_SetPriority  stm32g4xx_hal_cortex.o
    0x08001596   0x08001596   0x00000002   PAD
    0x08001598   0x08001598   0x00000028   Code   RO         3815    i.HAL_NVIC_SetPriorityGrouping  stm32g4xx_hal_cortex.o
    0x080015c0   0x080015c0   0x00000118   Code   RO         3562    i.HAL_PWREx_ControlVoltageScaling  stm32g4xx_hal_pwr_ex.o
    0x080016d8   0x080016d8   0x00000014   Code   RO         3574    i.HAL_PWREx_DisableUCPDDeadBattery  stm32g4xx_hal_pwr_ex.o
    0x080016ec   0x080016ec   0x00000370   Code   RO         2766    i.HAL_RCCEx_PeriphCLKConfig  stm32g4xx_hal_rcc_ex.o
    0x08001a5c   0x08001a5c   0x00000224   Code   RO         2636    i.HAL_RCC_ClockConfig  stm32g4xx_hal_rcc.o
    0x08001c80   0x08001c80   0x00000044   Code   RO         2641    i.HAL_RCC_GetClockConfig  stm32g4xx_hal_rcc.o
    0x08001cc4   0x08001cc4   0x0000000c   Code   RO         2642    i.HAL_RCC_GetHCLKFreq  stm32g4xx_hal_rcc.o
    0x08001cd0   0x08001cd0   0x00000024   Code   RO         2644    i.HAL_RCC_GetPCLK1Freq  stm32g4xx_hal_rcc.o
    0x08001cf4   0x08001cf4   0x00000024   Code   RO         2645    i.HAL_RCC_GetPCLK2Freq  stm32g4xx_hal_rcc.o
    0x08001d18   0x08001d18   0x00000098   Code   RO         2646    i.HAL_RCC_GetSysClockFreq  stm32g4xx_hal_rcc.o
    0x08001db0   0x08001db0   0x0000055c   Code   RO         2649    i.HAL_RCC_OscConfig  stm32g4xx_hal_rcc.o
    0x0800230c   0x0800230c   0x000000ea   Code   RO         4512    i.HAL_SPI_Init      stm32g4xx_hal_spi.o
    0x080023f6   0x080023f6   0x00000002   PAD
    0x080023f8   0x080023f8   0x00000064   Code   RO          431    i.HAL_SPI_MspInit   spi.o
    0x0800245c   0x0800245c   0x0000017e   Code   RO         4515    i.HAL_SPI_Receive   stm32g4xx_hal_spi.o
    0x080025da   0x080025da   0x0000018e   Code   RO         4520    i.HAL_SPI_Transmit  stm32g4xx_hal_spi.o
    0x08002768   0x08002768   0x00000272   Code   RO         4521    i.HAL_SPI_TransmitReceive  stm32g4xx_hal_spi.o
    0x080029da   0x080029da   0x00000002   Code   RO         1428    i.HAL_TIMEx_Break2Callback  stm32g4xx_hal_tim_ex.o
    0x080029dc   0x080029dc   0x00000002   Code   RO         1429    i.HAL_TIMEx_BreakCallback  stm32g4xx_hal_tim_ex.o
    0x080029de   0x080029de   0x00000002   Code   RO         1430    i.HAL_TIMEx_CommutCallback  stm32g4xx_hal_tim_ex.o
    0x080029e0   0x080029e0   0x000000c8   Code   RO         1433    i.HAL_TIMEx_ConfigBreakDeadTime  stm32g4xx_hal_tim_ex.o
    0x08002aa8   0x08002aa8   0x00000002   Code   RO         1441    i.HAL_TIMEx_DirectionChangeCallback  stm32g4xx_hal_tim_ex.o
    0x08002aaa   0x08002aaa   0x00000002   Code   RO         1455    i.HAL_TIMEx_EncoderIndexCallback  stm32g4xx_hal_tim_ex.o
    0x08002aac   0x08002aac   0x00000002   Code   RO         1469    i.HAL_TIMEx_IndexErrorCallback  stm32g4xx_hal_tim_ex.o
    0x08002aae   0x08002aae   0x00000002   PAD
    0x08002ab0   0x08002ab0   0x000000b8   Code   RO         1470    i.HAL_TIMEx_MasterConfigSynchronization  stm32g4xx_hal_tim_ex.o
    0x08002b68   0x08002b68   0x00000002   Code   RO         1491    i.HAL_TIMEx_TransitionErrorCallback  stm32g4xx_hal_tim_ex.o
    0x08002b6a   0x08002b6a   0x0000006e   Code   RO          703    i.HAL_TIM_Base_Init  stm32g4xx_hal_tim.o
    0x08002bd8   0x08002bd8   0x00000002   Code   RO          705    i.HAL_TIM_Base_MspInit  stm32g4xx_hal_tim.o
    0x08002bda   0x08002bda   0x00000002   PAD
    0x08002bdc   0x08002bdc   0x0000009c   Code   RO          708    i.HAL_TIM_Base_Start_IT  stm32g4xx_hal_tim.o
    0x08002c78   0x08002c78   0x00000002   Code   RO          737    i.HAL_TIM_IC_CaptureCallback  stm32g4xx_hal_tim.o
    0x08002c7a   0x08002c7a   0x00000220   Code   RO          751    i.HAL_TIM_IRQHandler  stm32g4xx_hal_tim.o
    0x08002e9a   0x08002e9a   0x00000002   PAD
    0x08002e9c   0x08002e9c   0x000000a4   Code   RO          472    i.HAL_TIM_MspPostInit  tim.o
    0x08002f40   0x08002f40   0x00000090   Code   RO          752    i.HAL_TIM_OC_ConfigChannel  stm32g4xx_hal_tim.o
    0x08002fd0   0x08002fd0   0x00000002   Code   RO          754    i.HAL_TIM_OC_DelayElapsedCallback  stm32g4xx_hal_tim.o
    0x08002fd2   0x08002fd2   0x0000006e   Code   RO          756    i.HAL_TIM_OC_Init   stm32g4xx_hal_tim.o
    0x08003040   0x08003040   0x0000003c   Code   RO          474    i.HAL_TIM_OC_MspInit  tim.o
    0x0800307c   0x0800307c   0x00000170   Code   RO          775    i.HAL_TIM_PWM_ConfigChannel  stm32g4xx_hal_tim.o
    0x080031ec   0x080031ec   0x0000006e   Code   RO          778    i.HAL_TIM_PWM_Init  stm32g4xx_hal_tim.o
    0x0800325a   0x0800325a   0x00000002   PAD
    0x0800325c   0x0800325c   0x0000003c   Code   RO          476    i.HAL_TIM_PWM_MspInit  tim.o
    0x08003298   0x08003298   0x00000002   Code   RO          781    i.HAL_TIM_PWM_PulseFinishedCallback  stm32g4xx_hal_tim.o
    0x0800329a   0x0800329a   0x00000002   PAD
    0x0800329c   0x0800329c   0x0000014c   Code   RO          783    i.HAL_TIM_PWM_Start  stm32g4xx_hal_tim.o
    0x080033e8   0x080033e8   0x000000e4   Code   RO          786    i.HAL_TIM_PWM_Stop  stm32g4xx_hal_tim.o
    0x080034cc   0x080034cc   0x00000014   Code   RO           27    i.HAL_TIM_PeriodElapsedCallback  main.o
    0x080034e0   0x080034e0   0x00000002   Code   RO          794    i.HAL_TIM_TriggerCallback  stm32g4xx_hal_tim.o
    0x080034e2   0x080034e2   0x0000004e   Code   RO         4378    i.HAL_UARTEx_DisableFifoMode  stm32g4xx_hal_uart_ex.o
    0x08003530   0x08003530   0x00000002   Code   RO         3962    i.HAL_UARTEx_RxEventCallback  stm32g4xx_hal_uart.o
    0x08003532   0x08003532   0x00000002   Code   RO         4386    i.HAL_UARTEx_RxFifoFullCallback  stm32g4xx_hal_uart_ex.o
    0x08003534   0x08003534   0x0000005e   Code   RO         4387    i.HAL_UARTEx_SetRxFifoThreshold  stm32g4xx_hal_uart_ex.o
    0x08003592   0x08003592   0x0000005e   Code   RO         4388    i.HAL_UARTEx_SetTxFifoThreshold  stm32g4xx_hal_uart_ex.o
    0x080035f0   0x080035f0   0x00000002   Code   RO         4390    i.HAL_UARTEx_TxFifoEmptyCallback  stm32g4xx_hal_uart_ex.o
    0x080035f2   0x080035f2   0x00000002   Code   RO         4391    i.HAL_UARTEx_WakeupCallback  stm32g4xx_hal_uart_ex.o
    0x080035f4   0x080035f4   0x00000002   Code   RO         3978    i.HAL_UART_ErrorCallback  stm32g4xx_hal_uart.o
    0x080035f6   0x080035f6   0x00000002   PAD
    0x080035f8   0x080035f8   0x000003d0   Code   RO         3981    i.HAL_UART_IRQHandler  stm32g4xx_hal_uart.o
    0x080039c8   0x080039c8   0x00000078   Code   RO         3982    i.HAL_UART_Init     stm32g4xx_hal_uart.o
    0x08003a40   0x08003a40   0x00000128   Code   RO          383    i.HAL_UART_MspInit  usart.o
    0x08003b68   0x08003b68   0x0000005c   Code   RO         3987    i.HAL_UART_Receive_IT  stm32g4xx_hal_uart.o
    0x08003bc4   0x08003bc4   0x0000008c   Code   RO           28    i.HAL_UART_RxCpltCallback  main.o
    0x08003c50   0x08003c50   0x000000c2   Code   RO         3991    i.HAL_UART_Transmit  stm32g4xx_hal_uart.o
    0x08003d12   0x08003d12   0x00000002   Code   RO         3994    i.HAL_UART_TxCpltCallback  stm32g4xx_hal_uart.o
    0x08003d14   0x08003d14   0x00000004   Code   RO          546    i.HardFault_Handler  stm32g4xx_it.o
    0x08003d18   0x08003d18   0x00000010   Code   RO          547    i.LPUART1_IRQHandler  stm32g4xx_it.o
    0x08003d28   0x08003d28   0x000000ec   Code   RO          316    i.MX_GPIO_Init      gpio.o
    0x08003e14   0x08003e14   0x00000060   Code   RO          342    i.MX_I2C1_Init      i2c.o
    0x08003e74   0x08003e74   0x00000068   Code   RO          384    i.MX_LPUART1_UART_Init  usart.o
    0x08003edc   0x08003edc   0x00000050   Code   RO          432    i.MX_SPI3_Init      spi.o
    0x08003f2c   0x08003f2c   0x000000b0   Code   RO          477    i.MX_TIM1_Init      tim.o
    0x08003fdc   0x08003fdc   0x00000070   Code   RO          478    i.MX_TIM2_Init      tim.o
    0x0800404c   0x0800404c   0x00000074   Code   RO          479    i.MX_TIM3_Init      tim.o
    0x080040c0   0x080040c0   0x0000006c   Code   RO          385    i.MX_USART1_UART_Init  usart.o
    0x0800412c   0x0800412c   0x00000004   Code   RO          548    i.MemManage_Handler  stm32g4xx_it.o
    0x08004130   0x08004130   0x00000004   Code   RO          549    i.NMI_Handler       stm32g4xx_it.o
    0x08004134   0x08004134   0x000000c4   Code   RO           29    i.PID_Calc          main.o
    0x080041f8   0x080041f8   0x00000002   Code   RO          550    i.PendSV_Handler    stm32g4xx_it.o
    0x080041fa   0x080041fa   0x00000002   PAD
    0x080041fc   0x080041fc   0x00000068   Code   RO         2650    i.RCC_GetSysClockFreqFromPLLSource  stm32g4xx_hal_rcc.o
    0x08004264   0x08004264   0x00000074   Code   RO         4549    i.SPI_EndRxTransaction  stm32g4xx_hal_spi.o
    0x080042d8   0x080042d8   0x00000048   Code   RO         4550    i.SPI_EndRxTxTransaction  stm32g4xx_hal_spi.o
    0x08004320   0x08004320   0x000000e0   Code   RO         4555    i.SPI_WaitFifoStateUntilTimeout  stm32g4xx_hal_spi.o
    0x08004400   0x08004400   0x000000b8   Code   RO         4556    i.SPI_WaitFlagStateUntilTimeout  stm32g4xx_hal_spi.o
    0x080044b8   0x080044b8   0x00000002   Code   RO          551    i.SVC_Handler       stm32g4xx_it.o
    0x080044ba   0x080044ba   0x00000002   Code   RO          552    i.SysTick_Handler   stm32g4xx_it.o
    0x080044bc   0x080044bc   0x00000068   Code   RO           30    i.SystemClock_Config  main.o
    0x08004524   0x08004524   0x00000014   Code   RO         4853    i.SystemInit        system_stm32g4xx.o
    0x08004538   0x08004538   0x00000024   Code   RO          553    i.TIM1_BRK_TIM15_IRQHandler  stm32g4xx_it.o
    0x0800455c   0x0800455c   0x000000cc   Code   RO          796    i.TIM_Base_SetConfig  stm32g4xx_hal_tim.o
    0x08004628   0x08004628   0x00000022   Code   RO          797    i.TIM_CCxChannelCmd  stm32g4xx_hal_tim.o
    0x0800464a   0x0800464a   0x00000002   PAD
    0x0800464c   0x0800464c   0x000000ac   Code   RO          809    i.TIM_OC1_SetConfig  stm32g4xx_hal_tim.o
    0x080046f8   0x080046f8   0x000000b4   Code   RO          810    i.TIM_OC2_SetConfig  stm32g4xx_hal_tim.o
    0x080047ac   0x080047ac   0x000000b4   Code   RO          811    i.TIM_OC3_SetConfig  stm32g4xx_hal_tim.o
    0x08004860   0x08004860   0x000000b4   Code   RO          812    i.TIM_OC4_SetConfig  stm32g4xx_hal_tim.o
    0x08004914   0x08004914   0x00000070   Code   RO          813    i.TIM_OC5_SetConfig  stm32g4xx_hal_tim.o
    0x08004984   0x08004984   0x00000070   Code   RO          814    i.TIM_OC6_SetConfig  stm32g4xx_hal_tim.o
    0x080049f4   0x080049f4   0x00000058   Code   RO         4392    i.UARTEx_SetNbDataToProcess  stm32g4xx_hal_uart_ex.o
    0x08004a4c   0x08004a4c   0x000000f8   Code   RO         3996    i.UART_AdvFeatureConfig  stm32g4xx_hal_uart.o
    0x08004b44   0x08004b44   0x000000ea   Code   RO         3997    i.UART_CheckIdleState  stm32g4xx_hal_uart.o
    0x08004c2e   0x08004c2e   0x00000014   Code   RO         3998    i.UART_DMAAbortOnError  stm32g4xx_hal_uart.o
    0x08004c42   0x08004c42   0x00000002   PAD
    0x08004c44   0x08004c44   0x0000006c   Code   RO         4008    i.UART_EndRxTransfer  stm32g4xx_hal_uart.o
    0x08004cb0   0x08004cb0   0x00000030   Code   RO         4009    i.UART_EndTransmit_IT  stm32g4xx_hal_uart.o
    0x08004ce0   0x08004ce0   0x00000104   Code   RO         4011    i.UART_RxISR_16BIT  stm32g4xx_hal_uart.o
    0x08004de4   0x08004de4   0x00000200   Code   RO         4012    i.UART_RxISR_16BIT_FIFOEN  stm32g4xx_hal_uart.o
    0x08004fe4   0x08004fe4   0x00000104   Code   RO         4013    i.UART_RxISR_8BIT   stm32g4xx_hal_uart.o
    0x080050e8   0x080050e8   0x000001fc   Code   RO         4014    i.UART_RxISR_8BIT_FIFOEN  stm32g4xx_hal_uart.o
    0x080052e4   0x080052e4   0x00000384   Code   RO         4015    i.UART_SetConfig    stm32g4xx_hal_uart.o
    0x08005668   0x08005668   0x0000015c   Code   RO         4017    i.UART_Start_Receive_IT  stm32g4xx_hal_uart.o
    0x080057c4   0x080057c4   0x000000ac   Code   RO         4022    i.UART_WaitOnFlagUntilTimeout  stm32g4xx_hal_uart.o
    0x08005870   0x08005870   0x00000010   Code   RO          554    i.USART1_IRQHandler  stm32g4xx_it.o
    0x08005880   0x08005880   0x00000004   Code   RO          555    i.UsageFault_Handler  stm32g4xx_it.o
    0x08005884   0x08005884   0x00000020   Code   RO         5102    i.__0printf$8       mc_w.l(printf8.o)
    0x080058a4   0x080058a4   0x00000010   Code   RO         3821    i.__NVIC_GetPriorityGrouping  stm32g4xx_hal_cortex.o
    0x080058b4   0x080058b4   0x00000028   Code   RO         3822    i.__NVIC_SetPriority  stm32g4xx_hal_cortex.o
    0x080058dc   0x080058dc   0x0000000e   Code   RO         5213    i.__scatterload_copy  mc_w.l(handlers.o)
    0x080058ea   0x080058ea   0x00000002   Code   RO         5214    i.__scatterload_null  mc_w.l(handlers.o)
    0x080058ec   0x080058ec   0x0000000e   Code   RO         5215    i.__scatterload_zeroinit  mc_w.l(handlers.o)
    0x080058fa   0x080058fa   0x00000002   PAD
    0x080058fc   0x080058fc   0x00000410   Code   RO         5109    i._printf_core      mc_w.l(printf8.o)
    0x08005d0c   0x08005d0c   0x00000024   Code   RO         5110    i._printf_post_padding  mc_w.l(printf8.o)
    0x08005d30   0x08005d30   0x0000002e   Code   RO         5111    i._printf_pre_padding  mc_w.l(printf8.o)
    0x08005d5e   0x08005d5e   0x00000002   PAD
    0x08005d60   0x08005d60   0x000000bc   Code   RO           31    i.display_menu      main.o
    0x08005e1c   0x08005e1c   0x00000018   Code   RO           32    i.fputc             main.o
    0x08005e34   0x08005e34   0x00000124   Code   RO           33    i.key_proc          main.o
    0x08005f58   0x08005f58   0x000000f8   Code   RO           34    i.main              main.o
    0x08006050   0x08006050   0x00000020   Code   RO           35    i.update_highli     main.o
    0x08006070   0x08006070   0x00000080   Data   RO           38    .constdata          main.o
    0x080060f0   0x080060f0   0x00000018   Data   RO         4023    .constdata          stm32g4xx_hal_uart.o
    0x08006108   0x08006108   0x00000010   Data   RO         4394    .constdata          stm32g4xx_hal_uart_ex.o
    0x08006118   0x08006118   0x00000018   Data   RO         4854    .constdata          system_stm32g4xx.o
    0x08006130   0x08006130   0x00000040   Data   RO         5209    .constdata          mc_w.l(ctype_c.o)
    0x08006170   0x08006170   0x00000044   Data   RO           39    .conststring        main.o
    0x080061b4   0x080061b4   0x00000020   Data   RO         5211    Region$$Table       anon$$obj.o


    Execution Region RW_IRAM1 (Exec base: 0x20000000, Load base: 0x080061d4, Size: 0x00000790, Max: 0x00008000, ABSOLUTE)

    Exec Addr    Load Addr    Size         Type   Attr      Idx    E Section Name        Object

    0x20000000   0x080061d4   0x00000028   Data   RW           40    .data               main.o
    0x20000028   0x080061fc   0x0000000c   Data   RW         2421    .data               stm32g4xx_hal.o
    0x20000034   0x08006208   0x00000004   Data   RW         4855    .data               system_stm32g4xx.o
    0x20000038   0x0800620c   0x00000004   Data   RW         5174    .data               mc_w.l(stdout.o)
    0x2000003c        -       0x00000040   Zero   RW           37    .bss                main.o
    0x2000007c        -       0x00000054   Zero   RW          343    .bss                i2c.o
    0x200000d0        -       0x00000128   Zero   RW          386    .bss                usart.o
    0x200001f8        -       0x00000064   Zero   RW          433    .bss                spi.o
    0x2000025c        -       0x000000e4   Zero   RW          480    .bss                tim.o
    0x20000340        -       0x0000004c   Zero   RW          665    .bss                stm32g4xx_hal_timebase_tim.o
    0x2000038c   0x08006210   0x00000004   PAD
    0x20000390        -       0x00000400   Zero   RW            1    STACK               startup_stm32g431xx.o


==============================================================================

Image component sizes


      Code (inc. data)   RO Data    RW Data    ZI Data      Debug   Object Name

       236         12          0          0          0       1003   gpio.o
       248         26          0          0         84       1749   i2c.o
      2776        936        196         40         64     670272   main.o
       180         22          0          0        100       1713   spi.o
        36          8        472          0       1024        840   startup_stm32g431xx.o
        66         14          0         12          0       3022   stm32g4xx_hal.o
       258         22          0          0          0      33590   stm32g4xx_hal_cortex.o
       266          0          0          0          0       1779   stm32g4xx_hal_dma.o
       470         32          0          0          0       2064   stm32g4xx_hal_gpio.o
       216          4          0          0          0       2775   stm32g4xx_hal_i2c.o
       262         10          0          0          0       2630   stm32g4xx_hal_i2c_ex.o
        68          6          0          0          0        862   stm32g4xx_hal_msp.o
       300         18          0          0          0       1417   stm32g4xx_hal_pwr_ex.o
      2328        116          0          0          0       7933   stm32g4xx_hal_rcc.o
       880          8          0          0          0       1888   stm32g4xx_hal_rcc_ex.o
      2236         10          0          0          0       9902   stm32g4xx_hal_spi.o
      3286        260          0          0          0      17029   stm32g4xx_hal_tim.o
       398         34          0          0          0       6452   stm32g4xx_hal_tim_ex.o
       156         22          0          0         76       1436   stm32g4xx_hal_timebase_tim.o
      5006        136         24          0          0      37938   stm32g4xx_hal_uart.o
       360         10         16          0          0       5466   stm32g4xx_hal_uart_ex.o
        96         20          0          0          0       5759   stm32g4xx_it.o
        20          6         24          4          0       1139   system_stm32g4xx.o
       688         58          0          0        228       4470   tim.o
       508         36          0          0        296       2534   usart.o

    ----------------------------------------------------------------------
     21376       1826        764         56       1876     825662   Object Totals
         0          0         32          0          0          0   (incl. Generated)
        32          0          0          0          4          0   (incl. Padding)

    ----------------------------------------------------------------------

      Code (inc. data)   RO Data    RW Data    ZI Data      Debug   Library Member Name

        56          8          0          0          0         84   __0sscanf.o
        28          0          0          0          0         68   _chval.o
       812          4          0          0          0        112   _scanf.o
       332          0          0          0          0         96   _scanf_int.o
        64          0          0          0          0         84   _sgetc.o
        40          6         64          0          0         68   ctype_c.o
         0          0          0          0          0          0   entry.o
         0          0          0          0          0          0   entry10a.o
         0          0          0          0          0          0   entry11a.o
         8          4          0          0          0          0   entry2.o
         4          0          0          0          0          0   entry5.o
         0          0          0          0          0          0   entry7b.o
         0          0          0          0          0          0   entry8b.o
         8          4          0          0          0          0   entry9a.o
        30          0          0          0          0          0   handlers.o
        36          8          0          0          0         68   init.o
        10          0          0          0          0         68   isspace_c.o
        30          0          0          0          0         68   llshl.o
        32          0          0          0          0         68   llushr.o
        36          0          0          0          0        108   memseta.o
      1154         54          0          0          0        352   printf8.o
        40          8          0          0          0         84   scanf_char.o
         0          0          0          4          0          0   stdout.o
        14          0          0          0          0         68   strlen.o
        98          0          0          0          0         92   uldiv.o

    ----------------------------------------------------------------------
      2840         96         64          4          0       1488   Library Totals
         8          0          0          0          0          0   (incl. Padding)

    ----------------------------------------------------------------------

      Code (inc. data)   RO Data    RW Data    ZI Data      Debug   Library Name

      2832         96         64          4          0       1488   mc_w.l

    ----------------------------------------------------------------------
      2840         96         64          4          0       1488   Library Totals

    ----------------------------------------------------------------------

==============================================================================


      Code (inc. data)   RO Data    RW Data    ZI Data      Debug   

     24216       1922        828         60       1876     813326   Grand Totals
     24216       1922        828         60       1876     813326   ELF Image Totals
     24216       1922        828         60          0          0   ROM Totals

==============================================================================

    Total RO  Size (Code + RO Data)                25044 (  24.46kB)
    Total RW  Size (RW Data + ZI Data)              1936 (   1.89kB)
    Total ROM Size (Code + RO Data + RW Data)      25104 (  24.52kB)

==============================================================================

