Component: ARM Compiler 5.06 update 5 (build 528) Tool: armlink [4d35e2]

==============================================================================

Section Cross References

    startup_stm32g431xx.o(RESET) refers to startup_stm32g431xx.o(STACK) for __initial_sp
    startup_stm32g431xx.o(RESET) refers to startup_stm32g431xx.o(.text) for Reset_Handler
    startup_stm32g431xx.o(RESET) refers to stm32g4xx_it.o(i.NMI_Handler) for NMI_Handler
    startup_stm32g431xx.o(RESET) refers to stm32g4xx_it.o(i.HardFault_Handler) for HardFault_Handler
    startup_stm32g431xx.o(RESET) refers to stm32g4xx_it.o(i.MemManage_Handler) for MemManage_Handler
    startup_stm32g431xx.o(RESET) refers to stm32g4xx_it.o(i.BusFault_Handler) for BusFault_Handler
    startup_stm32g431xx.o(RESET) refers to stm32g4xx_it.o(i.UsageFault_Handler) for UsageFault_Handler
    startup_stm32g431xx.o(RESET) refers to stm32g4xx_it.o(i.SVC_Handler) for SVC_Handler
    startup_stm32g431xx.o(RESET) refers to stm32g4xx_it.o(i.DebugMon_Handler) for DebugMon_Handler
    startup_stm32g431xx.o(RESET) refers to stm32g4xx_it.o(i.PendSV_Handler) for PendSV_Handler
    startup_stm32g431xx.o(RESET) refers to stm32g4xx_it.o(i.SysTick_Handler) for SysTick_Handler
    startup_stm32g431xx.o(RESET) refers to stm32g4xx_it.o(i.TIM1_BRK_TIM15_IRQHandler) for TIM1_BRK_TIM15_IRQHandler
    startup_stm32g431xx.o(RESET) refers to stm32g4xx_it.o(i.USART1_IRQHandler) for USART1_IRQHandler
    startup_stm32g431xx.o(RESET) refers to stm32g4xx_it.o(i.LPUART1_IRQHandler) for LPUART1_IRQHandler
    startup_stm32g431xx.o(.text) refers to system_stm32g4xx.o(i.SystemInit) for SystemInit
    startup_stm32g431xx.o(.text) refers to entry.o(.ARM.Collect$$$$00000000) for __main
    main.o(i.HAL_TIM_PeriodElapsedCallback) refers to stm32g4xx_hal.o(i.HAL_IncTick) for HAL_IncTick
    main.o(i.HAL_UART_RxCpltCallback) refers to stm32g4xx_hal_uart.o(i.HAL_UART_Receive_IT) for HAL_UART_Receive_IT
    main.o(i.HAL_UART_RxCpltCallback) refers to main.o(i.key_proc) for key_proc
    main.o(i.HAL_UART_RxCpltCallback) refers to main.o(.data) for rx_data
    main.o(i.HAL_UART_RxCpltCallback) refers to usart.o(.bss) for hlpuart1
    main.o(i.HAL_UART_RxCpltCallback) refers to main.o(.bss) for rx_buf
    main.o(i.SystemClock_Config) refers to memseta.o(.text) for __aeabi_memclr4
    main.o(i.SystemClock_Config) refers to stm32g4xx_hal_pwr_ex.o(i.HAL_PWREx_ControlVoltageScaling) for HAL_PWREx_ControlVoltageScaling
    main.o(i.SystemClock_Config) refers to stm32g4xx_hal_rcc.o(i.HAL_RCC_OscConfig) for HAL_RCC_OscConfig
    main.o(i.SystemClock_Config) refers to main.o(i.Error_Handler) for Error_Handler
    main.o(i.SystemClock_Config) refers to stm32g4xx_hal_rcc.o(i.HAL_RCC_ClockConfig) for HAL_RCC_ClockConfig
    main.o(i.display_menu) refers to printf3.o(i.__0printf$3) for __2printf
    main.o(i.display_menu) refers to main.o(.constdata) for menu
    main.o(i.display_menu) refers to main.o(.data) for highli
    main.o(i.fputc) refers to stm32g4xx_hal_uart.o(i.HAL_UART_Transmit) for HAL_UART_Transmit
    main.o(i.fputc) refers to usart.o(.bss) for hlpuart1
    main.o(i.key_proc) refers to main.o(i.update_highli) for update_highli
    main.o(i.key_proc) refers to printf3.o(i.__0printf$3) for __2printf
    main.o(i.key_proc) refers to main.o(i.display_menu) for display_menu
    main.o(i.key_proc) refers to stm32g4xx_hal_uart.o(i.HAL_UART_Transmit) for HAL_UART_Transmit
    main.o(i.key_proc) refers to main.o(.data) for slec_flag
    main.o(i.key_proc) refers to usart.o(.bss) for huart1
    main.o(i.main) refers to stm32g4xx_hal.o(i.HAL_Init) for HAL_Init
    main.o(i.main) refers to main.o(i.SystemClock_Config) for SystemClock_Config
    main.o(i.main) refers to gpio.o(i.MX_GPIO_Init) for MX_GPIO_Init
    main.o(i.main) refers to usart.o(i.MX_USART1_UART_Init) for MX_USART1_UART_Init
    main.o(i.main) refers to usart.o(i.MX_LPUART1_UART_Init) for MX_LPUART1_UART_Init
    main.o(i.main) refers to i2c.o(i.MX_I2C1_Init) for MX_I2C1_Init
    main.o(i.main) refers to tim.o(i.MX_TIM2_Init) for MX_TIM2_Init
    main.o(i.main) refers to tim.o(i.MX_TIM1_Init) for MX_TIM1_Init
    main.o(i.main) refers to main.o(i.update_highli) for update_highli
    main.o(i.main) refers to main.o(i.display_menu) for display_menu
    main.o(i.main) refers to stm32g4xx_hal_uart.o(i.HAL_UART_Receive_IT) for HAL_UART_Receive_IT
    main.o(i.main) refers to printf3.o(i.__0printf$3) for __2printf
    main.o(i.main) refers to main.o(.data) for rx_data
    main.o(i.main) refers to usart.o(.bss) for hlpuart1
    main.o(i.main) refers to main.o(.bss) for rx_buf
    main.o(i.update_highli) refers to main.o(.data) for highli
    gpio.o(i.MX_GPIO_Init) refers to memseta.o(.text) for __aeabi_memclr4
    gpio.o(i.MX_GPIO_Init) refers to stm32g4xx_hal_gpio.o(i.HAL_GPIO_WritePin) for HAL_GPIO_WritePin
    gpio.o(i.MX_GPIO_Init) refers to stm32g4xx_hal_gpio.o(i.HAL_GPIO_Init) for HAL_GPIO_Init
[...]
    Removing stm32g4xx_hal_pwr.o(i.HAL_PWR_DisableSleepOnExit), (20 bytes).
    Removing stm32g4xx_hal_pwr.o(i.HAL_PWR_DisableWakeUpPin), (20 bytes).
    Removing stm32g4xx_hal_pwr.o(i.HAL_PWR_EnableBkUpAccess), (20 bytes).
    Removing stm32g4xx_hal_pwr.o(i.HAL_PWR_EnablePVD), (20 bytes).
    Removing stm32g4xx_hal_pwr.o(i.HAL_PWR_EnableSEVOnPend), (20 bytes).
    Removing stm32g4xx_hal_pwr.o(i.HAL_PWR_EnableSleepOnExit), (20 bytes).
    Removing stm32g4xx_hal_pwr.o(i.HAL_PWR_EnableWakeUpPin), (40 bytes).
    Removing stm32g4xx_hal_pwr.o(i.HAL_PWR_EnterSLEEPMode), (80 bytes).
    Removing stm32g4xx_hal_pwr.o(i.HAL_PWR_EnterSTANDBYMode), (44 bytes).
    Removing stm32g4xx_hal_pwr.o(i.HAL_PWR_EnterSTOPMode), (28 bytes).
    Removing stm32g4xx_hal_pwr.o(i.HAL_PWR_PVDCallback), (2 bytes).
    Removing stm32g4xx_hal_pwr_ex.o(.rev16_text), (4 bytes).
    Removing stm32g4xx_hal_pwr_ex.o(.revsh_text), (4 bytes).
    Removing stm32g4xx_hal_pwr_ex.o(.rrx_text), (6 bytes).
    Removing stm32g4xx_hal_pwr_ex.o(i.HAL_PWREx_ConfigPVM), (668 bytes).
    Removing stm32g4xx_hal_pwr_ex.o(i.HAL_PWREx_DisableBatteryCharging), (20 bytes).
    Removing stm32g4xx_hal_pwr_ex.o(i.HAL_PWREx_DisableGPIOPullDown), (132 bytes).
    Removing stm32g4xx_hal_pwr_ex.o(i.HAL_PWREx_DisableGPIOPullUp), (132 bytes).
    Removing stm32g4xx_hal_pwr_ex.o(i.HAL_PWREx_DisableInternalWakeUpLine), (20 bytes).
    Removing stm32g4xx_hal_pwr_ex.o(i.HAL_PWREx_DisableLowPowerRunMode), (84 bytes).
    Removing stm32g4xx_hal_pwr_ex.o(i.HAL_PWREx_DisablePVM1), (20 bytes).
    Removing stm32g4xx_hal_pwr_ex.o(i.HAL_PWREx_DisablePVM2), (20 bytes).
    Removing stm32g4xx_hal_pwr_ex.o(i.HAL_PWREx_DisablePVM3), (20 bytes).
    Removing stm32g4xx_hal_pwr_ex.o(i.HAL_PWREx_DisablePVM4), (20 bytes).
    Removing stm32g4xx_hal_pwr_ex.o(i.HAL_PWREx_DisablePullUpPullDownConfig), (20 bytes).
    Removing stm32g4xx_hal_pwr_ex.o(i.HAL_PWREx_DisableSRAM2ContentRetention), (20 bytes).
    Removing stm32g4xx_hal_pwr_ex.o(i.HAL_PWREx_DisableUCPDStandbyMode), (20 bytes).
    Removing stm32g4xx_hal_pwr_ex.o(i.HAL_PWREx_EnableBatteryCharging), (32 bytes).
    Removing stm32g4xx_hal_pwr_ex.o(i.HAL_PWREx_EnableGPIOPullDown), (208 bytes).
    Removing stm32g4xx_hal_pwr_ex.o(i.HAL_PWREx_EnableGPIOPullUp), (208 bytes).
    Removing stm32g4xx_hal_pwr_ex.o(i.HAL_PWREx_EnableInternalWakeUpLine), (20 bytes).
    Removing stm32g4xx_hal_pwr_ex.o(i.HAL_PWREx_EnableLowPowerRunMode), (20 bytes).
    Removing stm32g4xx_hal_pwr_ex.o(i.HAL_PWREx_EnablePVM1), (20 bytes).
    Removing stm32g4xx_hal_pwr_ex.o(i.HAL_PWREx_EnablePVM2), (20 bytes).
    Removing stm32g4xx_hal_pwr_ex.o(i.HAL_PWREx_EnablePVM3), (20 bytes).
    Removing stm32g4xx_hal_pwr_ex.o(i.HAL_PWREx_EnablePVM4), (20 bytes).
    Removing stm32g4xx_hal_pwr_ex.o(i.HAL_PWREx_EnablePullUpPullDownConfig), (20 bytes).
    Removing stm32g4xx_hal_pwr_ex.o(i.HAL_PWREx_EnableSRAM2ContentRetention), (20 bytes).
    Removing stm32g4xx_hal_pwr_ex.o(i.HAL_PWREx_EnableUCPDDeadBattery), (20 bytes).
    Removing stm32g4xx_hal_pwr_ex.o(i.HAL_PWREx_EnableUCPDStandbyMode), (20 bytes).
    Removing stm32g4xx_hal_pwr_ex.o(i.HAL_PWREx_EnterSHUTDOWNMode), (44 bytes).
    Removing stm32g4xx_hal_pwr_ex.o(i.HAL_PWREx_EnterSTOP0Mode), (60 bytes).
    Removing stm32g4xx_hal_pwr_ex.o(i.HAL_PWREx_EnterSTOP1Mode), (64 bytes).
    Removing stm32g4xx_hal_pwr_ex.o(i.HAL_PWREx_GetVoltageRange), (52 bytes).
    Removing stm32g4xx_hal_pwr_ex.o(i.HAL_PWREx_PVD_PVM_IRQHandler), (128 bytes).
    Removing stm32g4xx_hal_pwr_ex.o(i.HAL_PWREx_PVM1Callback), (2 bytes).
    Removing stm32g4xx_hal_pwr_ex.o(i.HAL_PWREx_PVM2Callback), (2 bytes).
    Removing stm32g4xx_hal_pwr_ex.o(i.HAL_PWREx_PVM3Callback), (2 bytes).
    Removing stm32g4xx_hal_pwr_ex.o(i.HAL_PWREx_PVM4Callback), (2 bytes).
    Removing stm32g4xx_hal_cortex.o(.rev16_text), (4 bytes).
    Removing stm32g4xx_hal_cortex.o(.revsh_text), (4 bytes).
    Removing stm32g4xx_hal_cortex.o(.rrx_text), (6 bytes).
    Removing stm32g4xx_hal_cortex.o(i.HAL_MPU_ConfigRegion), (92 bytes).
    Removing stm32g4xx_hal_cortex.o(i.HAL_MPU_Disable), (28 bytes).
    Removing stm32g4xx_hal_cortex.o(i.HAL_MPU_DisableRegion), (28 bytes).
    Removing stm32g4xx_hal_cortex.o(i.HAL_MPU_Enable), (48 bytes).
    Removing stm32g4xx_hal_cortex.o(i.HAL_MPU_EnableRegion), (28 bytes).
    Removing stm32g4xx_hal_cortex.o(i.HAL_NVIC_ClearPendingIRQ), (36 bytes).
    Removing stm32g4xx_hal_cortex.o(i.HAL_NVIC_DisableIRQ), (68 bytes).
    Removing stm32g4xx_hal_cortex.o(i.HAL_NVIC_GetActive), (48 bytes).
    Removing stm32g4xx_hal_cortex.o(i.HAL_NVIC_GetPendingIRQ), (48 bytes).
    Removing stm32g4xx_hal_cortex.o(i.HAL_NVIC_GetPriority), (148 bytes).
    Removing stm32g4xx_hal_cortex.o(i.HAL_NVIC_GetPriorityGrouping), (8 bytes).
    Removing stm32g4xx_hal_cortex.o(i.HAL_NVIC_SetPendingIRQ), (36 bytes).
    Removing stm32g4xx_hal_cortex.o(i.HAL_NVIC_SystemReset), (68 bytes).
    Removing stm32g4xx_hal_cortex.o(i.HAL_SYSTICK_CLKSourceConfig), (40 bytes).
    Removing stm32g4xx_hal_cortex.o(i.HAL_SYSTICK_Callback), (2 bytes).
    Removing stm32g4xx_hal_cortex.o(i.HAL_SYSTICK_Config), (52 bytes).
    Removing stm32g4xx_hal_cortex.o(i.HAL_SYSTICK_IRQHandler), (8 bytes).
    Removing stm32g4xx_hal_uart.o(.rev16_text), (4 bytes).
    Removing stm32g4xx_hal_uart.o(.revsh_text), (4 bytes).
    Removing stm32g4xx_hal_uart.o(.rrx_text), (6 bytes).
    Removing stm32g4xx_hal_uart.o(i.HAL_HalfDuplex_EnableReceiver), (102 bytes).
    Removing stm32g4xx_hal_uart.o(i.HAL_HalfDuplex_EnableTransmitter), (102 bytes).
    Removing stm32g4xx_hal_uart.o(i.HAL_HalfDuplex_Init), (124 bytes).
    Removing stm32g4xx_hal_uart.o(i.HAL_LIN_Init), (160 bytes).
    Removing stm32g4xx_hal_uart.o(i.HAL_LIN_SendBreak), (62 bytes).
    Removing stm32g4xx_hal_uart.o(i.HAL_MultiProcessor_DisableMuteMode), (72 bytes).
    Removing stm32g4xx_hal_uart.o(i.HAL_MultiProcessor_EnableMuteMode), (72 bytes).
    Removing stm32g4xx_hal_uart.o(i.HAL_MultiProcessor_EnterMuteMode), (14 bytes).
    Removing stm32g4xx_hal_uart.o(i.HAL_MultiProcessor_Init), (148 bytes).
    Removing stm32g4xx_hal_uart.o(i.HAL_UART_Abort), (336 bytes).
    Removing stm32g4xx_hal_uart.o(i.HAL_UART_AbortCpltCallback), (2 bytes).
    Removing stm32g4xx_hal_uart.o(i.HAL_UART_AbortReceive), (224 bytes).
    Removing stm32g4xx_hal_uart.o(i.HAL_UART_AbortReceiveCpltCallback), (2 bytes).
    Removing stm32g4xx_hal_uart.o(i.HAL_UART_AbortReceive_IT), (256 bytes).
    Removing stm32g4xx_hal_uart.o(i.HAL_UART_AbortTransmit), (176 bytes).
    Removing stm32g4xx_hal_uart.o(i.HAL_UART_AbortTransmitCpltCallback), (2 bytes).
    Removing stm32g4xx_hal_uart.o(i.HAL_UART_AbortTransmit_IT), (200 bytes).
    Removing stm32g4xx_hal_uart.o(i.HAL_UART_Abort_IT), (396 bytes).
    Removing stm32g4xx_hal_uart.o(i.HAL_UART_DMAPause), (164 bytes).
    Removing stm32g4xx_hal_uart.o(i.HAL_UART_DMAResume), (148 bytes).
    Removing stm32g4xx_hal_uart.o(i.HAL_UART_DMAStop), (190 bytes).
    Removing stm32g4xx_hal_uart.o(i.HAL_UART_DeInit), (76 bytes).
    Removing stm32g4xx_hal_uart.o(i.HAL_UART_DisableReceiverTimeout), (88 bytes).
    Removing stm32g4xx_hal_uart.o(i.HAL_UART_EnableReceiverTimeout), (88 bytes).
    Removing stm32g4xx_hal_uart.o(i.HAL_UART_GetError), (8 bytes).
    Removing stm32g4xx_hal_uart.o(i.HAL_UART_GetState), (16 bytes).
    Removing stm32g4xx_hal_uart.o(i.HAL_UART_MspDeInit), (2 bytes).
    Removing stm32g4xx_hal_uart.o(i.HAL_UART_MspInit), (2 bytes).
    Removing stm32g4xx_hal_uart.o(i.HAL_UART_Receive), (274 bytes).
    Removing stm32g4xx_hal_uart.o(i.HAL_UART_Receive_DMA), (92 bytes).
    Removing stm32g4xx_hal_uart.o(i.HAL_UART_ReceiverTimeout_Config), (28 bytes).
    Removing stm32g4xx_hal_uart.o(i.HAL_UART_RxCpltCallback), (2 bytes).
    Removing stm32g4xx_hal_uart.o(i.HAL_UART_RxHalfCpltCallback), (2 bytes).
    Removing stm32g4xx_hal_uart.o(i.HAL_UART_Transmit_DMA), (160 bytes).
    Removing stm32g4xx_hal_uart.o(i.HAL_UART_Transmit_IT), (172 bytes).
    Removing stm32g4xx_hal_uart.o(i.HAL_UART_TxHalfCpltCallback), (2 bytes).
    Removing stm32g4xx_hal_uart.o(i.UART_DMAError), (94 bytes).
    Removing stm32g4xx_hal_uart.o(i.UART_DMAReceiveCplt), (180 bytes).
    Removing stm32g4xx_hal_uart.o(i.UART_DMARxAbortCallback), (82 bytes).
    Removing stm32g4xx_hal_uart.o(i.UART_DMARxHalfCplt), (38 bytes).
    Removing stm32g4xx_hal_uart.o(i.UART_DMARxOnlyAbortCallback), (48 bytes).
    Removing stm32g4xx_hal_uart.o(i.UART_DMATransmitCplt), (86 bytes).
    Removing stm32g4xx_hal_uart.o(i.UART_DMATxAbortCallback), (92 bytes).
    Removing stm32g4xx_hal_uart.o(i.UART_DMATxHalfCplt), (14 bytes).
    Removing stm32g4xx_hal_uart.o(i.UART_DMATxOnlyAbortCallback), (46 bytes).
    Removing stm32g4xx_hal_uart.o(i.UART_EndTxTransfer), (64 bytes).
    Removing stm32g4xx_hal_uart.o(i.UART_Start_Receive_DMA), (200 bytes).
    Removing stm32g4xx_hal_uart.o(i.UART_TxISR_16BIT), (98 bytes).
    Removing stm32g4xx_hal_uart.o(i.UART_TxISR_16BIT_FIFOEN), (130 bytes).
    Removing stm32g4xx_hal_uart.o(i.UART_TxISR_8BIT), (92 bytes).
    Removing stm32g4xx_hal_uart.o(i.UART_TxISR_8BIT_FIFOEN), (126 bytes).
    Removing stm32g4xx_hal_uart_ex.o(.rev16_text), (4 bytes).
    Removing stm32g4xx_hal_uart_ex.o(.revsh_text), (4 bytes).
    Removing stm32g4xx_hal_uart_ex.o(.rrx_text), (6 bytes).
    Removing stm32g4xx_hal_uart_ex.o(i.HAL_MultiProcessorEx_AddressLength_Set), (64 bytes).
    Removing stm32g4xx_hal_uart_ex.o(i.HAL_RS485Ex_Init), (152 bytes).
    Removing stm32g4xx_hal_uart_ex.o(i.HAL_UARTEx_DisableStopMode), (64 bytes).
    Removing stm32g4xx_hal_uart_ex.o(i.HAL_UARTEx_EnableFifoMode), (88 bytes).
    Removing stm32g4xx_hal_uart_ex.o(i.HAL_UARTEx_EnableStopMode), (64 bytes).
    Removing stm32g4xx_hal_uart_ex.o(i.HAL_UARTEx_GetRxEventType), (6 bytes).
    Removing stm32g4xx_hal_uart_ex.o(i.HAL_UARTEx_ReceiveToIdle), (362 bytes).
    Removing stm32g4xx_hal_uart_ex.o(i.HAL_UARTEx_ReceiveToIdle_DMA), (98 bytes).
    Removing stm32g4xx_hal_uart_ex.o(i.HAL_UARTEx_ReceiveToIdle_IT), (96 bytes).
    Removing stm32g4xx_hal_uart_ex.o(i.HAL_UARTEx_StopModeWakeUpSourceConfig), (144 bytes).
    Removing stm32g4xx_hal_uart_ex.o(i.UARTEx_Wakeup_AddressConfig), (38 bytes).
    Removing system_stm32g4xx.o(.rev16_text), (4 bytes).
    Removing system_stm32g4xx.o(.revsh_text), (4 bytes).
    Removing system_stm32g4xx.o(.rrx_text), (6 bytes).
    Removing system_stm32g4xx.o(i.SystemCoreClockUpdate), (156 bytes).
    Removing dadd.o(.text), (334 bytes).
    Removing dmul.o(.text), (228 bytes).
    Removing ddiv.o(.text), (222 bytes).
    Removing dfixul.o(.text), (48 bytes).
    Removing cdrcmple.o(.text), (48 bytes).
    Removing depilogue.o(.text), (186 bytes).

606 unused section(s) (total 61364 bytes) removed from the image.

==============================================================================

Image Symbol Table

    Local Symbols

    Symbol Name                              Value     Ov Type        Size  Object(Section)

    ../Core/Src/gpio.c                       0x00000000   Number         0  gpio.o ABSOLUTE
    ../Core/Src/i2c.c                        0x00000000   Number         0  i2c.o ABSOLUTE
    ../Core/Src/main.c                       0x00000000   Number         0  main.o ABSOLUTE
    ../Core/Src/stm32g4xx_hal_msp.c          0x00000000   Number         0  stm32g4xx_hal_msp.o ABSOLUTE
    ../Core/Src/stm32g4xx_hal_timebase_tim.c 0x00000000   Number         0  stm32g4xx_hal_timebase_tim.o ABSOLUTE
    ../Core/Src/stm32g4xx_it.c               0x00000000   Number         0  stm32g4xx_it.o ABSOLUTE
    ../Core/Src/system_stm32g4xx.c           0x00000000   Number         0  system_stm32g4xx.o ABSOLUTE
    ../Core/Src/tim.c                        0x00000000   Number         0  tim.o ABSOLUTE
    ../Core/Src/usart.c                      0x00000000   Number         0  usart.o ABSOLUTE
    ../Drivers/STM32G4xx_HAL_Driver/Src/stm32g4xx_hal.c 0x00000000   Number         0  stm32g4xx_hal.o ABSOLUTE
    ../Drivers/STM32G4xx_HAL_Driver/Src/stm32g4xx_hal_cortex.c 0x00000000   Number         0  stm32g4xx_hal_cortex.o ABSOLUTE
    ../Drivers/STM32G4xx_HAL_Driver/Src/stm32g4xx_hal_dma.c 0x00000000   Number         0  stm32g4xx_hal_dma.o ABSOLUTE
    ../Drivers/STM32G4xx_HAL_Driver/Src/stm32g4xx_hal_dma_ex.c 0x00000000   Number         0  stm32g4xx_hal_dma_ex.o ABSOLUTE
    ../Drivers/STM32G4xx_HAL_Driver/Src/stm32g4xx_hal_exti.c 0x00000000   Number         0  stm32g4xx_hal_exti.o ABSOLUTE
    ../Drivers/STM32G4xx_HAL_Driver/Src/stm32g4xx_hal_flash.c 0x00000000   Number         0  stm32g4xx_hal_flash.o ABSOLUTE
    ../Drivers/STM32G4xx_HAL_Driver/Src/stm32g4xx_hal_flash_ex.c 0x00000000   Number         0  stm32g4xx_hal_flash_ex.o ABSOLUTE
    ../Drivers/STM32G4xx_HAL_Driver/Src/stm32g4xx_hal_flash_ramfunc.c 0x00000000   Number         0  stm32g4xx_hal_flash_ramfunc.o ABSOLUTE
    ../Drivers/STM32G4xx_HAL_Driver/Src/stm32g4xx_hal_gpio.c 0x00000000   Number         0  stm32g4xx_hal_gpio.o ABSOLUTE
    ../Drivers/STM32G4xx_HAL_Driver/Src/stm32g4xx_hal_i2c.c 0x00000000   Number         0  stm32g4xx_hal_i2c.o ABSOLUTE
    ../Drivers/STM32G4xx_HAL_Driver/Src/stm32g4xx_hal_i2c_ex.c 0x00000000   Number         0  stm32g4xx_hal_i2c_ex.o ABSOLUTE
    ../Drivers/STM32G4xx_HAL_Driver/Src/stm32g4xx_hal_pwr.c 0x00000000   Number         0  stm32g4xx_hal_pwr.o ABSOLUTE
    ../Drivers/STM32G4xx_HAL_Driver/Src/stm32g4xx_hal_pwr_ex.c 0x00000000   Number         0  stm32g4xx_hal_pwr_ex.o ABSOLUTE
    ../Drivers/STM32G4xx_HAL_Driver/Src/stm32g4xx_hal_rcc.c 0x00000000   Number         0  stm32g4xx_hal_rcc.o ABSOLUTE
    ../Drivers/STM32G4xx_HAL_Driver/Src/stm32g4xx_hal_rcc_ex.c 0x00000000   Number         0  stm32g4xx_hal_rcc_ex.o ABSOLUTE
    ../Drivers/STM32G4xx_HAL_Driver/Src/stm32g4xx_hal_tim.c 0x00000000   Number         0  stm32g4xx_hal_tim.o ABSOLUTE
    ../Drivers/STM32G4xx_HAL_Driver/Src/stm32g4xx_hal_tim_ex.c 0x00000000   Number         0  stm32g4xx_hal_tim_ex.o ABSOLUTE
    ../Drivers/STM32G4xx_HAL_Driver/Src/stm32g4xx_hal_uart.c 0x00000000   Number         0  stm32g4xx_hal_uart.o ABSOLUTE
    ../Drivers/STM32G4xx_HAL_Driver/Src/stm32g4xx_hal_uart_ex.c 0x00000000   Number         0  stm32g4xx_hal_uart_ex.o ABSOLUTE
    ../clib/microlib/division.c              0x00000000   Number         0  uldiv.o ABSOLUTE
    ../clib/microlib/division.c              0x00000000   Number         0  uidiv.o ABSOLUTE
    ../clib/microlib/init/entry.s            0x00000000   Number         0  entry9a.o ABSOLUTE
    ../clib/microlib/init/entry.s            0x00000000   Number         0  entry9b.o ABSOLUTE
    ../clib/microlib/init/entry.s            0x00000000   Number         0  entry.o ABSOLUTE
    ../clib/microlib/init/entry.s            0x00000000   Number         0  entry10a.o ABSOLUTE
    ../clib/microlib/init/entry.s            0x00000000   Number         0  entry5.o ABSOLUTE
    ../clib/microlib/init/entry.s            0x00000000   Number         0  entry10b.o ABSOLUTE
    ../clib/microlib/init/entry.s            0x00000000   Number         0  entry7a.o ABSOLUTE
    ../clib/microlib/init/entry.s            0x00000000   Number         0  entry7b.o ABSOLUTE
    ../clib/microlib/init/entry.s            0x00000000   Number         0  entry11b.o ABSOLUTE
    ../clib/microlib/init/entry.s            0x00000000   Number         0  entry2.o ABSOLUTE
    ../clib/microlib/init/entry.s            0x00000000   Number         0  entry8a.o ABSOLUTE
    ../clib/microlib/init/entry.s            0x00000000   Number         0  entry8b.o ABSOLUTE
    ../clib/microlib/init/entry.s            0x00000000   Number         0  entry11a.o ABSOLUTE
    ../clib/microlib/longlong.c              0x00000000   Number         0  llushr.o ABSOLUTE
    ../clib/microlib/longlong.c              0x00000000   Number         0  llshl.o ABSOLUTE
    ../clib/microlib/longlong.c              0x00000000   Number         0  llsshr.o ABSOLUTE
    ../clib/microlib/printf/printf.c         0x00000000   Number         0  printf4.o ABSOLUTE
    ../clib/microlib/printf/printf.c         0x00000000   Number         0  printf2.o ABSOLUTE
    ../clib/microlib/printf/printf.c         0x00000000   Number         0  printf1.o ABSOLUTE
    ../clib/microlib/printf/printf.c         0x00000000   Number         0  printf0.o ABSOLUTE
    ../clib/microlib/printf/printf.c         0x00000000   Number         0  printfb.o ABSOLUTE
    ../clib/microlib/printf/printf.c         0x00000000   Number         0  printf3.o ABSOLUTE
    ../clib/microlib/printf/printf.c         0x00000000   Number         0  printfa.o ABSOLUTE
    ../clib/microlib/printf/printf.c         0x00000000   Number         0  printf8.o ABSOLUTE
    ../clib/microlib/printf/printf.c         0x00000000   Number         0  printf7.o ABSOLUTE
    ../clib/microlib/printf/printf.c         0x00000000   Number         0  printf6.o ABSOLUTE
    ../clib/microlib/printf/printf.c         0x00000000   Number         0  printf5.o ABSOLUTE
    ../clib/microlib/printf/stubs.s          0x00000000   Number         0  stubs.o ABSOLUTE
    ../clib/microlib/stdio/streams.c         0x00000000   Number         0  stdout.o ABSOLUTE
    ../clib/microlib/string/memset.c         0x00000000   Number         0  memseta.o ABSOLUTE
    ../clib/microlib/stubs.s                 0x00000000   Number         0  iusefp.o ABSOLUTE
    ../fplib/microlib/fpadd.c                0x00000000   Number         0  dadd.o ABSOLUTE
    ../fplib/microlib/fpdiv.c                0x00000000   Number         0  ddiv.o ABSOLUTE
    ../fplib/microlib/fpepilogue.c           0x00000000   Number         0  depilogue.o ABSOLUTE
    ../fplib/microlib/fpfix.c                0x00000000   Number         0  dfixul.o ABSOLUTE
    ../fplib/microlib/fpmul.c                0x00000000   Number         0  dmul.o ABSOLUTE
    ..\Core\Src\gpio.c                       0x00000000   Number         0  gpio.o ABSOLUTE
    ..\Core\Src\i2c.c                        0x00000000   Number         0  i2c.o ABSOLUTE
    ..\Core\Src\main.c                       0x00000000   Number         0  main.o ABSOLUTE
    ..\Core\Src\stm32g4xx_hal_msp.c          0x00000000   Number         0  stm32g4xx_hal_msp.o ABSOLUTE
    ..\Core\Src\stm32g4xx_hal_timebase_tim.c 0x00000000   Number         0  stm32g4xx_hal_timebase_tim.o ABSOLUTE
    ..\Core\Src\stm32g4xx_it.c               0x00000000   Number         0  stm32g4xx_it.o ABSOLUTE
    ..\Core\Src\system_stm32g4xx.c           0x00000000   Number         0  system_stm32g4xx.o ABSOLUTE
    ..\Core\Src\tim.c                        0x00000000   Number         0  tim.o ABSOLUTE
    ..\Core\Src\usart.c                      0x00000000   Number         0  usart.o ABSOLUTE
    ..\Drivers\STM32G4xx_HAL_Driver\Src\stm32g4xx_hal.c 0x00000000   Number         0  stm32g4xx_hal.o ABSOLUTE
    ..\Drivers\STM32G4xx_HAL_Driver\Src\stm32g4xx_hal_cortex.c 0x00000000   Number         0  stm32g4xx_hal_cortex.o ABSOLUTE
    ..\Drivers\STM32G4xx_HAL_Driver\Src\stm32g4xx_hal_dma.c 0x00000000   Number         0  stm32g4xx_hal_dma.o ABSOLUTE
    ..\Drivers\STM32G4xx_HAL_Driver\Src\stm32g4xx_hal_dma_ex.c 0x00000000   Number         0  stm32g4xx_hal_dma_ex.o ABSOLUTE
    ..\Drivers\STM32G4xx_HAL_Driver\Src\stm32g4xx_hal_exti.c 0x00000000   Number         0  stm32g4xx_hal_exti.o ABSOLUTE
    ..\Drivers\STM32G4xx_HAL_Driver\Src\stm32g4xx_hal_flash.c 0x00000000   Number         0  stm32g4xx_hal_flash.o ABSOLUTE
    ..\Drivers\STM32G4xx_HAL_Driver\Src\stm32g4xx_hal_flash_ex.c 0x00000000   Number         0  stm32g4xx_hal_flash_ex.o ABSOLUTE
    ..\Drivers\STM32G4xx_HAL_Driver\Src\stm32g4xx_hal_flash_ramfunc.c 0x00000000   Number         0  stm32g4xx_hal_flash_ramfunc.o ABSOLUTE
    ..\Drivers\STM32G4xx_HAL_Driver\Src\stm32g4xx_hal_gpio.c 0x00000000   Number         0  stm32g4xx_hal_gpio.o ABSOLUTE
    ..\Drivers\STM32G4xx_HAL_Driver\Src\stm32g4xx_hal_i2c.c 0x00000000   Number         0  stm32g4xx_hal_i2c.o ABSOLUTE
    ..\Drivers\STM32G4xx_HAL_Driver\Src\stm32g4xx_hal_i2c_ex.c 0x00000000   Number         0  stm32g4xx_hal_i2c_ex.o ABSOLUTE
    ..\Drivers\STM32G4xx_HAL_Driver\Src\stm32g4xx_hal_pwr.c 0x00000000   Number         0  stm32g4xx_hal_pwr.o ABSOLUTE
    ..\Drivers\STM32G4xx_HAL_Driver\Src\stm32g4xx_hal_pwr_ex.c 0x00000000   Number         0  stm32g4xx_hal_pwr_ex.o ABSOLUTE
    ..\Drivers\STM32G4xx_HAL_Driver\Src\stm32g4xx_hal_rcc.c 0x00000000   Number         0  stm32g4xx_hal_rcc.o ABSOLUTE
    ..\Drivers\STM32G4xx_HAL_Driver\Src\stm32g4xx_hal_rcc_ex.c 0x00000000   Number         0  stm32g4xx_hal_rcc_ex.o ABSOLUTE
    ..\Drivers\STM32G4xx_HAL_Driver\Src\stm32g4xx_hal_tim.c 0x00000000   Number         0  stm32g4xx_hal_tim.o ABSOLUTE
    ..\Drivers\STM32G4xx_HAL_Driver\Src\stm32g4xx_hal_tim_ex.c 0x00000000   Number         0  stm32g4xx_hal_tim_ex.o ABSOLUTE
    ..\Drivers\STM32G4xx_HAL_Driver\Src\stm32g4xx_hal_uart.c 0x00000000   Number         0  stm32g4xx_hal_uart.o ABSOLUTE
    ..\Drivers\STM32G4xx_HAL_Driver\Src\stm32g4xx_hal_uart_ex.c 0x00000000   Number         0  stm32g4xx_hal_uart_ex.o ABSOLUTE
    cdrcmple.s                               0x00000000   Number         0  cdrcmple.o ABSOLUTE
    dc.s                                     0x00000000   Number         0  dc.o ABSOLUTE
    handlers.s                               0x00000000   Number         0  handlers.o ABSOLUTE
    init.s                                   0x00000000   Number         0  init.o ABSOLUTE
    startup_stm32g431xx.s                    0x00000000   Number         0  startup_stm32g431xx.o ABSOLUTE
    RESET                                    0x08000000   Section      472  startup_stm32g431xx.o(RESET)
    .ARM.Collect$$$$00000000                 0x080001d8   Section        0  entry.o(.ARM.Collect$$$$00000000)
    .ARM.Collect$$$$00000001                 0x080001d8   Section        4  entry2.o(.ARM.Collect$$$$00000001)
    .ARM.Collect$$$$00000004                 0x080001dc   Section        4  entry5.o(.ARM.Collect$$$$00000004)
    .ARM.Collect$$$$00000008                 0x080001e0   Section        0  entry7b.o(.ARM.Collect$$$$00000008)
    .ARM.Collect$$$$0000000A                 0x080001e0   Section        0  entry8b.o(.ARM.Collect$$$$0000000A)
    .ARM.Collect$$$$0000000B                 0x080001e0   Section        8  entry9a.o(.ARM.Collect$$$$0000000B)
    .ARM.Collect$$$$0000000D                 0x080001e8   Section        0  entry10a.o(.ARM.Collect$$$$0000000D)
    .ARM.Collect$$$$0000000F                 0x080001e8   Section        0  entry11a.o(.ARM.Collect$$$$0000000F)
    .ARM.Collect$$$$00002712                 0x080001e8   Section        4  entry2.o(.ARM.Collect$$$$00002712)
    __lit__00000000                          0x080001e8   Data           4  entry2.o(.ARM.Collect$$$$00002712)
    .text                                    0x080001ec   Section       36  startup_stm32g431xx.o(.text)
    $v0                                      0x080001ec   Number         0  startup_stm32g431xx.o(.text)
    .text                                    0x08000210   Section        0  uldiv.o(.text)
    .text                                    0x08000272   Section        0  memseta.o(.text)
    .text                                    0x08000296   Section        0  uidiv.o(.text)
    .text                                    0x080002c2   Section        0  llshl.o(.text)
    .text                                    0x080002e0   Section        0  llushr.o(.text)
    .text                                    0x08000300   Section       36  init.o(.text)
    i.BusFault_Handler                       0x08000324   Section        0  stm32g4xx_it.o(i.BusFault_Handler)
    i.DebugMon_Handler                       0x08000328   Section        0  stm32g4xx_it.o(i.DebugMon_Handler)
    i.Error_Handler                          0x0800032a   Section        0  main.o(i.Error_Handler)
    i.HAL_DMA_Abort                          0x08000330   Section        0  stm32g4xx_hal_dma.o(i.HAL_DMA_Abort)
    i.HAL_DMA_Abort_IT                       0x080003a6   Section        0  stm32g4xx_hal_dma.o(i.HAL_DMA_Abort_IT)
    i.HAL_GPIO_Init                          0x0800043c   Section        0  stm32g4xx_hal_gpio.o(i.HAL_GPIO_Init)
    i.HAL_GPIO_WritePin                      0x08000608   Section        0  stm32g4xx_hal_gpio.o(i.HAL_GPIO_WritePin)
    i.HAL_GetTick                            0x08000614   Section        0  stm32g4xx_hal.o(i.HAL_GetTick)
    i.HAL_I2CEx_ConfigAnalogFilter           0x08000620   Section        0  stm32g4xx_hal_i2c_ex.o(i.HAL_I2CEx_ConfigAnalogFilter)
    i.HAL_I2CEx_ConfigDigitalFilter          0x0800068a   Section        0  stm32g4xx_hal_i2c_ex.o(i.HAL_I2CEx_ConfigDigitalFilter)
    i.HAL_I2CEx_EnableFastModePlus           0x080006f4   Section        0  stm32g4xx_hal_i2c_ex.o(i.HAL_I2CEx_EnableFastModePlus)
    i.HAL_I2C_Init                           0x08000728   Section        0  stm32g4xx_hal_i2c.o(i.HAL_I2C_Init)
    i.HAL_I2C_MspInit                        0x08000800   Section        0  i2c.o(i.HAL_I2C_MspInit)
    i.HAL_IncTick                            0x08000898   Section        0  stm32g4xx_hal.o(i.HAL_IncTick)
    i.HAL_Init                               0x080008b0   Section        0  stm32g4xx_hal.o(i.HAL_Init)
    i.HAL_InitTick                           0x080008d0   Section        0  stm32g4xx_hal_timebase_tim.o(i.HAL_InitTick)
    i.HAL_MspInit                            0x0800096c   Section        0  stm32g4xx_hal_msp.o(i.HAL_MspInit)
    i.HAL_NVIC_EnableIRQ                     0x080009b0   Section        0  stm32g4xx_hal_cortex.o(i.HAL_NVIC_EnableIRQ)
    i.HAL_NVIC_SetPriority                   0x080009d8   Section        0  stm32g4xx_hal_cortex.o(i.HAL_NVIC_SetPriority)
    i.HAL_NVIC_SetPriorityGrouping           0x08000a54   Section        0  stm32g4xx_hal_cortex.o(i.HAL_NVIC_SetPriorityGrouping)
    i.HAL_PWREx_ControlVoltageScaling        0x08000a7c   Section        0  stm32g4xx_hal_pwr_ex.o(i.HAL_PWREx_ControlVoltageScaling)
    i.HAL_PWREx_DisableUCPDDeadBattery       0x08000b94   Section        0  stm32g4xx_hal_pwr_ex.o(i.HAL_PWREx_DisableUCPDDeadBattery)
    i.HAL_RCCEx_PeriphCLKConfig              0x08000ba8   Section        0  stm32g4xx_hal_rcc_ex.o(i.HAL_RCCEx_PeriphCLKConfig)
    i.HAL_RCC_ClockConfig                    0x08000f18   Section        0  stm32g4xx_hal_rcc.o(i.HAL_RCC_ClockConfig)
    i.HAL_RCC_GetClockConfig                 0x0800113c   Section        0  stm32g4xx_hal_rcc.o(i.HAL_RCC_GetClockConfig)
    i.HAL_RCC_GetHCLKFreq                    0x08001180   Section        0  stm32g4xx_hal_rcc.o(i.HAL_RCC_GetHCLKFreq)
    i.HAL_RCC_GetPCLK1Freq                   0x0800118c   Section        0  stm32g4xx_hal_rcc.o(i.HAL_RCC_GetPCLK1Freq)
    i.HAL_RCC_GetPCLK2Freq                   0x080011b0   Section        0  stm32g4xx_hal_rcc.o(i.HAL_RCC_GetPCLK2Freq)
    i.HAL_RCC_GetSysClockFreq                0x080011d4   Section        0  stm32g4xx_hal_rcc.o(i.HAL_RCC_GetSysClockFreq)
    i.HAL_RCC_OscConfig                      0x0800126c   Section        0  stm32g4xx_hal_rcc.o(i.HAL_RCC_OscConfig)
    i.HAL_TIMEx_Break2Callback               0x080017c8   Section        0  stm32g4xx_hal_tim_ex.o(i.HAL_TIMEx_Break2Callback)
    i.HAL_TIMEx_BreakCallback                0x080017ca   Section        0  stm32g4xx_hal_tim_ex.o(i.HAL_TIMEx_BreakCallback)
    i.HAL_TIMEx_CommutCallback               0x080017cc   Section        0  stm32g4xx_hal_tim_ex.o(i.HAL_TIMEx_CommutCallback)
    i.HAL_TIMEx_ConfigBreakDeadTime          0x080017d0   Section        0  stm32g4xx_hal_tim_ex.o(i.HAL_TIMEx_ConfigBreakDeadTime)
    i.HAL_TIMEx_DirectionChangeCallback      0x08001898   Section        0  stm32g4xx_hal_tim_ex.o(i.HAL_TIMEx_DirectionChangeCallback)
    i.HAL_TIMEx_EncoderIndexCallback         0x0800189a   Section        0  stm32g4xx_hal_tim_ex.o(i.HAL_TIMEx_EncoderIndexCallback)
    i.HAL_TIMEx_IndexErrorCallback           0x0800189c   Section        0  stm32g4xx_hal_tim_ex.o(i.HAL_TIMEx_IndexErrorCallback)
    i.HAL_TIMEx_MasterConfigSynchronization  0x080018a0   Section        0  stm32g4xx_hal_tim_ex.o(i.HAL_TIMEx_MasterConfigSynchronization)
    i.HAL_TIMEx_TransitionErrorCallback      0x08001958   Section        0  stm32g4xx_hal_tim_ex.o(i.HAL_TIMEx_TransitionErrorCallback)
    i.HAL_TIM_Base_Init                      0x0800195a   Section        0  stm32g4xx_hal_tim.o(i.HAL_TIM_Base_Init)
    i.HAL_TIM_Base_MspInit                   0x080019c8   Section        0  stm32g4xx_hal_tim.o(i.HAL_TIM_Base_MspInit)
    i.HAL_TIM_Base_Start_IT                  0x080019cc   Section        0  stm32g4xx_hal_tim.o(i.HAL_TIM_Base_Start_IT)
    i.HAL_TIM_IC_CaptureCallback             0x08001a68   Section        0  stm32g4xx_hal_tim.o(i.HAL_TIM_IC_CaptureCallback)
    i.HAL_TIM_IRQHandler                     0x08001a6a   Section        0  stm32g4xx_hal_tim.o(i.HAL_TIM_IRQHandler)
    i.HAL_TIM_MspPostInit                    0x08001c8c   Section        0  tim.o(i.HAL_TIM_MspPostInit)
    i.HAL_TIM_OC_ConfigChannel               0x08001d2c   Section        0  stm32g4xx_hal_tim.o(i.HAL_TIM_OC_ConfigChannel)
    i.HAL_TIM_OC_DelayElapsedCallback        0x08001dbc   Section        0  stm32g4xx_hal_tim.o(i.HAL_TIM_OC_DelayElapsedCallback)
    i.HAL_TIM_OC_Init                        0x08001dbe   Section        0  stm32g4xx_hal_tim.o(i.HAL_TIM_OC_Init)
    i.HAL_TIM_OC_MspInit                     0x08001e2c   Section        0  tim.o(i.HAL_TIM_OC_MspInit)
    i.HAL_TIM_PWM_ConfigChannel              0x08001e70   Section        0  stm32g4xx_hal_tim.o(i.HAL_TIM_PWM_ConfigChannel)
    i.HAL_TIM_PWM_Init                       0x08001fe0   Section        0  stm32g4xx_hal_tim.o(i.HAL_TIM_PWM_Init)
    i.HAL_TIM_PWM_MspInit                    0x08002050   Section        0  tim.o(i.HAL_TIM_PWM_MspInit)
    i.HAL_TIM_PWM_PulseFinishedCallback      0x0800207c   Section        0  stm32g4xx_hal_tim.o(i.HAL_TIM_PWM_PulseFinishedCallback)
    i.HAL_TIM_PeriodElapsedCallback          0x08002080   Section        0  main.o(i.HAL_TIM_PeriodElapsedCallback)
    i.HAL_TIM_TriggerCallback                0x08002098   Section        0  stm32g4xx_hal_tim.o(i.HAL_TIM_TriggerCallback)
    i.HAL_UARTEx_DisableFifoMode             0x0800209a   Section        0  stm32g4xx_hal_uart_ex.o(i.HAL_UARTEx_DisableFifoMode)
    i.HAL_UARTEx_RxEventCallback             0x080020e8   Section        0  stm32g4xx_hal_uart.o(i.HAL_UARTEx_RxEventCallback)
    i.HAL_UARTEx_RxFifoFullCallback          0x080020ea   Section        0  stm32g4xx_hal_uart_ex.o(i.HAL_UARTEx_RxFifoFullCallback)
    i.HAL_UARTEx_SetRxFifoThreshold          0x080020ec   Section        0  stm32g4xx_hal_uart_ex.o(i.HAL_UARTEx_SetRxFifoThreshold)
    i.HAL_UARTEx_SetTxFifoThreshold          0x0800214a   Section        0  stm32g4xx_hal_uart_ex.o(i.HAL_UARTEx_SetTxFifoThreshold)
    i.HAL_UARTEx_TxFifoEmptyCallback         0x080021a8   Section        0  stm32g4xx_hal_uart_ex.o(i.HAL_UARTEx_TxFifoEmptyCallback)
    i.HAL_UARTEx_WakeupCallback              0x080021aa   Section        0  stm32g4xx_hal_uart_ex.o(i.HAL_UARTEx_WakeupCallback)
    i.HAL_UART_ErrorCallback                 0x080021ac   Section        0  stm32g4xx_hal_uart.o(i.HAL_UART_ErrorCallback)
    i.HAL_UART_IRQHandler                    0x080021b0   Section        0  stm32g4xx_hal_uart.o(i.HAL_UART_IRQHandler)
    i.HAL_UART_Init                          0x08002580   Section        0  stm32g4xx_hal_uart.o(i.HAL_UART_Init)
    i.HAL_UART_MspInit                       0x080025f8   Section        0  usart.o(i.HAL_UART_MspInit)
    i.HAL_UART_Receive_IT                    0x08002720   Section        0  stm32g4xx_hal_uart.o(i.HAL_UART_Receive_IT)
    i.HAL_UART_RxCpltCallback                0x0800277c   Section        0  main.o(i.HAL_UART_RxCpltCallback)
    i.HAL_UART_Transmit                      0x08002844   Section        0  stm32g4xx_hal_uart.o(i.HAL_UART_Transmit)
    i.HAL_UART_TxCpltCallback                0x08002906   Section        0  stm32g4xx_hal_uart.o(i.HAL_UART_TxCpltCallback)
    i.HardFault_Handler                      0x08002908   Section        0  stm32g4xx_it.o(i.HardFault_Handler)
    i.LPUART1_IRQHandler                     0x0800290c   Section        0  stm32g4xx_it.o(i.LPUART1_IRQHandler)
    i.MX_GPIO_Init                           0x0800291c   Section        0  gpio.o(i.MX_GPIO_Init)
    i.MX_I2C1_Init                           0x080029e8   Section        0  i2c.o(i.MX_I2C1_Init)
    i.MX_LPUART1_UART_Init                   0x08002a48   Section        0  usart.o(i.MX_LPUART1_UART_Init)
    i.MX_TIM1_Init                           0x08002ab0   Section        0  tim.o(i.MX_TIM1_Init)
    i.MX_TIM2_Init                           0x08002b74   Section        0  tim.o(i.MX_TIM2_Init)
    i.MX_USART1_UART_Init                    0x08002bf0   Section        0  usart.o(i.MX_USART1_UART_Init)
    i.MemManage_Handler                      0x08002c5c   Section        0  stm32g4xx_it.o(i.MemManage_Handler)
    i.NMI_Handler                            0x08002c60   Section        0  stm32g4xx_it.o(i.NMI_Handler)
    i.PendSV_Handler                         0x08002c64   Section        0  stm32g4xx_it.o(i.PendSV_Handler)
    i.RCC_GetSysClockFreqFromPLLSource       0x08002c68   Section        0  stm32g4xx_hal_rcc.o(i.RCC_GetSysClockFreqFromPLLSource)
    RCC_GetSysClockFreqFromPLLSource         0x08002c69   Thumb Code    90  stm32g4xx_hal_rcc.o(i.RCC_GetSysClockFreqFromPLLSource)
    i.SVC_Handler                            0x08002cd0   Section        0  stm32g4xx_it.o(i.SVC_Handler)
    i.SysTick_Handler                        0x08002cd2   Section        0  stm32g4xx_it.o(i.SysTick_Handler)
    i.SystemClock_Config                     0x08002cd4   Section        0  main.o(i.SystemClock_Config)
    i.SystemInit                             0x08002d44   Section        0  system_stm32g4xx.o(i.SystemInit)
    i.TIM1_BRK_TIM15_IRQHandler              0x08002d58   Section        0  stm32g4xx_it.o(i.TIM1_BRK_TIM15_IRQHandler)
    i.TIM_Base_SetConfig                     0x08002d7c   Section        0  stm32g4xx_hal_tim.o(i.TIM_Base_SetConfig)
    i.TIM_OC1_SetConfig                      0x08002e48   Section        0  stm32g4xx_hal_tim.o(i.TIM_OC1_SetConfig)
    TIM_OC1_SetConfig                        0x08002e49   Thumb Code   146  stm32g4xx_hal_tim.o(i.TIM_OC1_SetConfig)
    i.TIM_OC2_SetConfig                      0x08002ef4   Section        0  stm32g4xx_hal_tim.o(i.TIM_OC2_SetConfig)
    i.TIM_OC3_SetConfig                      0x08002fa8   Section        0  stm32g4xx_hal_tim.o(i.TIM_OC3_SetConfig)
    TIM_OC3_SetConfig                        0x08002fa9   Thumb Code   154  stm32g4xx_hal_tim.o(i.TIM_OC3_SetConfig)
    i.TIM_OC4_SetConfig                      0x0800305c   Section        0  stm32g4xx_hal_tim.o(i.TIM_OC4_SetConfig)
    TIM_OC4_SetConfig                        0x0800305d   Thumb Code   156  stm32g4xx_hal_tim.o(i.TIM_OC4_SetConfig)
    i.TIM_OC5_SetConfig                      0x08003110   Section        0  stm32g4xx_hal_tim.o(i.TIM_OC5_SetConfig)
    TIM_OC5_SetConfig                        0x08003111   Thumb Code    86  stm32g4xx_hal_tim.o(i.TIM_OC5_SetConfig)
    i.TIM_OC6_SetConfig                      0x08003180   Section        0  stm32g4xx_hal_tim.o(i.TIM_OC6_SetConfig)
    TIM_OC6_SetConfig                        0x08003181   Thumb Code    88  stm32g4xx_hal_tim.o(i.TIM_OC6_SetConfig)
    i.UARTEx_SetNbDataToProcess              0x080031f0   Section        0  stm32g4xx_hal_uart_ex.o(i.UARTEx_SetNbDataToProcess)
    UARTEx_SetNbDataToProcess                0x080031f1   Thumb Code    78  stm32g4xx_hal_uart_ex.o(i.UARTEx_SetNbDataToProcess)
    i.UART_AdvFeatureConfig                  0x08003248   Section        0  stm32g4xx_hal_uart.o(i.UART_AdvFeatureConfig)
    i.UART_CheckIdleState                    0x08003340   Section        0  stm32g4xx_hal_uart.o(i.UART_CheckIdleState)
    i.UART_DMAAbortOnError                   0x0800342a   Section        0  stm32g4xx_hal_uart.o(i.UART_DMAAbortOnError)
    UART_DMAAbortOnError                     0x0800342b   Thumb Code    20  stm32g4xx_hal_uart.o(i.UART_DMAAbortOnError)
    i.UART_EndRxTransfer                     0x08003440   Section        0  stm32g4xx_hal_uart.o(i.UART_EndRxTransfer)
    UART_EndRxTransfer                       0x08003441   Thumb Code   104  stm32g4xx_hal_uart.o(i.UART_EndRxTransfer)
    i.UART_EndTransmit_IT                    0x080034ac   Section        0  stm32g4xx_hal_uart.o(i.UART_EndTransmit_IT)
    UART_EndTransmit_IT                      0x080034ad   Thumb Code    48  stm32g4xx_hal_uart.o(i.UART_EndTransmit_IT)
    i.UART_RxISR_16BIT                       0x080034dc   Section        0  stm32g4xx_hal_uart.o(i.UART_RxISR_16BIT)
    UART_RxISR_16BIT                         0x080034dd   Thumb Code   256  stm32g4xx_hal_uart.o(i.UART_RxISR_16BIT)
    i.UART_RxISR_16BIT_FIFOEN                0x080035e0   Section        0  stm32g4xx_hal_uart.o(i.UART_RxISR_16BIT_FIFOEN)
    UART_RxISR_16BIT_FIFOEN                  0x080035e1   Thumb Code   498  stm32g4xx_hal_uart.o(i.UART_RxISR_16BIT_FIFOEN)
    i.UART_RxISR_8BIT                        0x080037e0   Section        0  stm32g4xx_hal_uart.o(i.UART_RxISR_8BIT)
    UART_RxISR_8BIT                          0x080037e1   Thumb Code   254  stm32g4xx_hal_uart.o(i.UART_RxISR_8BIT)
    i.UART_RxISR_8BIT_FIFOEN                 0x080038e4   Section        0  stm32g4xx_hal_uart.o(i.UART_RxISR_8BIT_FIFOEN)
    UART_RxISR_8BIT_FIFOEN                   0x080038e5   Thumb Code   496  stm32g4xx_hal_uart.o(i.UART_RxISR_8BIT_FIFOEN)
    i.UART_SetConfig                         0x08003ae0   Section        0  stm32g4xx_hal_uart.o(i.UART_SetConfig)
    i.UART_Start_Receive_IT                  0x08003e64   Section        0  stm32g4xx_hal_uart.o(i.UART_Start_Receive_IT)
    i.UART_WaitOnFlagUntilTimeout            0x08003fc0   Section        0  stm32g4xx_hal_uart.o(i.UART_WaitOnFlagUntilTimeout)
    i.USART1_IRQHandler                      0x0800406c   Section        0  stm32g4xx_it.o(i.USART1_IRQHandler)
    i.UsageFault_Handler                     0x0800407c   Section        0  stm32g4xx_it.o(i.UsageFault_Handler)
    i.__0printf$3                            0x08004080   Section        0  printf3.o(i.__0printf$3)
    i.__NVIC_GetPriorityGrouping             0x080040a0   Section        0  stm32g4xx_hal_cortex.o(i.__NVIC_GetPriorityGrouping)
    __NVIC_GetPriorityGrouping               0x080040a1   Thumb Code    10  stm32g4xx_hal_cortex.o(i.__NVIC_GetPriorityGrouping)
    i.__NVIC_SetPriority                     0x080040b0   Section        0  stm32g4xx_hal_cortex.o(i.__NVIC_SetPriority)
    __NVIC_SetPriority                       0x080040b1   Thumb Code    32  stm32g4xx_hal_cortex.o(i.__NVIC_SetPriority)
    i.__scatterload_copy                     0x080040d8   Section       14  handlers.o(i.__scatterload_copy)
    i.__scatterload_null                     0x080040e6   Section        2  handlers.o(i.__scatterload_null)
    i.__scatterload_zeroinit                 0x080040e8   Section       14  handlers.o(i.__scatterload_zeroinit)
    i._printf_core                           0x080040f8   Section        0  printf3.o(i._printf_core)
    _printf_core                             0x080040f9   Thumb Code   436  printf3.o(i._printf_core)
    i.display_menu                           0x080042b0   Section        0  main.o(i.display_menu)
    i.fputc                                  0x0800436c   Section        0  main.o(i.fputc)
    i.key_proc                               0x08004388   Section        0  main.o(i.key_proc)
    i.main                                   0x080044c8   Section        0  main.o(i.main)
    i.update_highli                          0x08004554   Section        0  main.o(i.update_highli)
    .constdata                               0x08004578   Section      128  main.o(.constdata)
    .constdata                               0x080045f8   Section       24  stm32g4xx_hal_uart.o(.constdata)
    .constdata                               0x08004610   Section       16  stm32g4xx_hal_uart_ex.o(.constdata)
    numerator                                0x08004610   Data           8  stm32g4xx_hal_uart_ex.o(.constdata)
    denominator                              0x08004618   Data           8  stm32g4xx_hal_uart_ex.o(.constdata)
    .constdata                               0x08004620   Section       24  system_stm32g4xx.o(.constdata)
    .data                                    0x20000000   Section       15  main.o(.data)
    .data                                    0x20000010   Section       12  stm32g4xx_hal.o(.data)
    .data                                    0x2000001c   Section        4  system_stm32g4xx.o(.data)
    .data                                    0x20000020   Section        4  stdout.o(.data)
    .bss                                     0x20000024   Section      192  main.o(.bss)
    .bss                                     0x200000e4   Section       84  i2c.o(.bss)
    .bss                                     0x20000138   Section      296  usart.o(.bss)
    .bss                                     0x20000260   Section      152  tim.o(.bss)
    .bss                                     0x200002f8   Section       76  stm32g4xx_hal_timebase_tim.o(.bss)
    STACK                                    0x20000348   Section     1024  startup_stm32g431xx.o(STACK)

    Global Symbols

    Symbol Name                              Value     Ov Type        Size  Object(Section)

    BuildAttributes$$THM_ISAv4$E$P$D$K$B$S$7EM$VFPi3$EXTD16$VFPS$VFMA$PE$A:L22UL41UL21$X:L11$S22US41US21$IEEE1$IW$USESV6$~STKCKD$USESV7$~SHL$OSPACE$ROPI$EBA8$MICROLIB$REQ8$PRES8$EABIv2 0x00000000   Number         0  anon$$obj.o ABSOLUTE
    __ARM_use_no_argv                        0x00000000   Number         0  main.o ABSOLUTE
    _printf_a                                0x00000000   Number         0  stubs.o ABSOLUTE
    _printf_c                                0x00000000   Number         0  stubs.o ABSOLUTE
    _printf_charcount                        0x00000000   Number         0  stubs.o ABSOLUTE
    _printf_d                                0x00000000   Number         0  stubs.o ABSOLUTE
    _printf_e                                0x00000000   Number         0  stubs.o ABSOLUTE
    _printf_f                                0x00000000   Number         0  stubs.o ABSOLUTE
    _printf_flags                            0x00000000   Number         0  stubs.o ABSOLUTE
    _printf_fp_dec                           0x00000000   Number         0  stubs.o ABSOLUTE
    _printf_fp_hex                           0x00000000   Number         0  stubs.o ABSOLUTE
    _printf_g                                0x00000000   Number         0  stubs.o ABSOLUTE
    _printf_i                                0x00000000   Number         0  stubs.o ABSOLUTE
    _printf_int_dec                          0x00000000   Number         0  stubs.o ABSOLUTE
    _printf_l                                0x00000000   Number         0  stubs.o ABSOLUTE
    _printf_lc                               0x00000000   Number         0  stubs.o ABSOLUTE
    _printf_ll                               0x00000000   Number         0  stubs.o ABSOLUTE
    _printf_lld                              0x00000000   Number         0  stubs.o ABSOLUTE
    _printf_lli                              0x00000000   Number         0  stubs.o ABSOLUTE
    _printf_llo                              0x00000000   Number         0  stubs.o ABSOLUTE
    _printf_llu                              0x00000000   Number         0  stubs.o ABSOLUTE
    _printf_llx                              0x00000000   Number         0  stubs.o ABSOLUTE
    _printf_longlong_dec                     0x00000000   Number         0  stubs.o ABSOLUTE
    _printf_longlong_hex                     0x00000000   Number         0  stubs.o ABSOLUTE
    _printf_longlong_oct                     0x00000000   Number         0  stubs.o ABSOLUTE
    _printf_ls                               0x00000000   Number         0  stubs.o ABSOLUTE
    _printf_mbtowc                           0x00000000   Number         0  stubs.o ABSOLUTE
    _printf_n                                0x00000000   Number         0  stubs.o ABSOLUTE
    _printf_o                                0x00000000   Number         0  stubs.o ABSOLUTE
    _printf_p                                0x00000000   Number         0  stubs.o ABSOLUTE
    _printf_percent                          0x00000000   Number         0  stubs.o ABSOLUTE
    _printf_pre_padding                      0x00000000   Number         0  stubs.o ABSOLUTE
    _printf_return_value                     0x00000000   Number         0  stubs.o ABSOLUTE
    _printf_s                                0x00000000   Number         0  stubs.o ABSOLUTE
    _printf_sizespec                         0x00000000   Number         0  stubs.o ABSOLUTE
    _printf_str                              0x00000000   Number         0  stubs.o ABSOLUTE
    _printf_truncate_signed                  0x00000000   Number         0  stubs.o ABSOLUTE
    _printf_truncate_unsigned                0x00000000   Number         0  stubs.o ABSOLUTE
    _printf_u                                0x00000000   Number         0  stubs.o ABSOLUTE
    _printf_wc                               0x00000000   Number         0  stubs.o ABSOLUTE
    _printf_wctomb                           0x00000000   Number         0  stubs.o ABSOLUTE
    _printf_widthprec                        0x00000000   Number         0  stubs.o ABSOLUTE
    _printf_x                                0x00000000   Number         0  stubs.o ABSOLUTE
    __cpp_initialize__aeabi_                  - Undefined Weak Reference
    __cxa_finalize                            - Undefined Weak Reference
    __decompress                              - Undefined Weak Reference
    _clock_init                               - Undefined Weak Reference
    _microlib_exit                            - Undefined Weak Reference
    __Vectors_Size                           0x000001d8   Number         0  startup_stm32g431xx.o ABSOLUTE
    __Vectors                                0x08000000   Data           4  startup_stm32g431xx.o(RESET)
    __Vectors_End                            0x080001d8   Data           0  startup_stm32g431xx.o(RESET)
    __main                                   0x080001d9   Thumb Code     0  entry.o(.ARM.Collect$$$$00000000)
    _main_stk                                0x080001d9   Thumb Code     0  entry2.o(.ARM.Collect$$$$00000001)
    _main_scatterload                        0x080001dd   Thumb Code     0  entry5.o(.ARM.Collect$$$$00000004)
    __main_after_scatterload                 0x080001e1   Thumb Code     0  entry5.o(.ARM.Collect$$$$00000004)
    _main_clock                              0x080001e1   Thumb Code     0  entry7b.o(.ARM.Collect$$$$00000008)
    _main_cpp_init                           0x080001e1   Thumb Code     0  entry8b.o(.ARM.Collect$$$$0000000A)
    _main_init                               0x080001e1   Thumb Code     0  entry9a.o(.ARM.Collect$$$$0000000B)
    __rt_final_cpp                           0x080001e9   Thumb Code     0  entry10a.o(.ARM.Collect$$$$0000000D)
    __rt_final_exit                          0x080001e9   Thumb Code     0  entry11a.o(.ARM.Collect$$$$0000000F)
    Reset_Handler                            0x080001ed   Thumb Code     8  startup_stm32g431xx.o(.text)
    ADC1_2_IRQHandler                        0x08000207   Thumb Code     0  startup_stm32g431xx.o(.text)
    COMP1_2_3_IRQHandler                     0x08000207   Thumb Code     0  startup_stm32g431xx.o(.text)
    COMP4_IRQHandler                         0x08000207   Thumb Code     0  startup_stm32g431xx.o(.text)
    CORDIC_IRQHandler                        0x08000207   Thumb Code     0  startup_stm32g431xx.o(.text)
    CRS_IRQHandler                           0x08000207   Thumb Code     0  startup_stm32g431xx.o(.text)
    DMA1_Channel1_IRQHandler                 0x08000207   Thumb Code     0  startup_stm32g431xx.o(.text)
    DMA1_Channel2_IRQHandler                 0x08000207   Thumb Code     0  startup_stm32g431xx.o(.text)
    DMA1_Channel3_IRQHandler                 0x08000207   Thumb Code     0  startup_stm32g431xx.o(.text)
    DMA1_Channel4_IRQHandler                 0x08000207   Thumb Code     0  startup_stm32g431xx.o(.text)
    DMA1_Channel5_IRQHandler                 0x08000207   Thumb Code     0  startup_stm32g431xx.o(.text)
    DMA1_Channel6_IRQHandler                 0x08000207   Thumb Code     0  startup_stm32g431xx.o(.text)
    DMA2_Channel1_IRQHandler                 0x08000207   Thumb Code     0  startup_stm32g431xx.o(.text)
    DMA2_Channel2_IRQHandler                 0x08000207   Thumb Code     0  startup_stm32g431xx.o(.text)
    DMA2_Channel3_IRQHandler                 0x08000207   Thumb Code     0  startup_stm32g431xx.o(.text)
    DMA2_Channel4_IRQHandler                 0x08000207   Thumb Code     0  startup_stm32g431xx.o(.text)
    DMA2_Channel5_IRQHandler                 0x08000207   Thumb Code     0  startup_stm32g431xx.o(.text)
    DMA2_Channel6_IRQHandler                 0x08000207   Thumb Code     0  startup_stm32g431xx.o(.text)
    DMAMUX_OVR_IRQHandler                    0x08000207   Thumb Code     0  startup_stm32g431xx.o(.text)
    EXTI0_IRQHandler                         0x08000207   Thumb Code     0  startup_stm32g431xx.o(.text)
    EXTI15_10_IRQHandler                     0x08000207   Thumb Code     0  startup_stm32g431xx.o(.text)
    EXTI1_IRQHandler                         0x08000207   Thumb Code     0  startup_stm32g431xx.o(.text)
    EXTI2_IRQHandler                         0x08000207   Thumb Code     0  startup_stm32g431xx.o(.text)
    EXTI3_IRQHandler                         0x08000207   Thumb Code     0  startup_stm32g431xx.o(.text)
    EXTI4_IRQHandler                         0x08000207   Thumb Code     0  startup_stm32g431xx.o(.text)
    EXTI9_5_IRQHandler                       0x08000207   Thumb Code     0  startup_stm32g431xx.o(.text)
    FDCAN1_IT0_IRQHandler                    0x08000207   Thumb Code     0  startup_stm32g431xx.o(.text)
    FDCAN1_IT1_IRQHandler                    0x08000207   Thumb Code     0  startup_stm32g431xx.o(.text)
    FLASH_IRQHandler                         0x08000207   Thumb Code     0  startup_stm32g431xx.o(.text)
    FMAC_IRQHandler                          0x08000207   Thumb Code     0  startup_stm32g431xx.o(.text)
    FPU_IRQHandler                           0x08000207   Thumb Code     0  startup_stm32g431xx.o(.text)
    I2C1_ER_IRQHandler                       0x08000207   Thumb Code     0  startup_stm32g431xx.o(.text)
    I2C1_EV_IRQHandler                       0x08000207   Thumb Code     0  startup_stm32g431xx.o(.text)
    I2C2_ER_IRQHandler                       0x08000207   Thumb Code     0  startup_stm32g431xx.o(.text)
    I2C2_EV_IRQHandler                       0x08000207   Thumb Code     0  startup_stm32g431xx.o(.text)
    I2C3_ER_IRQHandler                       0x08000207   Thumb Code     0  startup_stm32g431xx.o(.text)
    I2C3_EV_IRQHandler                       0x08000207   Thumb Code     0  startup_stm32g431xx.o(.text)
    LPTIM1_IRQHandler                        0x08000207   Thumb Code     0  startup_stm32g431xx.o(.text)
    PVD_PVM_IRQHandler                       0x08000207   Thumb Code     0  startup_stm32g431xx.o(.text)
    RCC_IRQHandler                           0x08000207   Thumb Code     0  startup_stm32g431xx.o(.text)
    RNG_IRQHandler                           0x08000207   Thumb Code     0  startup_stm32g431xx.o(.text)
    RTC_Alarm_IRQHandler                     0x08000207   Thumb Code     0  startup_stm32g431xx.o(.text)
    RTC_TAMP_LSECSS_IRQHandler               0x08000207   Thumb Code     0  startup_stm32g431xx.o(.text)
    RTC_WKUP_IRQHandler                      0x08000207   Thumb Code     0  startup_stm32g431xx.o(.text)
    SAI1_IRQHandler                          0x08000207   Thumb Code     0  startup_stm32g431xx.o(.text)
    SPI1_IRQHandler                          0x08000207   Thumb Code     0  startup_stm32g431xx.o(.text)
    SPI2_IRQHandler                          0x08000207   Thumb Code     0  startup_stm32g431xx.o(.text)
    SPI3_IRQHandler                          0x08000207   Thumb Code     0  startup_stm32g431xx.o(.text)
    TIM1_CC_IRQHandler                       0x08000207   Thumb Code     0  startup_stm32g431xx.o(.text)
    TIM1_TRG_COM_TIM17_IRQHandler            0x08000207   Thumb Code     0  startup_stm32g431xx.o(.text)
    TIM1_UP_TIM16_IRQHandler                 0x08000207   Thumb Code     0  startup_stm32g431xx.o(.text)
    TIM2_IRQHandler                          0x08000207   Thumb Code     0  startup_stm32g431xx.o(.text)
    TIM3_IRQHandler                          0x08000207   Thumb Code     0  startup_stm32g431xx.o(.text)
    TIM4_IRQHandler                          0x08000207   Thumb Code     0  startup_stm32g431xx.o(.text)
    TIM6_DAC_IRQHandler                      0x08000207   Thumb Code     0  startup_stm32g431xx.o(.text)
    TIM7_IRQHandler                          0x08000207   Thumb Code     0  startup_stm32g431xx.o(.text)
    TIM8_BRK_IRQHandler                      0x08000207   Thumb Code     0  startup_stm32g431xx.o(.text)
    TIM8_CC_IRQHandler                       0x08000207   Thumb Code     0  startup_stm32g431xx.o(.text)
    TIM8_TRG_COM_IRQHandler                  0x08000207   Thumb Code     0  startup_stm32g431xx.o(.text)
    TIM8_UP_IRQHandler                       0x08000207   Thumb Code     0  startup_stm32g431xx.o(.text)
    UART4_IRQHandler                         0x08000207   Thumb Code     0  startup_stm32g431xx.o(.text)
    UCPD1_IRQHandler                         0x08000207   Thumb Code     0  startup_stm32g431xx.o(.text)
    USART2_IRQHandler                        0x08000207   Thumb Code     0  startup_stm32g431xx.o(.text)
    USART3_IRQHandler                        0x08000207   Thumb Code     0  startup_stm32g431xx.o(.text)
    USBWakeUp_IRQHandler                     0x08000207   Thumb Code     0  startup_stm32g431xx.o(.text)
    USB_HP_IRQHandler                        0x08000207   Thumb Code     0  startup_stm32g431xx.o(.text)
    USB_LP_IRQHandler                        0x08000207   Thumb Code     0  startup_stm32g431xx.o(.text)
    WWDG_IRQHandler                          0x08000207   Thumb Code     0  startup_stm32g431xx.o(.text)
    __aeabi_uldivmod                         0x08000211   Thumb Code    98  uldiv.o(.text)
    __aeabi_memset                           0x08000273   Thumb Code    14  memseta.o(.text)
    __aeabi_memset4                          0x08000273   Thumb Code     0  memseta.o(.text)
    __aeabi_memset8                          0x08000273   Thumb Code     0  memseta.o(.text)
    __aeabi_memclr                           0x08000281   Thumb Code     4  memseta.o(.text)
    __aeabi_memclr4                          0x08000281   Thumb Code     0  memseta.o(.text)
    __aeabi_memclr8                          0x08000281   Thumb Code     0  memseta.o(.text)
    _memset$wrapper                          0x08000285   Thumb Code    18  memseta.o(.text)
    __aeabi_uidiv                            0x08000297   Thumb Code     0  uidiv.o(.text)
    __aeabi_uidivmod                         0x08000297   Thumb Code    44  uidiv.o(.text)
    __aeabi_llsl                             0x080002c3   Thumb Code    30  llshl.o(.text)
    _ll_shift_l                              0x080002c3   Thumb Code     0  llshl.o(.text)
    __aeabi_llsr                             0x080002e1   Thumb Code    32  llushr.o(.text)
    _ll_ushift_r                             0x080002e1   Thumb Code     0  llushr.o(.text)
    __scatterload                            0x08000301   Thumb Code    28  init.o(.text)
    __scatterload_rt2                        0x08000301   Thumb Code     0  init.o(.text)
    BusFault_Handler                         0x08000325   Thumb Code     4  stm32g4xx_it.o(i.BusFault_Handler)
    DebugMon_Handler                         0x08000329   Thumb Code     2  stm32g4xx_it.o(i.DebugMon_Handler)
    Error_Handler                            0x0800032b   Thumb Code     6  main.o(i.Error_Handler)
    HAL_DMA_Abort                            0x08000331   Thumb Code   118  stm32g4xx_hal_dma.o(i.HAL_DMA_Abort)
    HAL_DMA_Abort_IT                         0x080003a7   Thumb Code   148  stm32g4xx_hal_dma.o(i.HAL_DMA_Abort_IT)
    HAL_GPIO_Init                            0x0800043d   Thumb Code   428  stm32g4xx_hal_gpio.o(i.HAL_GPIO_Init)
    HAL_GPIO_WritePin                        0x08000609   Thumb Code    10  stm32g4xx_hal_gpio.o(i.HAL_GPIO_WritePin)
    HAL_GetTick                              0x08000615   Thumb Code     6  stm32g4xx_hal.o(i.HAL_GetTick)
    HAL_I2CEx_ConfigAnalogFilter             0x08000621   Thumb Code   106  stm32g4xx_hal_i2c_ex.o(i.HAL_I2CEx_ConfigAnalogFilter)
    HAL_I2CEx_ConfigDigitalFilter            0x0800068b   Thumb Code   104  stm32g4xx_hal_i2c_ex.o(i.HAL_I2CEx_ConfigDigitalFilter)
    HAL_I2CEx_EnableFastModePlus             0x080006f5   Thumb Code    42  stm32g4xx_hal_i2c_ex.o(i.HAL_I2CEx_EnableFastModePlus)
    HAL_I2C_Init                             0x08000729   Thumb Code   212  stm32g4xx_hal_i2c.o(i.HAL_I2C_Init)
    HAL_I2C_MspInit                          0x08000801   Thumb Code   140  i2c.o(i.HAL_I2C_MspInit)
    HAL_IncTick                              0x08000899   Thumb Code    16  stm32g4xx_hal.o(i.HAL_IncTick)
    HAL_Init                                 0x080008b1   Thumb Code    30  stm32g4xx_hal.o(i.HAL_Init)
    HAL_InitTick                             0x080008d1   Thumb Code   134  stm32g4xx_hal_timebase_tim.o(i.HAL_InitTick)
    HAL_MspInit                              0x0800096d   Thumb Code    62  stm32g4xx_hal_msp.o(i.HAL_MspInit)
    HAL_NVIC_EnableIRQ                       0x080009b1   Thumb Code    40  stm32g4xx_hal_cortex.o(i.HAL_NVIC_EnableIRQ)
    HAL_NVIC_SetPriority                     0x080009d9   Thumb Code   122  stm32g4xx_hal_cortex.o(i.HAL_NVIC_SetPriority)
    HAL_NVIC_SetPriorityGrouping             0x08000a55   Thumb Code    32  stm32g4xx_hal_cortex.o(i.HAL_NVIC_SetPriorityGrouping)
    HAL_PWREx_ControlVoltageScaling          0x08000a7d   Thumb Code   268  stm32g4xx_hal_pwr_ex.o(i.HAL_PWREx_ControlVoltageScaling)
    HAL_PWREx_DisableUCPDDeadBattery         0x08000b95   Thumb Code    14  stm32g4xx_hal_pwr_ex.o(i.HAL_PWREx_DisableUCPDDeadBattery)
    HAL_RCCEx_PeriphCLKConfig                0x08000ba9   Thumb Code   872  stm32g4xx_hal_rcc_ex.o(i.HAL_RCCEx_PeriphCLKConfig)
    HAL_RCC_ClockConfig                      0x08000f19   Thumb Code   522  stm32g4xx_hal_rcc.o(i.HAL_RCC_ClockConfig)
    HAL_RCC_GetClockConfig                   0x0800113d   Thumb Code    58  stm32g4xx_hal_rcc.o(i.HAL_RCC_GetClockConfig)
    HAL_RCC_GetHCLKFreq                      0x08001181   Thumb Code     6  stm32g4xx_hal_rcc.o(i.HAL_RCC_GetHCLKFreq)
    HAL_RCC_GetPCLK1Freq                     0x0800118d   Thumb Code    26  stm32g4xx_hal_rcc.o(i.HAL_RCC_GetPCLK1Freq)
    HAL_RCC_GetPCLK2Freq                     0x080011b1   Thumb Code    26  stm32g4xx_hal_rcc.o(i.HAL_RCC_GetPCLK2Freq)
    HAL_RCC_GetSysClockFreq                  0x080011d5   Thumb Code   138  stm32g4xx_hal_rcc.o(i.HAL_RCC_GetSysClockFreq)
    HAL_RCC_OscConfig                        0x0800126d   Thumb Code  1360  stm32g4xx_hal_rcc.o(i.HAL_RCC_OscConfig)
    HAL_TIMEx_Break2Callback                 0x080017c9   Thumb Code     2  stm32g4xx_hal_tim_ex.o(i.HAL_TIMEx_Break2Callback)
    HAL_TIMEx_BreakCallback                  0x080017cb   Thumb Code     2  stm32g4xx_hal_tim_ex.o(i.HAL_TIMEx_BreakCallback)
    HAL_TIMEx_CommutCallback                 0x080017cd   Thumb Code     2  stm32g4xx_hal_tim_ex.o(i.HAL_TIMEx_CommutCallback)
    HAL_TIMEx_ConfigBreakDeadTime            0x080017d1   Thumb Code   192  stm32g4xx_hal_tim_ex.o(i.HAL_TIMEx_ConfigBreakDeadTime)
    HAL_TIMEx_DirectionChangeCallback        0x08001899   Thumb Code     2  stm32g4xx_hal_tim_ex.o(i.HAL_TIMEx_DirectionChangeCallback)
    HAL_TIMEx_EncoderIndexCallback           0x0800189b   Thumb Code     2  stm32g4xx_hal_tim_ex.o(i.HAL_TIMEx_EncoderIndexCallback)
    HAL_TIMEx_IndexErrorCallback             0x0800189d   Thumb Code     2  stm32g4xx_hal_tim_ex.o(i.HAL_TIMEx_IndexErrorCallback)
    HAL_TIMEx_MasterConfigSynchronization    0x080018a1   Thumb Code   158  stm32g4xx_hal_tim_ex.o(i.HAL_TIMEx_MasterConfigSynchronization)
    HAL_TIMEx_TransitionErrorCallback        0x08001959   Thumb Code     2  stm32g4xx_hal_tim_ex.o(i.HAL_TIMEx_TransitionErrorCallback)
    HAL_TIM_Base_Init                        0x0800195b   Thumb Code   110  stm32g4xx_hal_tim.o(i.HAL_TIM_Base_Init)
    HAL_TIM_Base_MspInit                     0x080019c9   Thumb Code     2  stm32g4xx_hal_tim.o(i.HAL_TIM_Base_MspInit)
    HAL_TIM_Base_Start_IT                    0x080019cd   Thumb Code   130  stm32g4xx_hal_tim.o(i.HAL_TIM_Base_Start_IT)
    HAL_TIM_IC_CaptureCallback               0x08001a69   Thumb Code     2  stm32g4xx_hal_tim.o(i.HAL_TIM_IC_CaptureCallback)
    HAL_TIM_IRQHandler                       0x08001a6b   Thumb Code   544  stm32g4xx_hal_tim.o(i.HAL_TIM_IRQHandler)
    HAL_TIM_MspPostInit                      0x08001c8d   Thumb Code   146  tim.o(i.HAL_TIM_MspPostInit)
    HAL_TIM_OC_ConfigChannel                 0x08001d2d   Thumb Code   144  stm32g4xx_hal_tim.o(i.HAL_TIM_OC_ConfigChannel)
    HAL_TIM_OC_DelayElapsedCallback          0x08001dbd   Thumb Code     2  stm32g4xx_hal_tim.o(i.HAL_TIM_OC_DelayElapsedCallback)
    HAL_TIM_OC_Init                          0x08001dbf   Thumb Code   110  stm32g4xx_hal_tim.o(i.HAL_TIM_OC_Init)
    HAL_TIM_OC_MspInit                       0x08001e2d   Thumb Code    58  tim.o(i.HAL_TIM_OC_MspInit)
    HAL_TIM_PWM_ConfigChannel                0x08001e71   Thumb Code   368  stm32g4xx_hal_tim.o(i.HAL_TIM_PWM_ConfigChannel)
    HAL_TIM_PWM_Init                         0x08001fe1   Thumb Code   110  stm32g4xx_hal_tim.o(i.HAL_TIM_PWM_Init)
    HAL_TIM_PWM_MspInit                      0x08002051   Thumb Code    40  tim.o(i.HAL_TIM_PWM_MspInit)
    HAL_TIM_PWM_PulseFinishedCallback        0x0800207d   Thumb Code     2  stm32g4xx_hal_tim.o(i.HAL_TIM_PWM_PulseFinishedCallback)
    HAL_TIM_PeriodElapsedCallback            0x08002081   Thumb Code    18  main.o(i.HAL_TIM_PeriodElapsedCallback)
    HAL_TIM_TriggerCallback                  0x08002099   Thumb Code     2  stm32g4xx_hal_tim.o(i.HAL_TIM_TriggerCallback)
    HAL_UARTEx_DisableFifoMode               0x0800209b   Thumb Code    78  stm32g4xx_hal_uart_ex.o(i.HAL_UARTEx_DisableFifoMode)
    HAL_UARTEx_RxEventCallback               0x080020e9   Thumb Code     2  stm32g4xx_hal_uart.o(i.HAL_UARTEx_RxEventCallback)
    HAL_UARTEx_RxFifoFullCallback            0x080020eb   Thumb Code     2  stm32g4xx_hal_uart_ex.o(i.HAL_UARTEx_RxFifoFullCallback)
    HAL_UARTEx_SetRxFifoThreshold            0x080020ed   Thumb Code    94  stm32g4xx_hal_uart_ex.o(i.HAL_UARTEx_SetRxFifoThreshold)
    HAL_UARTEx_SetTxFifoThreshold            0x0800214b   Thumb Code    94  stm32g4xx_hal_uart_ex.o(i.HAL_UARTEx_SetTxFifoThreshold)
    HAL_UARTEx_TxFifoEmptyCallback           0x080021a9   Thumb Code     2  stm32g4xx_hal_uart_ex.o(i.HAL_UARTEx_TxFifoEmptyCallback)
    HAL_UARTEx_WakeupCallback                0x080021ab   Thumb Code     2  stm32g4xx_hal_uart_ex.o(i.HAL_UARTEx_WakeupCallback)
    HAL_UART_ErrorCallback                   0x080021ad   Thumb Code     2  stm32g4xx_hal_uart.o(i.HAL_UART_ErrorCallback)
    HAL_UART_IRQHandler                      0x080021b1   Thumb Code   962  stm32g4xx_hal_uart.o(i.HAL_UART_IRQHandler)
    HAL_UART_Init                            0x08002581   Thumb Code   120  stm32g4xx_hal_uart.o(i.HAL_UART_Init)
    HAL_UART_MspInit                         0x080025f9   Thumb Code   278  usart.o(i.HAL_UART_MspInit)
    HAL_UART_Receive_IT                      0x08002721   Thumb Code    88  stm32g4xx_hal_uart.o(i.HAL_UART_Receive_IT)
    HAL_UART_RxCpltCallback                  0x0800277d   Thumb Code   164  main.o(i.HAL_UART_RxCpltCallback)
    HAL_UART_Transmit                        0x08002845   Thumb Code   194  stm32g4xx_hal_uart.o(i.HAL_UART_Transmit)
    HAL_UART_TxCpltCallback                  0x08002907   Thumb Code     2  stm32g4xx_hal_uart.o(i.HAL_UART_TxCpltCallback)
    HardFault_Handler                        0x08002909   Thumb Code     4  stm32g4xx_it.o(i.HardFault_Handler)
    LPUART1_IRQHandler                       0x0800290d   Thumb Code    10  stm32g4xx_it.o(i.LPUART1_IRQHandler)
    MX_GPIO_Init                             0x0800291d   Thumb Code   194  gpio.o(i.MX_GPIO_Init)
    MX_I2C1_Init                             0x080029e9   Thumb Code    82  i2c.o(i.MX_I2C1_Init)
    MX_LPUART1_UART_Init                     0x08002a49   Thumb Code    96  usart.o(i.MX_LPUART1_UART_Init)
    MX_TIM1_Init                             0x08002ab1   Thumb Code   186  tim.o(i.MX_TIM1_Init)
    MX_TIM2_Init                             0x08002b75   Thumb Code   118  tim.o(i.MX_TIM2_Init)
    MX_USART1_UART_Init                      0x08002bf1   Thumb Code    98  usart.o(i.MX_USART1_UART_Init)
    MemManage_Handler                        0x08002c5d   Thumb Code     4  stm32g4xx_it.o(i.MemManage_Handler)
    NMI_Handler                              0x08002c61   Thumb Code     4  stm32g4xx_it.o(i.NMI_Handler)
    PendSV_Handler                           0x08002c65   Thumb Code     2  stm32g4xx_it.o(i.PendSV_Handler)
    SVC_Handler                              0x08002cd1   Thumb Code     2  stm32g4xx_it.o(i.SVC_Handler)
    SysTick_Handler                          0x08002cd3   Thumb Code     2  stm32g4xx_it.o(i.SysTick_Handler)
    SystemClock_Config                       0x08002cd5   Thumb Code   110  main.o(i.SystemClock_Config)
    SystemInit                               0x08002d45   Thumb Code    14  system_stm32g4xx.o(i.SystemInit)
    TIM1_BRK_TIM15_IRQHandler                0x08002d59   Thumb Code    28  stm32g4xx_it.o(i.TIM1_BRK_TIM15_IRQHandler)
    TIM_Base_SetConfig                       0x08002d7d   Thumb Code   174  stm32g4xx_hal_tim.o(i.TIM_Base_SetConfig)
    TIM_OC2_SetConfig                        0x08002ef5   Thumb Code   156  stm32g4xx_hal_tim.o(i.TIM_OC2_SetConfig)
    UART_AdvFeatureConfig                    0x08003249   Thumb Code   248  stm32g4xx_hal_uart.o(i.UART_AdvFeatureConfig)
    UART_CheckIdleState                      0x08003341   Thumb Code   234  stm32g4xx_hal_uart.o(i.UART_CheckIdleState)
    UART_SetConfig                           0x08003ae1   Thumb Code   858  stm32g4xx_hal_uart.o(i.UART_SetConfig)
    UART_Start_Receive_IT                    0x08003e65   Thumb Code   332  stm32g4xx_hal_uart.o(i.UART_Start_Receive_IT)
    UART_WaitOnFlagUntilTimeout              0x08003fc1   Thumb Code   172  stm32g4xx_hal_uart.o(i.UART_WaitOnFlagUntilTimeout)
    USART1_IRQHandler                        0x0800406d   Thumb Code    10  stm32g4xx_it.o(i.USART1_IRQHandler)
    UsageFault_Handler                       0x0800407d   Thumb Code     4  stm32g4xx_it.o(i.UsageFault_Handler)
    __0printf$3                              0x08004081   Thumb Code    22  printf3.o(i.__0printf$3)
    __1printf$3                              0x08004081   Thumb Code     0  printf3.o(i.__0printf$3)
    __2printf                                0x08004081   Thumb Code     0  printf3.o(i.__0printf$3)
    __scatterload_copy                       0x080040d9   Thumb Code    14  handlers.o(i.__scatterload_copy)
    __scatterload_null                       0x080040e7   Thumb Code     2  handlers.o(i.__scatterload_null)
    __scatterload_zeroinit                   0x080040e9   Thumb Code    14  handlers.o(i.__scatterload_zeroinit)
    display_menu                             0x080042b1   Thumb Code    54  main.o(i.display_menu)
    fputc                                    0x0800436d   Thumb Code    22  main.o(i.fputc)
    key_proc                                 0x08004389   Thumb Code   188  main.o(i.key_proc)
    main                                     0x080044c9   Thumb Code    86  main.o(i.main)
    update_highli                            0x08004555   Thumb Code    28  main.o(i.update_highli)
    menu                                     0x08004578   Data         128  main.o(.constdata)
    UARTPrescTable                           0x080045f8   Data          24  stm32g4xx_hal_uart.o(.constdata)
    AHBPrescTable                            0x08004620   Data          16  system_stm32g4xx.o(.constdata)
    APBPrescTable                            0x08004630   Data           8  system_stm32g4xx.o(.constdata)
    Region$$Table$$Base                      0x08004638   Number         0  anon$$obj.o(Region$$Table)
    Region$$Table$$Limit                     0x08004658   Number         0  anon$$obj.o(Region$$Table)
    slec_flag                                0x20000000   Data           1  main.o(.data)
    highli                                   0x20000001   Data           4  main.o(.data)
    rx_data                                  0x20000005   Data           1  main.o(.data)
    cut_down                                 0x20000006   Data           1  main.o(.data)
    rx_cnt                                   0x20000008   Data           2  main.o(.data)
    rx_line_done                             0x2000000a   Data           1  main.o(.data)
    rx_temp                                  0x2000000b   Data           1  main.o(.data)
    uart1_rx_idx                             0x2000000c   Data           2  main.o(.data)
    uart1_rx_complete                        0x2000000e   Data           1  main.o(.data)
    uwTick                                   0x20000010   Data           4  stm32g4xx_hal.o(.data)
    uwTickPrio                               0x20000014   Data           4  stm32g4xx_hal.o(.data)
    uwTickFreq                               0x20000018   Data           4  stm32g4xx_hal.o(.data)
    SystemCoreClock                          0x2000001c   Data           4  system_stm32g4xx.o(.data)
    __stdout                                 0x20000020   Data           4  stdout.o(.data)
    rx_buf                                   0x20000024   Data          64  main.o(.bss)
    uart1_rx_buf                             0x20000064   Data         128  main.o(.bss)
    hi2c1                                    0x200000e4   Data          84  i2c.o(.bss)
    hlpuart1                                 0x20000138   Data         148  usart.o(.bss)
    huart1                                   0x200001cc   Data         148  usart.o(.bss)
    htim1                                    0x20000260   Data          76  tim.o(.bss)
    htim2                                    0x200002ac   Data          76  tim.o(.bss)
    htim15                                   0x200002f8   Data          76  stm32g4xx_hal_timebase_tim.o(.bss)
    __initial_sp                             0x20000748   Data           0  startup_stm32g431xx.o(STACK)



==============================================================================

Memory Map of the image

  Image Entry point : 0x080001d9

  Load Region LR_IROM1 (Base: 0x08000000, Size: 0x0000467c, Max: 0x00020000, ABSOLUTE)

    Execution Region ER_IROM1 (Exec base: 0x08000000, Load base: 0x08000000, Size: 0x00004658, Max: 0x00020000, ABSOLUTE)

    Exec Addr    Load Addr    Size         Type   Attr      Idx    E Section Name        Object

    0x08000000   0x08000000   0x000001d8   Data   RO            3    RESET               startup_stm32g431xx.o
    0x080001d8   0x080001d8   0x00000000   Code   RO         4391  * .ARM.Collect$$$$00000000  mc_w.l(entry.o)
    0x080001d8   0x080001d8   0x00000004   Code   RO         4659    .ARM.Collect$$$$00000001  mc_w.l(entry2.o)
    0x080001dc   0x080001dc   0x00000004   Code   RO         4662    .ARM.Collect$$$$00000004  mc_w.l(entry5.o)
    0x080001e0   0x080001e0   0x00000000   Code   RO         4664    .ARM.Collect$$$$00000008  mc_w.l(entry7b.o)
    0x080001e0   0x080001e0   0x00000000   Code   RO         4666    .ARM.Collect$$$$0000000A  mc_w.l(entry8b.o)
    0x080001e0   0x080001e0   0x00000008   Code   RO         4667    .ARM.Collect$$$$0000000B  mc_w.l(entry9a.o)
    0x080001e8   0x080001e8   0x00000000   Code   RO         4669    .ARM.Collect$$$$0000000D  mc_w.l(entry10a.o)
    0x080001e8   0x080001e8   0x00000000   Code   RO         4671    .ARM.Collect$$$$0000000F  mc_w.l(entry11a.o)
    0x080001e8   0x080001e8   0x00000004   Code   RO         4660    .ARM.Collect$$$$00002712  mc_w.l(entry2.o)
    0x080001ec   0x080001ec   0x00000024   Code   RO            4    .text               startup_stm32g431xx.o
    0x08000210   0x08000210   0x00000062   Code   RO         4394    .text               mc_w.l(uldiv.o)
    0x08000272   0x08000272   0x00000024   Code   RO         4396    .text               mc_w.l(memseta.o)
    0x08000296   0x08000296   0x0000002c   Code   RO         4674    .text               mc_w.l(uidiv.o)
    0x080002c2   0x080002c2   0x0000001e   Code   RO         4676    .text               mc_w.l(llshl.o)
    0x080002e0   0x080002e0   0x00000020   Code   RO         4678    .text               mc_w.l(llushr.o)
    0x08000300   0x08000300   0x00000024   Code   RO         4691    .text               mc_w.l(init.o)
    0x08000324   0x08000324   0x00000004   Code   RO          400    i.BusFault_Handler  stm32g4xx_it.o
    0x08000328   0x08000328   0x00000002   Code   RO          401    i.DebugMon_Handler  stm32g4xx_it.o
    0x0800032a   0x0800032a   0x00000006   Code   RO           13    i.Error_Handler     main.o
    0x08000330   0x08000330   0x00000076   Code   RO         3153    i.HAL_DMA_Abort     stm32g4xx_hal_dma.o
    0x080003a6   0x080003a6   0x00000094   Code   RO         3154    i.HAL_DMA_Abort_IT  stm32g4xx_hal_dma.o
    0x0800043a   0x0800043a   0x00000002   PAD
    0x0800043c   0x0800043c   0x000001cc   Code   RO         3015    i.HAL_GPIO_Init     stm32g4xx_hal_gpio.o
    0x08000608   0x08000608   0x0000000a   Code   RO         3019    i.HAL_GPIO_WritePin  stm32g4xx_hal_gpio.o
    0x08000612   0x08000612   0x00000002   PAD
    0x08000614   0x08000614   0x0000000c   Code   RO         2250    i.HAL_GetTick       stm32g4xx_hal.o
    0x08000620   0x08000620   0x0000006a   Code   RO         2185    i.HAL_I2CEx_ConfigAnalogFilter  stm32g4xx_hal_i2c_ex.o
    0x0800068a   0x0800068a   0x00000068   Code   RO         2186    i.HAL_I2CEx_ConfigDigitalFilter  stm32g4xx_hal_i2c_ex.o
    0x080006f2   0x080006f2   0x00000002   PAD
    0x080006f4   0x080006f4   0x00000034   Code   RO         2189    i.HAL_I2CEx_EnableFastModePlus  stm32g4xx_hal_i2c_ex.o
    0x08000728   0x08000728   0x000000d8   Code   RO         1724    i.HAL_I2C_Init      stm32g4xx_hal_i2c.o
    0x08000800   0x08000800   0x00000098   Code   RO          245    i.HAL_I2C_MspInit   i2c.o
    0x08000898   0x08000898   0x00000018   Code   RO         2256    i.HAL_IncTick       stm32g4xx_hal.o
    0x080008b0   0x080008b0   0x0000001e   Code   RO         2257    i.HAL_Init          stm32g4xx_hal.o
    0x080008ce   0x080008ce   0x00000002   PAD
    0x080008d0   0x080008d0   0x0000009c   Code   RO          518    i.HAL_InitTick      stm32g4xx_hal_timebase_tim.o
    0x0800096c   0x0800096c   0x00000044   Code   RO          494    i.HAL_MspInit       stm32g4xx_hal_msp.o
    0x080009b0   0x080009b0   0x00000028   Code   RO         3664    i.HAL_NVIC_EnableIRQ  stm32g4xx_hal_cortex.o
    0x080009d8   0x080009d8   0x0000007a   Code   RO         3670    i.HAL_NVIC_SetPriority  stm32g4xx_hal_cortex.o
    0x08000a52   0x08000a52   0x00000002   PAD
    0x08000a54   0x08000a54   0x00000028   Code   RO         3671    i.HAL_NVIC_SetPriorityGrouping  stm32g4xx_hal_cortex.o
    0x08000a7c   0x08000a7c   0x00000118   Code   RO         3418    i.HAL_PWREx_ControlVoltageScaling  stm32g4xx_hal_pwr_ex.o
    0x08000b94   0x08000b94   0x00000014   Code   RO         3430    i.HAL_PWREx_DisableUCPDDeadBattery  stm32g4xx_hal_pwr_ex.o
    0x08000ba8   0x08000ba8   0x00000370   Code   RO         2622    i.HAL_RCCEx_PeriphCLKConfig  stm32g4xx_hal_rcc_ex.o
    0x08000f18   0x08000f18   0x00000224   Code   RO         2492    i.HAL_RCC_ClockConfig  stm32g4xx_hal_rcc.o
    0x0800113c   0x0800113c   0x00000044   Code   RO         2497    i.HAL_RCC_GetClockConfig  stm32g4xx_hal_rcc.o
    0x08001180   0x08001180   0x0000000c   Code   RO         2498    i.HAL_RCC_GetHCLKFreq  stm32g4xx_hal_rcc.o
    0x0800118c   0x0800118c   0x00000024   Code   RO         2500    i.HAL_RCC_GetPCLK1Freq  stm32g4xx_hal_rcc.o
    0x080011b0   0x080011b0   0x00000024   Code   RO         2501    i.HAL_RCC_GetPCLK2Freq  stm32g4xx_hal_rcc.o
    0x080011d4   0x080011d4   0x00000098   Code   RO         2502    i.HAL_RCC_GetSysClockFreq  stm32g4xx_hal_rcc.o
    0x0800126c   0x0800126c   0x0000055c   Code   RO         2505    i.HAL_RCC_OscConfig  stm32g4xx_hal_rcc.o
    0x080017c8   0x080017c8   0x00000002   Code   RO         1284    i.HAL_TIMEx_Break2Callback  stm32g4xx_hal_tim_ex.o
    0x080017ca   0x080017ca   0x00000002   Code   RO         1285    i.HAL_TIMEx_BreakCallback  stm32g4xx_hal_tim_ex.o
    0x080017cc   0x080017cc   0x00000002   Code   RO         1286    i.HAL_TIMEx_CommutCallback  stm32g4xx_hal_tim_ex.o
    0x080017ce   0x080017ce   0x00000002   PAD
    0x080017d0   0x080017d0   0x000000c8   Code   RO         1289    i.HAL_TIMEx_ConfigBreakDeadTime  stm32g4xx_hal_tim_ex.o
    0x08001898   0x08001898   0x00000002   Code   RO         1297    i.HAL_TIMEx_DirectionChangeCallback  stm32g4xx_hal_tim_ex.o
    0x0800189a   0x0800189a   0x00000002   Code   RO         1311    i.HAL_TIMEx_EncoderIndexCallback  stm32g4xx_hal_tim_ex.o
    0x0800189c   0x0800189c   0x00000002   Code   RO         1325    i.HAL_TIMEx_IndexErrorCallback  stm32g4xx_hal_tim_ex.o
    0x0800189e   0x0800189e   0x00000002   PAD
    0x080018a0   0x080018a0   0x000000b8   Code   RO         1326    i.HAL_TIMEx_MasterConfigSynchronization  stm32g4xx_hal_tim_ex.o
    0x08001958   0x08001958   0x00000002   Code   RO         1347    i.HAL_TIMEx_TransitionErrorCallback  stm32g4xx_hal_tim_ex.o
    0x0800195a   0x0800195a   0x0000006e   Code   RO          559    i.HAL_TIM_Base_Init  stm32g4xx_hal_tim.o
    0x080019c8   0x080019c8   0x00000002   Code   RO          561    i.HAL_TIM_Base_MspInit  stm32g4xx_hal_tim.o
    0x080019ca   0x080019ca   0x00000002   PAD
    0x080019cc   0x080019cc   0x0000009c   Code   RO          564    i.HAL_TIM_Base_Start_IT  stm32g4xx_hal_tim.o
    0x08001a68   0x08001a68   0x00000002   Code   RO          593    i.HAL_TIM_IC_CaptureCallback  stm32g4xx_hal_tim.o
    0x08001a6a   0x08001a6a   0x00000220   Code   RO          607    i.HAL_TIM_IRQHandler  stm32g4xx_hal_tim.o
    0x08001c8a   0x08001c8a   0x00000002   PAD
    0x08001c8c   0x08001c8c   0x000000a0   Code   RO          334    i.HAL_TIM_MspPostInit  tim.o
    0x08001d2c   0x08001d2c   0x00000090   Code   RO          608    i.HAL_TIM_OC_ConfigChannel  stm32g4xx_hal_tim.o
    0x08001dbc   0x08001dbc   0x00000002   Code   RO          610    i.HAL_TIM_OC_DelayElapsedCallback  stm32g4xx_hal_tim.o
    0x08001dbe   0x08001dbe   0x0000006e   Code   RO          612    i.HAL_TIM_OC_Init   stm32g4xx_hal_tim.o
    0x08001e2c   0x08001e2c   0x00000044   Code   RO          336    i.HAL_TIM_OC_MspInit  tim.o
    0x08001e70   0x08001e70   0x00000170   Code   RO          631    i.HAL_TIM_PWM_ConfigChannel  stm32g4xx_hal_tim.o
    0x08001fe0   0x08001fe0   0x0000006e   Code   RO          634    i.HAL_TIM_PWM_Init  stm32g4xx_hal_tim.o
    0x0800204e   0x0800204e   0x00000002   PAD
    0x08002050   0x08002050   0x0000002c   Code   RO          338    i.HAL_TIM_PWM_MspInit  tim.o
    0x0800207c   0x0800207c   0x00000002   Code   RO          637    i.HAL_TIM_PWM_PulseFinishedCallback  stm32g4xx_hal_tim.o
    0x0800207e   0x0800207e   0x00000002   PAD
    0x08002080   0x08002080   0x00000018   Code   RO           14    i.HAL_TIM_PeriodElapsedCallback  main.o
    0x08002098   0x08002098   0x00000002   Code   RO          650    i.HAL_TIM_TriggerCallback  stm32g4xx_hal_tim.o
    0x0800209a   0x0800209a   0x0000004e   Code   RO         4234    i.HAL_UARTEx_DisableFifoMode  stm32g4xx_hal_uart_ex.o
    0x080020e8   0x080020e8   0x00000002   Code   RO         3818    i.HAL_UARTEx_RxEventCallback  stm32g4xx_hal_uart.o
    0x080020ea   0x080020ea   0x00000002   Code   RO         4242    i.HAL_UARTEx_RxFifoFullCallback  stm32g4xx_hal_uart_ex.o
    0x080020ec   0x080020ec   0x0000005e   Code   RO         4243    i.HAL_UARTEx_SetRxFifoThreshold  stm32g4xx_hal_uart_ex.o
    0x0800214a   0x0800214a   0x0000005e   Code   RO         4244    i.HAL_UARTEx_SetTxFifoThreshold  stm32g4xx_hal_uart_ex.o
    0x080021a8   0x080021a8   0x00000002   Code   RO         4246    i.HAL_UARTEx_TxFifoEmptyCallback  stm32g4xx_hal_uart_ex.o
    0x080021aa   0x080021aa   0x00000002   Code   RO         4247    i.HAL_UARTEx_WakeupCallback  stm32g4xx_hal_uart_ex.o
    0x080021ac   0x080021ac   0x00000002   Code   RO         3834    i.HAL_UART_ErrorCallback  stm32g4xx_hal_uart.o
    0x080021ae   0x080021ae   0x00000002   PAD
    0x080021b0   0x080021b0   0x000003d0   Code   RO         3837    i.HAL_UART_IRQHandler  stm32g4xx_hal_uart.o
    0x08002580   0x08002580   0x00000078   Code   RO         3838    i.HAL_UART_Init     stm32g4xx_hal_uart.o
    0x080025f8   0x080025f8   0x00000128   Code   RO          287    i.HAL_UART_MspInit  usart.o
    0x08002720   0x08002720   0x0000005c   Code   RO         3843    i.HAL_UART_Receive_IT  stm32g4xx_hal_uart.o
    0x0800277c   0x0800277c   0x000000c8   Code   RO           15    i.HAL_UART_RxCpltCallback  main.o
    0x08002844   0x08002844   0x000000c2   Code   RO         3847    i.HAL_UART_Transmit  stm32g4xx_hal_uart.o
    0x08002906   0x08002906   0x00000002   Code   RO         3850    i.HAL_UART_TxCpltCallback  stm32g4xx_hal_uart.o
    0x08002908   0x08002908   0x00000004   Code   RO          402    i.HardFault_Handler  stm32g4xx_it.o
    0x0800290c   0x0800290c   0x00000010   Code   RO          403    i.LPUART1_IRQHandler  stm32g4xx_it.o
    0x0800291c   0x0800291c   0x000000cc   Code   RO          220    i.MX_GPIO_Init      gpio.o
    0x080029e8   0x080029e8   0x00000060   Code   RO          246    i.MX_I2C1_Init      i2c.o
    0x08002a48   0x08002a48   0x00000068   Code   RO          288    i.MX_LPUART1_UART_Init  usart.o
    0x08002ab0   0x08002ab0   0x000000c4   Code   RO          339    i.MX_TIM1_Init      tim.o
    0x08002b74   0x08002b74   0x0000007c   Code   RO          340    i.MX_TIM2_Init      tim.o
    0x08002bf0   0x08002bf0   0x0000006c   Code   RO          289    i.MX_USART1_UART_Init  usart.o
    0x08002c5c   0x08002c5c   0x00000004   Code   RO          404    i.MemManage_Handler  stm32g4xx_it.o
    0x08002c60   0x08002c60   0x00000004   Code   RO          405    i.NMI_Handler       stm32g4xx_it.o
    0x08002c64   0x08002c64   0x00000002   Code   RO          406    i.PendSV_Handler    stm32g4xx_it.o
    0x08002c66   0x08002c66   0x00000002   PAD
    0x08002c68   0x08002c68   0x00000068   Code   RO         2506    i.RCC_GetSysClockFreqFromPLLSource  stm32g4xx_hal_rcc.o
    0x08002cd0   0x08002cd0   0x00000002   Code   RO          407    i.SVC_Handler       stm32g4xx_it.o
    0x08002cd2   0x08002cd2   0x00000002   Code   RO          408    i.SysTick_Handler   stm32g4xx_it.o
    0x08002cd4   0x08002cd4   0x0000006e   Code   RO           16    i.SystemClock_Config  main.o
    0x08002d42   0x08002d42   0x00000002   PAD
    0x08002d44   0x08002d44   0x00000014   Code   RO         4358    i.SystemInit        system_stm32g4xx.o
    0x08002d58   0x08002d58   0x00000024   Code   RO          409    i.TIM1_BRK_TIM15_IRQHandler  stm32g4xx_it.o
    0x08002d7c   0x08002d7c   0x000000cc   Code   RO          652    i.TIM_Base_SetConfig  stm32g4xx_hal_tim.o
    0x08002e48   0x08002e48   0x000000ac   Code   RO          665    i.TIM_OC1_SetConfig  stm32g4xx_hal_tim.o
    0x08002ef4   0x08002ef4   0x000000b4   Code   RO          666    i.TIM_OC2_SetConfig  stm32g4xx_hal_tim.o
    0x08002fa8   0x08002fa8   0x000000b4   Code   RO          667    i.TIM_OC3_SetConfig  stm32g4xx_hal_tim.o
    0x0800305c   0x0800305c   0x000000b4   Code   RO          668    i.TIM_OC4_SetConfig  stm32g4xx_hal_tim.o
    0x08003110   0x08003110   0x00000070   Code   RO          669    i.TIM_OC5_SetConfig  stm32g4xx_hal_tim.o
    0x08003180   0x08003180   0x00000070   Code   RO          670    i.TIM_OC6_SetConfig  stm32g4xx_hal_tim.o
    0x080031f0   0x080031f0   0x00000058   Code   RO         4248    i.UARTEx_SetNbDataToProcess  stm32g4xx_hal_uart_ex.o
    0x08003248   0x08003248   0x000000f8   Code   RO         3852    i.UART_AdvFeatureConfig  stm32g4xx_hal_uart.o
    0x08003340   0x08003340   0x000000ea   Code   RO         3853    i.UART_CheckIdleState  stm32g4xx_hal_uart.o
    0x0800342a   0x0800342a   0x00000014   Code   RO         3854    i.UART_DMAAbortOnError  stm32g4xx_hal_uart.o
    0x0800343e   0x0800343e   0x00000002   PAD
    0x08003440   0x08003440   0x0000006c   Code   RO         3864    i.UART_EndRxTransfer  stm32g4xx_hal_uart.o
    0x080034ac   0x080034ac   0x00000030   Code   RO         3865    i.UART_EndTransmit_IT  stm32g4xx_hal_uart.o
    0x080034dc   0x080034dc   0x00000104   Code   RO         3867    i.UART_RxISR_16BIT  stm32g4xx_hal_uart.o
    0x080035e0   0x080035e0   0x00000200   Code   RO         3868    i.UART_RxISR_16BIT_FIFOEN  stm32g4xx_hal_uart.o
    0x080037e0   0x080037e0   0x00000104   Code   RO         3869    i.UART_RxISR_8BIT   stm32g4xx_hal_uart.o
    0x080038e4   0x080038e4   0x000001fc   Code   RO         3870    i.UART_RxISR_8BIT_FIFOEN  stm32g4xx_hal_uart.o
    0x08003ae0   0x08003ae0   0x00000384   Code   RO         3871    i.UART_SetConfig    stm32g4xx_hal_uart.o
    0x08003e64   0x08003e64   0x0000015c   Code   RO         3873    i.UART_Start_Receive_IT  stm32g4xx_hal_uart.o
    0x08003fc0   0x08003fc0   0x000000ac   Code   RO         3878    i.UART_WaitOnFlagUntilTimeout  stm32g4xx_hal_uart.o
    0x0800406c   0x0800406c   0x00000010   Code   RO          410    i.USART1_IRQHandler  stm32g4xx_it.o
    0x0800407c   0x0800407c   0x00000004   Code   RO          411    i.UsageFault_Handler  stm32g4xx_it.o
    0x08004080   0x08004080   0x00000020   Code   RO         4487    i.__0printf$3       mc_w.l(printf3.o)
    0x080040a0   0x080040a0   0x00000010   Code   RO         3677    i.__NVIC_GetPriorityGrouping  stm32g4xx_hal_cortex.o
    0x080040b0   0x080040b0   0x00000028   Code   RO         3678    i.__NVIC_SetPriority  stm32g4xx_hal_cortex.o
    0x080040d8   0x080040d8   0x0000000e   Code   RO         4699    i.__scatterload_copy  mc_w.l(handlers.o)
    0x080040e6   0x080040e6   0x00000002   Code   RO         4700    i.__scatterload_null  mc_w.l(handlers.o)
    0x080040e8   0x080040e8   0x0000000e   Code   RO         4701    i.__scatterload_zeroinit  mc_w.l(handlers.o)
    0x080040f6   0x080040f6   0x00000002   PAD
    0x080040f8   0x080040f8   0x000001b8   Code   RO         4494    i._printf_core      mc_w.l(printf3.o)
    0x080042b0   0x080042b0   0x000000bc   Code   RO           17    i.display_menu      main.o
    0x0800436c   0x0800436c   0x0000001c   Code   RO           18    i.fputc             main.o
    0x08004388   0x08004388   0x00000140   Code   RO           19    i.key_proc          main.o
    0x080044c8   0x080044c8   0x0000008c   Code   RO           20    i.main              main.o
    0x08004554   0x08004554   0x00000024   Code   RO           21    i.update_highli     main.o
    0x08004578   0x08004578   0x00000080   Data   RO           23    .constdata          main.o
    0x080045f8   0x080045f8   0x00000018   Data   RO         3879    .constdata          stm32g4xx_hal_uart.o
    0x08004610   0x08004610   0x00000010   Data   RO         4250    .constdata          stm32g4xx_hal_uart_ex.o
    0x08004620   0x08004620   0x00000018   Data   RO         4359    .constdata          system_stm32g4xx.o
    0x08004638   0x08004638   0x00000020   Data   RO         4697    Region$$Table       anon$$obj.o


    Execution Region RW_IRAM1 (Exec base: 0x20000000, Load base: 0x08004658, Size: 0x00000748, Max: 0x00008000, ABSOLUTE)

    Exec Addr    Load Addr    Size         Type   Attr      Idx    E Section Name        Object

    0x20000000   0x08004658   0x0000000f   Data   RW           24    .data               main.o
    0x2000000f   0x08004667   0x00000001   PAD
    0x20000010   0x08004668   0x0000000c   Data   RW         2277    .data               stm32g4xx_hal.o
    0x2000001c   0x08004674   0x00000004   Data   RW         4360    .data               system_stm32g4xx.o
    0x20000020   0x08004678   0x00000004   Data   RW         4673    .data               mc_w.l(stdout.o)
    0x20000024        -       0x000000c0   Zero   RW           22    .bss                main.o
    0x200000e4        -       0x00000054   Zero   RW          247    .bss                i2c.o
    0x20000138        -       0x00000128   Zero   RW          290    .bss                usart.o
    0x20000260        -       0x00000098   Zero   RW          341    .bss                tim.o
    0x200002f8        -       0x0000004c   Zero   RW          521    .bss                stm32g4xx_hal_timebase_tim.o
    0x20000344   0x0800467c   0x00000004   PAD
    0x20000348        -       0x00000400   Zero   RW            1    STACK               startup_stm32g431xx.o


==============================================================================

Image component sizes


      Code (inc. data)   RO Data    RW Data    ZI Data      Debug   Object Name

       204         10          0          0          0        955   gpio.o
       248         26          0          0         84       1693   i2c.o
      1052        376        128         15        192     651205   main.o
        36          8        472          0       1024        828   startup_stm32g431xx.o
        66         14          0         12          0       2954   stm32g4xx_hal.o
       258         22          0          0          0      33514   stm32g4xx_hal_cortex.o
       266          0          0          0          0       1743   stm32g4xx_hal_dma.o
       470         32          0          0          0       2028   stm32g4xx_hal_gpio.o
       216          4          0          0          0       2751   stm32g4xx_hal_i2c.o
       262         10          0          0          0       2582   stm32g4xx_hal_i2c_ex.o
        68          6          0          0          0        838   stm32g4xx_hal_msp.o
       300         18          0          0          0       1389   stm32g4xx_hal_pwr_ex.o
      2328        116          0          0          0       7817   stm32g4xx_hal_rcc.o
       880          8          0          0          0       1864   stm32g4xx_hal_rcc_ex.o
      2692        206          0          0          0      14366   stm32g4xx_hal_tim.o
       398         34          0          0          0       6316   stm32g4xx_hal_tim_ex.o
       156         22          0          0         76       1396   stm32g4xx_hal_timebase_tim.o
      5006        136         24          0          0      37642   stm32g4xx_hal_uart.o
       360         10         16          0          0       5362   stm32g4xx_hal_uart_ex.o
        96         20          0          0          0       5603   stm32g4xx_it.o
        20          6         24          4          0       1103   system_stm32g4xx.o
       592         44          0          0        152       3645   tim.o
       508         36          0          0        296       2470   usart.o

    ----------------------------------------------------------------------
     16512       1164        696         32       1828     790064   Object Totals
         0          0         32          0          0          0   (incl. Generated)
        30          0          0          1          4          0   (incl. Padding)

    ----------------------------------------------------------------------

      Code (inc. data)   RO Data    RW Data    ZI Data      Debug   Library Member Name

         0          0          0          0          0          0   entry.o
         0          0          0          0          0          0   entry10a.o
         0          0          0          0          0          0   entry11a.o
         8          4          0          0          0          0   entry2.o
         4          0          0          0          0          0   entry5.o
         0          0          0          0          0          0   entry7b.o
         0          0          0          0          0          0   entry8b.o
         8          4          0          0          0          0   entry9a.o
        30          0          0          0          0          0   handlers.o
        36          8          0          0          0         68   init.o
        30          0          0          0          0         68   llshl.o
        32          0          0          0          0         68   llushr.o
        36          0          0          0          0        108   memseta.o
       472         14          0          0          0        184   printf3.o
         0          0          0          4          0          0   stdout.o
        44          0          0          0          0         80   uidiv.o
        98          0          0          0          0         92   uldiv.o

    ----------------------------------------------------------------------
       800         30          0          4          0        668   Library Totals
         2          0          0          0          0          0   (incl. Padding)

    ----------------------------------------------------------------------

      Code (inc. data)   RO Data    RW Data    ZI Data      Debug   Library Name

       798         30          0          4          0        668   mc_w.l

    ----------------------------------------------------------------------
       800         30          0          4          0        668   Library Totals

    ----------------------------------------------------------------------

==============================================================================


      Code (inc. data)   RO Data    RW Data    ZI Data      Debug   

     17312       1194        696         36       1828     779676   Grand Totals
     17312       1194        696         36       1828     779676   ELF Image Totals
     17312       1194        696         36          0          0   ROM Totals

==============================================================================

    Total RO  Size (Code + RO Data)                18008 (  17.59kB)
    Total RW  Size (RW Data + ZI Data)              1864 (   1.82kB)
    Total ROM Size (Code + RO Data + RW Data)      18044 (  17.62kB)

==============================================================================

